Component: ARM Compiler 6.16 Tool: armlink [5dfeaa00]

==============================================================================

Section Cross References

    startup_stm32f407xx.o(STACK) refers (Special) to heapauxi.o(.text) for __use_two_region_memory
    startup_stm32f407xx.o(HEAP) refers (Special) to heapauxi.o(.text) for __use_two_region_memory
    startup_stm32f407xx.o(RESET) refers (Special) to heapauxi.o(.text) for __use_two_region_memory
    startup_stm32f407xx.o(RESET) refers to startup_stm32f407xx.o(STACK) for __initial_sp
    startup_stm32f407xx.o(RESET) refers to startup_stm32f407xx.o(.text) for Reset_Handler
    startup_stm32f407xx.o(RESET) refers to stm32f4xx_it.o(.text.NMI_Handler) for NMI_Handler
    startup_stm32f407xx.o(RESET) refers to stm32f4xx_it.o(.text.HardFault_Handler) for HardFault_Handler
    startup_stm32f407xx.o(RESET) refers to stm32f4xx_it.o(.text.MemManage_Handler) for MemManage_Handler
    startup_stm32f407xx.o(RESET) refers to stm32f4xx_it.o(.text.BusFault_Handler) for BusFault_Handler
    startup_stm32f407xx.o(RESET) refers to stm32f4xx_it.o(.text.UsageFault_Handler) for UsageFault_Handler
    startup_stm32f407xx.o(RESET) refers to port.o(.text.SVC_Handler) for SVC_Handler
    startup_stm32f407xx.o(RESET) refers to stm32f4xx_it.o(.text.DebugMon_Handler) for DebugMon_Handler
    startup_stm32f407xx.o(RESET) refers to port.o(.text.PendSV_Handler) for PendSV_Handler
    startup_stm32f407xx.o(RESET) refers to port.o(.text.SysTick_Handler) for SysTick_Handler
    startup_stm32f407xx.o(RESET) refers to stm32f4xx_it.o(.text.DMA1_Stream1_IRQHandler) for DMA1_Stream1_IRQHandler
    startup_stm32f407xx.o(RESET) refers to stm32f4xx_it.o(.text.DMA1_Stream5_IRQHandler) for DMA1_Stream5_IRQHandler
    startup_stm32f407xx.o(RESET) refers to stm32f4xx_it.o(.text.DMA1_Stream6_IRQHandler) for DMA1_Stream6_IRQHandler
    startup_stm32f407xx.o(RESET) refers to stm32f4xx_it.o(.text.CAN1_RX0_IRQHandler) for CAN1_RX0_IRQHandler
    startup_stm32f407xx.o(RESET) refers to stm32f4xx_it.o(.text.TIM1_UP_TIM10_IRQHandler) for TIM1_UP_TIM10_IRQHandler
    startup_stm32f407xx.o(RESET) refers to stm32f4xx_it.o(.text.USART2_IRQHandler) for USART2_IRQHandler
    startup_stm32f407xx.o(RESET) refers to stm32f4xx_it.o(.text.USART3_IRQHandler) for USART3_IRQHandler
    startup_stm32f407xx.o(RESET) refers to stm32f4xx_it.o(.text.DMA2_Stream2_IRQHandler) for DMA2_Stream2_IRQHandler
    startup_stm32f407xx.o(RESET) refers to stm32f4xx_it.o(.text.DMA2_Stream3_IRQHandler) for DMA2_Stream3_IRQHandler
    startup_stm32f407xx.o(RESET) refers to stm32f4xx_it.o(.text.CAN2_RX0_IRQHandler) for CAN2_RX0_IRQHandler
    startup_stm32f407xx.o(.text) refers (Special) to heapauxi.o(.text) for __use_two_region_memory
    startup_stm32f407xx.o(.text) refers to system_stm32f4xx.o(.text.SystemInit) for SystemInit
    startup_stm32f407xx.o(.text) refers to __main.o(!!!main) for __main
    startup_stm32f407xx.o(.text) refers to startup_stm32f407xx.o(HEAP) for Heap_Mem
    startup_stm32f407xx.o(.text) refers to startup_stm32f407xx.o(STACK) for Stack_Mem
    main_1.o(.text.main) refers to stm32f4xx_hal.o(.text.HAL_Init) for HAL_Init
    main_1.o(.text.main) refers to main_1.o(.text.SystemClock_Config) for SystemClock_Config
    main_1.o(.text.main) refers to gpio.o(.text.MX_GPIO_Init) for MX_GPIO_Init
    main_1.o(.text.main) refers to dma.o(.text.MX_DMA_Init) for MX_DMA_Init
    main_1.o(.text.main) refers to usart.o(.text.MX_USART3_UART_Init) for MX_USART3_UART_Init
    main_1.o(.text.main) refers to can.o(.text.MX_CAN1_Init) for MX_CAN1_Init
    main_1.o(.text.main) refers to can.o(.text.MX_CAN2_Init) for MX_CAN2_Init
    main_1.o(.text.main) refers to spi.o(.text.MX_SPI1_Init) for MX_SPI1_Init
    main_1.o(.text.main) refers to tim.o(.text.MX_TIM10_Init) for MX_TIM10_Init
    main_1.o(.text.main) refers to usart.o(.text.MX_USART2_UART_Init) for MX_USART2_UART_Init
    main_1.o(.text.main) refers to bsp_can.o(.text.ECF_CAN_Init) for ECF_CAN_Init
    main_1.o(.text.main) refers to rc.o(.text.ECF_RC_Init) for ECF_RC_Init
    main_1.o(.text.main) refers to freertos.o(.text.MX_FREERTOS_Init) for MX_FREERTOS_Init
    main_1.o(.text.main) refers to cmsis_os.o(.text.osKernelStart) for osKernelStart
    main_1.o(.ARM.exidx.text.main) refers to main_1.o(.text.main) for [Anonymous Symbol]
    main_1.o(.text.SystemClock_Config) refers to rt_memclr_w.o(.text) for __aeabi_memclr4
    main_1.o(.text.SystemClock_Config) refers to stm32f4xx_hal_rcc.o(.text.HAL_RCC_OscConfig) for HAL_RCC_OscConfig
    main_1.o(.text.SystemClock_Config) refers to stm32f4xx_hal_rcc.o(.text.HAL_RCC_ClockConfig) for HAL_RCC_ClockConfig
    main_1.o(.text.SystemClock_Config) refers to main_1.o(.text.Error_Handler) for Error_Handler
    main_1.o(.ARM.exidx.text.SystemClock_Config) refers to main_1.o(.text.SystemClock_Config) for [Anonymous Symbol]
    main_1.o(.ARM.exidx.text.Error_Handler) refers to main_1.o(.text.Error_Handler) for [Anonymous Symbol]
[...]
    MX_USART2_UART_Init                      0x08002f61   Thumb Code    56  usart.o(.text.MX_USART2_UART_Init)
    MX_USART3_UART_Init                      0x08002f99   Thumb Code    66  usart.o(.text.MX_USART3_UART_Init)
    MemManage_Handler                        0x08002fdd   Thumb Code     2  stm32f4xx_it.o(.text.MemManage_Handler)
    NMI_Handler                              0x08002fe1   Thumb Code     2  stm32f4xx_it.o(.text.NMI_Handler)
    PendSV_Handler                           0x08003011   Thumb Code   100  port.o(.text.PendSV_Handler)
    Read_SuperPower_Vout                     0x08003075   Thumb Code    46  pm01_api.o(.text.Read_SuperPower_Vout)
    SVC_Handler                              0x080030b1   Thumb Code    36  port.o(.text.SVC_Handler)
    StartDefaultTask                         0x080030d5   Thumb Code     8  freertos.o(.text.StartDefaultTask)
    SuperPower_V_responed                    0x080030dd   Thumb Code   120  pm01_api.o(.text.SuperPower_V_responed)
    SysTick_Handler                          0x08003155   Thumb Code    46  port.o(.text.SysTick_Handler)
    SystemClock_Config                       0x08003185   Thumb Code   162  main_1.o(.text.SystemClock_Config)
    SystemInit                               0x08003229   Thumb Code    18  system_stm32f4xx.o(.text.SystemInit)
    TIM1_UP_TIM10_IRQHandler                 0x0800323d   Thumb Code    28  stm32f4xx_it.o(.text.TIM1_UP_TIM10_IRQHandler)
    TIM_Base_SetConfig                       0x08003259   Thumb Code   292  stm32f4xx_hal_tim.o(.text.TIM_Base_SetConfig)
    TIM_OC2_SetConfig                        0x080033e1   Thumb Code   106  stm32f4xx_hal_tim.o(.text.TIM_OC2_SetConfig)
    USART2_IRQHandler                        0x08003771   Thumb Code    20  stm32f4xx_it.o(.text.USART2_IRQHandler)
    USART3_IRQHandler                        0x08003785   Thumb Code    20  stm32f4xx_it.o(.text.USART3_IRQHandler)
    UsageFault_Handler                       0x08003799   Thumb Code     2  stm32f4xx_it.o(.text.UsageFault_Handler)
    Verify_CRC16_Check_Sum                   0x0800379d   Thumb Code    70  crc.o(.text.Verify_CRC16_Check_Sum)
    Verify_CRC8_Check_Sum                    0x080037e5   Thumb Code    42  crc.o(.text.Verify_CRC8_Check_Sum)
    Get_REFFEREE()                           0x08003839   Thumb Code    14  rc.o(.text._Z12Get_REFFEREEv)
    Deal_Gimbal_Fire_Info_0x02(CAN_RxHeaderTypeDef*, unsigned char*) 0x08003849   Thumb Code    16  fire_task.o(.text._Z26Deal_Gimbal_Fire_Info_0x02P19CAN_RxHeaderTypeDefPh)
    Deal_Gimbal_Fire_Info_0x03(CAN_RxHeaderTypeDef*, unsigned char*) 0x08003859   Thumb Code    16  fire_task.o(.text._Z26Deal_Gimbal_Fire_Info_0x03P19CAN_RxHeaderTypeDefPh)
    Deal_Gimbal_Fire_Info_0x04(CAN_RxHeaderTypeDef*, unsigned char*) 0x08003869   Thumb Code    18  fire_task.o(.text._Z26Deal_Gimbal_Fire_Info_0x04P19CAN_RxHeaderTypeDefPh)
    ALL_DJI_CAN1_Rx_Callback_Register(CAN_RxHeaderTypeDef*, unsigned char*) 0x0800387d   Thumb Code    44  dji_motor.o(.text._Z33ALL_DJI_CAN1_Rx_Callback_RegisterP19CAN_RxHeaderTypeDefPh)
    ALL_DJI_CAN2_Rx_Callback_Register(CAN_RxHeaderTypeDef*, unsigned char*) 0x080038a9   Thumb Code    46  dji_motor.o(.text._Z33ALL_DJI_CAN2_Rx_Callback_RegisterP19CAN_RxHeaderTypeDefPh)
    DMA_Init(__UART_HandleTypeDef*, unsigned char*, unsigned char*, unsigned short) 0x080038d9   Thumb Code   100  rc.o(.text._Z8DMA_InitP20__UART_HandleTypeDefPhS1_t)
    Safe_task_c::Calc_Disconnection_time()   0x08003c19   Thumb Code    68  safe_task.o(.text._ZN11Safe_task_c23Calc_Disconnection_timeEv)
    Safe_task_c::Doing_DisconnetCallBack()   0x08003c5d   Thumb Code    32  safe_task.o(.text._ZN11Safe_task_c23Doing_DisconnetCallBackEv)
    Safe_task_c::Online()                    0x08003c7d   Thumb Code    44  safe_task.o(.text._ZN11Safe_task_c6OnlineEv)
    Safe_task_c::Safe_task_c(char const*, unsigned long long, void (*)()) 0x08003ca9   Thumb Code    84  safe_task.o(.text._ZN11Safe_task_cC2EPKcyPFvvE)
    Safe_task_c::Safe_task_c__sub_object(char const*, unsigned long long, void (*)()) 0x08003ca9   Thumb Code    84  safe_task.o(.text._ZN11Safe_task_cC2EPKcyPFvvE)
    MotorManager::AddMotor(DJI_Motor_Object*, __CAN_HandleTypeDef*) 0x08003cfd   Thumb Code    70  dji_motor.o(.text._ZN12MotorManager8AddMotorEP16DJI_Motor_ObjectP19__CAN_HandleTypeDef)
    Control_Fire_c::To_Empty_Position()      0x08003d45   Thumb Code    10  fire_task.o(.text._ZN14Control_Fire_c17To_Empty_PositionEv)
    Control_Fire_c::To_Shoot_Position(unsigned char) 0x08003d51   Thumb Code    22  fire_task.o(.text._ZN14Control_Fire_c17To_Shoot_PositionEh)
    Control_Fire_c::Clear_Set_Position()     0x08003d69   Thumb Code     8  fire_task.o(.text._ZN14Control_Fire_c18Clear_Set_PositionEv)
    Control_Fire_c::Save_Empty_Position()    0x08003d71   Thumb Code    20  fire_task.o(.text._ZN14Control_Fire_c19Save_Empty_PositionEv)
    Control_Fire_c::Clear_Empty_Position()   0x08003d85   Thumb Code    12  fire_task.o(.text._ZN14Control_Fire_c20Clear_Empty_PositionEv)
    Control_Fire_c::Get_Cmd()                0x08003d91   Thumb Code   110  fire_task.o(.text._ZN14Control_Fire_c7Get_CmdEv)
    Control_Fire_c::Set_Cmd()                0x08003e01   Thumb Code   170  fire_task.o(.text._ZN14Control_Fire_c7Set_CmdEv)
    Control_Fire_c::Control_Fire_c()         0x08003ead   Thumb Code    86  fire_task.o(.text._ZN14Control_Fire_cC2Ev)
    Control_Fire_c::Control_Fire_c__sub_object() 0x08003ead   Thumb Code    86  fire_task.o(.text._ZN14Control_Fire_cC2Ev)
    Control_Move_c::Get_Cmd()                0x08003f05   Thumb Code   190  chassis_task.o(.text._ZN14Control_Move_c7Get_CmdEv)
    Control_Move_c::Set_Cmd()                0x08003fc5   Thumb Code    46  chassis_task.o(.text._ZN14Control_Move_c7Set_CmdEv)
    Control_Move_c::Cmd_Calc()               0x08003ff5   Thumb Code    18  chassis_task.o(.text._ZN14Control_Move_c8Cmd_CalcEv)
    Control_Move_c::Cmd_Ctrl()               0x08004009   Thumb Code    10  chassis_task.o(.text._ZN14Control_Move_c8Cmd_CtrlEv)
    Control_Move_c::Control_Move_c()         0x08004015   Thumb Code    40  chassis_task.o(.text._ZN14Control_Move_cC2Ev)
    Control_Move_c::Control_Move_c__sub_object() 0x08004015   Thumb Code    40  chassis_task.o(.text._ZN14Control_Move_cC2Ev)
    DJI_Motor_Object::Set_PID_Val(short)     0x0800403d   Thumb Code    50  dji_motor.o(.text._ZN16DJI_Motor_Object11Set_PID_ValEs)
    DJI_Motor_Object::Set_PID_Mode(Using_PID_e) 0x08004071   Thumb Code     6  dji_motor.o(.text._ZN16DJI_Motor_Object12Set_PID_ModeE11Using_PID_e)
    DJI_Motor_Object::DJI_Motor_Encoder::angle_limiting_int16(short, short) 0x08004079   Thumb Code    36  dji_motor.o(.text._ZN16DJI_Motor_Object17DJI_Motor_Encoder20angle_limiting_int16Ess)
    DJI_Motor_Object::DJI_Motor_Encoder::DJI_Motor_Encoder_Data_Deal(short, short) 0x0800409d   Thumb Code   232  dji_motor.o(.text._ZN16DJI_Motor_Object17DJI_Motor_Encoder27DJI_Motor_Encoder_Data_DealEss)
    DJI_Motor_Object::DJI_Motor_Encoder::DJI_Motor_Encoder_Data_Init(Encoder_Type_e, unsigned short) 0x08004185   Thumb Code    84  dji_motor.o(.text._ZN16DJI_Motor_Object17DJI_Motor_Encoder27DJI_Motor_Encoder_Data_InitE14Encoder_Type_et)
    DJI_Motor_Object::DJI_Motor_Encoder::Clear() 0x080041d9   Thumb Code    20  dji_motor.o(.text._ZN16DJI_Motor_Object17DJI_Motor_Encoder5ClearEv)
    DJI_Motor_Object::DJI_Motor_Data_Deal(CAN_RxHeaderTypeDef*, unsigned char*) 0x080041ed   Thumb Code    96  dji_motor.o(.text._ZN16DJI_Motor_Object19DJI_Motor_Data_DealEP19CAN_RxHeaderTypeDefPh)
    DJI_Motor_Object::DJI_Motor_Send_Groud() 0x0800424d   Thumb Code    22  dji_motor.o(.text._ZN16DJI_Motor_Object20DJI_Motor_Send_GroudEv)
    DJI_Motor_Object::Update_Myself_Control_Data(short) 0x08004265   Thumb Code    50  dji_motor.o(.text._ZN16DJI_Motor_Object26Update_Myself_Control_DataEs)
    DJI_Motor_Object::DJI_Motor_Send_Only_Oneself() 0x08004299   Thumb Code    22  dji_motor.o(.text._ZN16DJI_Motor_Object27DJI_Motor_Send_Only_OneselfEv)
    DJI_Motor_Object::Set_Keep()             0x080042b1   Thumb Code    26  dji_motor.o(.text._ZN16DJI_Motor_Object8Set_KeepEv)
    DJI_Motor_Object::Ctrl_Calc()            0x080042cd   Thumb Code   126  dji_motor.o(.text._ZN16DJI_Motor_Object9Ctrl_CalcEv)
    DJI_Motor_Object::DJI_Motor_Object(__CAN_HandleTypeDef*, unsigned char, bool, Encoder_Type_e, unsigned int) 0x0800434d   Thumb Code   286  dji_motor.o(.text._ZN16DJI_Motor_ObjectC2EP19__CAN_HandleTypeDefhb14Encoder_Type_ej)
    DJI_Motor_Object::DJI_Motor_Object__sub_object(__CAN_HandleTypeDef*, unsigned char, bool, Encoder_Type_e, unsigned int) 0x0800434d   Thumb Code   286  dji_motor.o(.text._ZN16DJI_Motor_ObjectC2EP19__CAN_HandleTypeDefhb14Encoder_Type_ej)
    DJI_Motor_Object::DJI_Motor_Object(__CAN_HandleTypeDef*, unsigned char, bool, Encoder_Type_e, unsigned int, float, float, float, unsigned int, float, float, float, unsigned int) 0x0800446d   Thumb Code   290  dji_motor.o(.text._ZN16DJI_Motor_ObjectC2EP19__CAN_HandleTypeDefhb14Encoder_Type_ejfffjfffj)
    DJI_Motor_Object::DJI_Motor_Object__sub_object(__CAN_HandleTypeDef*, unsigned char, bool, Encoder_Type_e, unsigned int, float, float, float, unsigned int, float, float, float, unsigned int) 0x0800446d   Thumb Code   290  dji_motor.o(.text._ZN16DJI_Motor_ObjectC2EP19__CAN_HandleTypeDefhb14Encoder_Type_ejfffjfffj)
    Gimbal_Fire_Info_t::Gimbal_Fire_Info_t__sub_object() 0x08004591   Thumb Code     6  fire_task.o(.text._ZN18Gimbal_Fire_Info_tC2Ev)
    Pid_c::PidInitMode(Pid_parameter_t*, unsigned int, float, float) 0x08004599   Thumb Code   154  pid.o(.text._ZN5Pid_c11PidInitModeEP15Pid_parameter_tjff)
    Pid_c::PidCalculate(float, float)        0x08004635   Thumb Code     8  pid.o(.text._ZN5Pid_c12PidCalculateEff)
    Pid_c::PidCalculate(float, float, float) 0x0800463d   Thumb Code    38  pid.o(.text._ZN5Pid_c12PidCalculateEfff)
    Pid_c::InitSpeedPidMode(unsigned int, float, float) 0x08004665   Thumb Code    12  pid.o(.text._ZN5Pid_c16InitSpeedPidModeEjff)
    Pid_c::InitPositionPidMode(unsigned int, float, float) 0x08004671   Thumb Code    14  pid.o(.text._ZN5Pid_c19InitPositionPidModeEjff)
    Pid_c::PidInit(Pid_parameter_t*, float, float, float, unsigned int) 0x08004681   Thumb Code    50  pid.o(.text._ZN5Pid_c7PidInitEP15Pid_parameter_tfffj)
    Pid_c::InitMode(unsigned int, float, float) 0x080046b5   Thumb Code     8  pid.o(.text._ZN5Pid_c8InitModeEjff)
    Pid_c::Pid_c(float, float, float, unsigned int) 0x080046bd   Thumb Code    16  pid.o(.text._ZN5Pid_cC2Efffj)
    Pid_c::Pid_c__sub_object(float, float, float, unsigned int) 0x080046bd   Thumb Code    16  pid.o(.text._ZN5Pid_cC2Efffj)
    Pid_c::Pid_c(float, float, float, unsigned int, float, float, float, unsigned int) 0x080046cd   Thumb Code    60  pid.o(.text._ZN5Pid_cC2Efffjfffj)
    Pid_c::Pid_c__sub_object(float, float, float, unsigned int, float, float, float, unsigned int) 0x080046cd   Thumb Code    60  pid.o(.text._ZN5Pid_cC2Efffjfffj)
    Pid_c::Pid_c()                           0x08004709   Thumb Code     2  pid.o(.text._ZN5Pid_cC2Ev)
    Pid_c::Pid_c__sub_object()               0x08004709   Thumb Code     2  pid.o(.text._ZN5Pid_cC2Ev)
    ECF_RC::Updata_ctrl(bool)                0x0800470d   Thumb Code   250  rc.o(.text._ZN6ECF_RC11Updata_ctrlEb)
    ECF_RC::DT7_DataProcess(unsigned char)   0x08004809   Thumb Code   280  rc.o(.text._ZN6ECF_RC15DT7_DataProcessEh)
    ECF_RC::DT7_UART_Handler()               0x08004921   Thumb Code   154  rc.o(.text._ZN6ECF_RC16DT7_UART_HandlerEv)
    ECF_RC::Get_ECF_RC_Instance()            0x080049bd   Thumb Code    12  rc.o(.text._ZN6ECF_RC19Get_ECF_RC_InstanceEv)
    ECF_RC::REFFEREE_DataProcess(unsigned char (*) [255], unsigned char, unsigned char) 0x080049c9   Thumb Code   624  rc.o(.text._ZN6ECF_RC20REFFEREE_DataProcessEPA255_hhh)
    ECF_RC::RefereeDataCRC16Deal(void*, unsigned char*, unsigned char) 0x08004c39   Thumb Code    60  rc.o(.text._ZN6ECF_RC20RefereeDataCRC16DealEPvPhh)
    ECF_RC::REFFEREE_UART_Handler()          0x08004c75   Thumb Code   156  rc.o(.text._ZN6ECF_RC21REFFEREE_UART_HandlerEv)
    ECF_RC::Dt7_Clear()                      0x08004d11   Thumb Code    16  rc.o(.text._ZN6ECF_RC9Dt7_ClearEv)
    ECF_RC::ECF_RC()                         0x08004d21   Thumb Code   366  rc.o(.text._ZN6ECF_RCC2Ev)
    ECF_RC::ECF_RC__sub_object()             0x08004d21   Thumb Code   366  rc.o(.text._ZN6ECF_RCC2Ev)
    Speed_c::Set(short, short, float, Chassis_Mode_e, bool) 0x08004e91   Thumb Code   344  chassis.o(.text._ZN7Speed_c3SetEssf14Chassis_Mode_eb)
    Speed_c::Speed_c__sub_object()           0x08004fe9   Thumb Code   128  chassis.o(.text._ZN7Speed_cC2Ev)
    CHASSIS_c::Power_Control()               0x08005069   Thumb Code   712  chassis.o(.text._ZN9CHASSIS_c13Power_ControlEv)
    CHASSIS_c::Fire_Motor_Work()             0x08005331   Thumb Code    34  chassis.o(.text._ZN9CHASSIS_c15Fire_Motor_WorkEv)
    CHASSIS_c::Fire_Motor_Work(long long)    0x08005355   Thumb Code    38  chassis.o(.text._ZN9CHASSIS_c15Fire_Motor_WorkEx)
    CHASSIS_c::Fire_Motor_Empty()            0x0800537d   Thumb Code    38  chassis.o(.text._ZN9CHASSIS_c16Fire_Motor_EmptyEv)
    CHASSIS_c::Fire_Motor_Nowork()           0x080053a5   Thumb Code    38  chassis.o(.text._ZN9CHASSIS_c17Fire_Motor_NoworkEv)
    CHASSIS_c::Get_Chassis_Instance()        0x080053cd   Thumb Code    12  chassis.o(.text._ZN9CHASSIS_c20Get_Chassis_InstanceEv)
    CHASSIS_c::Update_Different_Angle_with_Gimbal() 0x080053d9   Thumb Code    76  chassis.o(.text._ZN9CHASSIS_c34Update_Different_Angle_with_GimbalEv)
    CHASSIS_c::SetMode(Chassis_Mode_e, bool) 0x08005425   Thumb Code    10  chassis.o(.text._ZN9CHASSIS_c7SetModeE14Chassis_Mode_eb)
    CHASSIS_c::SetSpeed(short, short)        0x08005431   Thumb Code   144  chassis.o(.text._ZN9CHASSIS_c8SetSpeedEss)
    CHASSIS_c::MotorCalc()                   0x080054c1   Thumb Code   160  chassis.o(.text._ZN9CHASSIS_c9MotorCalcEv)
    CHASSIS_c::MotorCtrl()                   0x08005561   Thumb Code    12  chassis.o(.text._ZN9CHASSIS_c9MotorCtrlEv)
    CHASSIS_c::CHASSIS_c()                   0x0800556d   Thumb Code   688  chassis.o(.text._ZN9CHASSIS_cC2Ev)
    CHASSIS_c::CHASSIS_c__sub_object()       0x0800556d   Thumb Code   688  chassis.o(.text._ZN9CHASSIS_cC2Ev)
    std::get_new_handler()                   0x0800581d   Thumb Code    12  cxa_handlers.cpp.o(.text._ZSt15get_new_handlerv)
    operator new(unsigned int)               0x08005829   Thumb Code    38  new.cpp.o(.text._Znwj)
    chassis_task                             0x0800595d   Thumb Code    40  chassis_task.o(.text.chassis_task)
    cos_calculate                            0x08005985   Thumb Code   132  maths.o(.text.cos_calculate)
    fire_task                                0x08005a09   Thumb Code    28  fire_task.o(.text.fire_task)
    loop_fp32_constrain                      0x08005a25   Thumb Code    84  maths.o(.text.loop_fp32_constrain)
    main                                     0x08005a79   Thumb Code    58  main_1.o(.text.main)
    max_abs                                  0x08005ac1   Thumb Code    30  maths.o(.text.max_abs)
    osDelay                                  0x08005ae1   Thumb Code    16  cmsis_os.o(.text.osDelay)
    osKernelStart                            0x08005af1   Thumb Code    10  cmsis_os.o(.text.osKernelStart)
    osThreadCreate                           0x08005afd   Thumb Code   110  cmsis_os.o(.text.osThreadCreate)
    pm01_cmd_send                            0x08005b6d   Thumb Code    68  pm01_api.o(.text.pm01_cmd_send)
    pm01_current_set                         0x08005bb1   Thumb Code    68  pm01_api.o(.text.pm01_current_set)
    pm01_power_set                           0x08005bf5   Thumb Code    68  pm01_api.o(.text.pm01_power_set)
    pm01_voltage_set                         0x08005c39   Thumb Code    68  pm01_api.o(.text.pm01_voltage_set)
    pvPortMalloc                             0x080060d1   Thumb Code   330  heap_4.o(.text.pvPortMalloc)
    pxPortInitialiseStack                    0x0800621d   Thumb Code    40  port.o(.text.pxPortInitialiseStack)
    safe_task                                0x08006245   Thumb Code    52  safe_task.o(.text.safe_task)
    sin_calculate                            0x08006279   Thumb Code   216  maths.o(.text.sin_calculate)
    uxListRemove                             0x08006351   Thumb Code    36  list.o(.text.uxListRemove)
    vApplicationGetIdleTaskMemory            0x08006375   Thumb Code    26  freertos.o(.text.vApplicationGetIdleTaskMemory)
    vListInitialise                          0x08006391   Thumb Code    22  list.o(.text.vListInitialise)
    vListInitialiseItem                      0x080063a9   Thumb Code     6  list.o(.text.vListInitialiseItem)
    vListInsert                              0x080063b1   Thumb Code    58  list.o(.text.vListInsert)
    vListInsertEnd                           0x080063ed   Thumb Code    28  list.o(.text.vListInsertEnd)
    vPortEnterCritical                       0x0800641d   Thumb Code    70  port.o(.text.vPortEnterCritical)
    vPortExitCritical                        0x08006465   Thumb Code    46  port.o(.text.vPortExitCritical)
    vPortFree                                0x08006495   Thumb Code   138  heap_4.o(.text.vPortFree)
    vPortSetupTimerInterrupt                 0x08006521   Thumb Code    52  port.o(.text.vPortSetupTimerInterrupt)
    vTaskDelay                               0x08006555   Thumb Code    84  tasks.o(.text.vTaskDelay)
    vTaskStartScheduler                      0x080065a9   Thumb Code   120  tasks.o(.text.vTaskStartScheduler)
    vTaskSuspendAll                          0x08006629   Thumb Code    16  tasks.o(.text.vTaskSuspendAll)
    vTaskSwitchContext                       0x08006639   Thumb Code   134  tasks.o(.text.vTaskSwitchContext)
    xPortStartScheduler                      0x080066c1   Thumb Code   274  port.o(.text.xPortStartScheduler)
    xTaskCreate                              0x080067d5   Thumb Code   102  tasks.o(.text.xTaskCreate)
    xTaskCreateStatic                        0x0800683d   Thumb Code   118  tasks.o(.text.xTaskCreateStatic)
    xTaskIncrementTick                       0x080068b5   Thumb Code   356  tasks.o(.text.xTaskIncrementTick)
    xTaskResumeAll                           0x08006a19   Thumb Code   280  tasks.o(.text.xTaskResumeAll)
    __hardfp_sqrtf                           0x08006b31   Thumb Code    58  sqrtf.o(i.__hardfp_sqrtf)
    __aeabi_ul2f                             0x08006b6b   Thumb Code     0  ffltll_clz.o(x$fpl$ffltll)
    _ll_uto_f                                0x08006b6b   Thumb Code     6  ffltll_clz.o(x$fpl$ffltll)
    __aeabi_l2f                              0x08006b71   Thumb Code     0  ffltll_clz.o(x$fpl$ffltll)
    _ll_sto_f                                0x08006b71   Thumb Code    90  ffltll_clz.o(x$fpl$ffltll)
    __fpl_fnaninf                            0x08006bcb   Thumb Code   140  fnaninf.o(x$fpl$fnaninf)
    _fp_init                                 0x08006c57   Thumb Code    26  fpinit.o(x$fpl$fpinit)
    __fplib_config_fpu_vfp                   0x08006c6f   Thumb Code     0  fpinit.o(x$fpl$fpinit)
    __fplib_config_pureend_doubles           0x08006c6f   Thumb Code     0  fpinit.o(x$fpl$fpinit)
    __aeabi_f2ulz                            0x08006c71   Thumb Code     0  ffixull.o(x$fpl$llufromf)
    _ll_ufrom_f                              0x08006c71   Thumb Code    92  ffixull.o(x$fpl$llufromf)
    __I$use$fp                               0x08006ccc   Number         0  usenofp.o(x$fpl$usenofp)
    AHBPrescTable                            0x08006d3c   Data          16  system_stm32f4xx.o(.rodata.AHBPrescTable)
    APBPrescTable                            0x08006d4c   Data           8  system_stm32f4xx.o(.rodata.APBPrescTable)
    CRC8_TAB                                 0x08006d54   Data         256  crc.o(.rodata.CRC8_TAB)
    Trigonometric_Functions                  0x08006e54   Data        3604  maths.o(.rodata.Trigonometric_Functions)
    wCRC_Table                               0x08007c96   Data         512  crc.o(.rodata.wCRC_Table)
    Region$$Table$$Base                      0x08007e98   Number         0  anon$$obj.o(Region$$Table)
    Region$$Table$$Limit                     0x08007eb8   Number         0  anon$$obj.o(Region$$Table)
    SHT$$INIT_ARRAY$$Base                    0x08007eb8   Number         0  chassis.o(.init_array)
    SHT$$INIT_ARRAY$$Limit                   0x08007ec8   Number         0  init_aeabi.o(.init_array)
    CRC_INIT                                 0x20000000   Data           2  crc.o(.data.CRC_INIT)
    SystemCoreClock                          0x20000004   Data           4  system_stm32f4xx.o(.data.SystemCoreClock)
    uwTickFreq                               0x20000008   Data           1  stm32f4xx_hal.o(.data.uwTickFreq)
    uwTickPrio                               0x2000000c   Data           4  stm32f4xx_hal.o(.data.uwTickPrio)
    __libspace_start                         0x20000018   Data          96  libspace.o(.bss)
    __temporary_stack_top$libspace           0x20000078   Data           0  libspace.o(.bss)
    CHASSIS_TASKHandle                       0x200002f8   Data           4  freertos.o(.bss.CHASSIS_TASKHandle)
    CYCCNT64                                 0x20000308   Data           8  bsp_dwt.o(.bss.CYCCNT64)
    Control_Fire                             0x20000318   Data          40  fire_task.o(.bss.Control_Fire)
    Control_Move                             0x20000340   Data          24  chassis_task.o(.bss.Control_Move)
    DT7_Safe                                 0x20000358   Data          96  rc.o(.bss.DT7_Safe)
    ECF_RC_instance                          0x200003b8   Data           4  rc.o(.bss.ECF_RC_instance)
    FIRE_TASKHandle                          0x200003bc   Data           4  freertos.o(.bss.FIRE_TASKHandle)
    Head                                     0x200003c4   Data           4  safe_task.o(.bss.Head)
    NUM_of_can_and_id_type                   0x200003c8   Data           4  bsp_can.o(.bss.NUM_of_can_and_id_type)
    Pm01_Info                                0x200003cc   Data          36  pm01_api.o(.bss.Pm01_Info)
    SAFE_TASKHandle                          0x200003f0   Data           4  freertos.o(.bss.SAFE_TASKHandle)
    SysTime                                  0x200003f4   Data           8  bsp_dwt.o(.bss.SysTime)
    DJI_Motor_Object::DJI_Motor_Tx_Data_1FF  0x2000044c   Data           8  dji_motor.o(.bss._ZN16DJI_Motor_Object21DJI_Motor_Tx_Data_1FFE)
    DJI_Motor_Object::DJI_Motor_Tx_Data_200  0x20000454   Data           8  dji_motor.o(.bss._ZN16DJI_Motor_Object21DJI_Motor_Tx_Data_200E)
    DJI_Motor_Object::DJI_Motor_Tx_Data_2FF  0x2000045c   Data           8  dji_motor.o(.bss._ZN16DJI_Motor_Object21DJI_Motor_Tx_Data_2FFE)
    DJI_Motor_Object::ALL_DJI_Motor_Register_Flag 0x20000464   Data           1  dji_motor.o(.bss._ZN16DJI_Motor_Object27ALL_DJI_Motor_Register_FlagE)
    ECF_RC::ECF_RC_instance                  0x20000468   Data           4  rc.o(.bss._ZN6ECF_RC15ECF_RC_instanceE)
    CHASSIS_c::Chassis_instance              0x2000046c   Data           4  chassis.o(.bss._ZN9CHASSIS_c16Chassis_instanceE)
    __cxa_new_handler                        0x20000474   Data           4  cxa_handlers.cpp.o(.bss.__cxa_new_handler)
    defaultTaskHandle                        0x20000478   Data           4  freertos.o(.bss.defaultTaskHandle)
    hcan1                                    0x2000047c   Data          40  can.o(.bss.hcan1)
    hcan2                                    0x200004a4   Data          40  can.o(.bss.hcan2)
    hdma_spi1_rx                             0x200004cc   Data          96  spi.o(.bss.hdma_spi1_rx)
    hdma_spi1_tx                             0x2000052c   Data          96  spi.o(.bss.hdma_spi1_tx)
    hdma_usart2_rx                           0x2000058c   Data          96  usart.o(.bss.hdma_usart2_rx)
    hdma_usart2_tx                           0x200005ec   Data          96  usart.o(.bss.hdma_usart2_tx)
    hdma_usart3_rx                           0x2000064c   Data          96  usart.o(.bss.hdma_usart3_rx)
    hspi1                                    0x200006ac   Data          88  spi.o(.bss.hspi1)
    htim1                                    0x20000704   Data          72  stm32f4xx_hal_timebase_tim.o(.bss.htim1)
    htim10                                   0x2000074c   Data          72  tim.o(.bss.htim10)
    huart2                                   0x20000794   Data          68  usart.o(.bss.huart2)
    huart3                                   0x200007d8   Data          68  usart.o(.bss.huart3)
    pxCurrentTCB                             0x20000820   Data           4  tasks.o(.bss.pxCurrentTCB)
    uwTick                                   0x200044c4   Data           4  stm32f4xx_hal.o(.bss.uwTick)



==============================================================================

Memory Map of the image

  Image Entry point : 0x08000189

  Load Region LR_IROM1 (Base: 0x08000000, Size: 0x00007ee0, Max: 0x00080000, ABSOLUTE)

    Execution Region ER_IROM1 (Exec base: 0x08000000, Load base: 0x08000000, Size: 0x00007ec8, Max: 0x00080000, ABSOLUTE)

    Exec Addr    Load Addr    Size         Type   Attr      Idx    E Section Name        Object

    0x08000000   0x08000000   0x00000188   Data   RO            3    RESET               startup_stm32f407xx.o
    0x08000188   0x08000188   0x00000008   Code   RO         2651  * !!!main             c_w.l(__main.o)
    0x08000190   0x08000190   0x00000034   Code   RO         3068    !!!scatter          c_w.l(__scatter.o)
    0x080001c4   0x080001c4   0x0000001a   Code   RO         3070    !!handler_copy      c_w.l(__scatter_copy.o)
    0x080001de   0x080001de   0x00000002   PAD
    0x080001e0   0x080001e0   0x0000001c   Code   RO         3072    !!handler_zi        c_w.l(__scatter_zi.o)
    0x080001fc   0x080001fc   0x00000002   Code   RO         3009    .ARM.Collect$$libinit$$00000000  c_w.l(libinit.o)
    0x080001fe   0x080001fe   0x00000004   Code   RO         2812    .ARM.Collect$$libinit$$00000001  c_w.l(libinit2.o)
    0x08000202   0x08000202   0x00000000   Code   RO         2815    .ARM.Collect$$libinit$$00000004  c_w.l(libinit2.o)
    0x08000202   0x08000202   0x00000008   Code   RO         2816    .ARM.Collect$$libinit$$00000005  c_w.l(libinit2.o)
    0x0800020a   0x0800020a   0x00000000   Code   RO         2818    .ARM.Collect$$libinit$$0000000A  c_w.l(libinit2.o)
    0x0800020a   0x0800020a   0x00000000   Code   RO         2820    .ARM.Collect$$libinit$$0000000C  c_w.l(libinit2.o)
    0x0800020a   0x0800020a   0x00000000   Code   RO         2822    .ARM.Collect$$libinit$$0000000E  c_w.l(libinit2.o)
    0x0800020a   0x0800020a   0x00000000   Code   RO         2825    .ARM.Collect$$libinit$$00000011  c_w.l(libinit2.o)
    0x0800020a   0x0800020a   0x00000000   Code   RO         2827    .ARM.Collect$$libinit$$00000013  c_w.l(libinit2.o)
    0x0800020a   0x0800020a   0x00000000   Code   RO         2829    .ARM.Collect$$libinit$$00000015  c_w.l(libinit2.o)
    0x0800020a   0x0800020a   0x00000000   Code   RO         2831    .ARM.Collect$$libinit$$00000017  c_w.l(libinit2.o)
    0x0800020a   0x0800020a   0x00000000   Code   RO         2833    .ARM.Collect$$libinit$$00000019  c_w.l(libinit2.o)
    0x0800020a   0x0800020a   0x00000000   Code   RO         2835    .ARM.Collect$$libinit$$0000001B  c_w.l(libinit2.o)
    0x0800020a   0x0800020a   0x00000000   Code   RO         2837    .ARM.Collect$$libinit$$0000001D  c_w.l(libinit2.o)
    0x0800020a   0x0800020a   0x00000000   Code   RO         2839    .ARM.Collect$$libinit$$0000001F  c_w.l(libinit2.o)
    0x0800020a   0x0800020a   0x00000000   Code   RO         2841    .ARM.Collect$$libinit$$00000021  c_w.l(libinit2.o)
    0x0800020a   0x0800020a   0x00000000   Code   RO         2843    .ARM.Collect$$libinit$$00000023  c_w.l(libinit2.o)
    0x0800020a   0x0800020a   0x00000000   Code   RO         2845    .ARM.Collect$$libinit$$00000025  c_w.l(libinit2.o)
    0x0800020a   0x0800020a   0x00000000   Code   RO         2849    .ARM.Collect$$libinit$$0000002C  c_w.l(libinit2.o)
    0x0800020a   0x0800020a   0x00000000   Code   RO         2851    .ARM.Collect$$libinit$$0000002E  c_w.l(libinit2.o)
    0x0800020a   0x0800020a   0x00000000   Code   RO         2853    .ARM.Collect$$libinit$$00000030  c_w.l(libinit2.o)
    0x0800020a   0x0800020a   0x00000004   Code   RO         2854    .ARM.Collect$$libinit$$00000031  c_w.l(libinit2.o)
    0x0800020e   0x0800020e   0x00000000   Code   RO         2855    .ARM.Collect$$libinit$$00000032  c_w.l(libinit2.o)
    0x0800020e   0x0800020e   0x00000002   Code   RO         2856    .ARM.Collect$$libinit$$00000033  c_w.l(libinit2.o)
    0x08000210   0x08000210   0x00000002   Code   RO         3065    .ARM.Collect$$libshutdown$$00000000  c_w.l(libshutdown.o)
    0x08000212   0x08000212   0x00000000   Code   RO         3023    .ARM.Collect$$libshutdown$$00000002  c_w.l(libshutdown2.o)
    0x08000212   0x08000212   0x00000000   Code   RO         3025    .ARM.Collect$$libshutdown$$00000004  c_w.l(libshutdown2.o)
    0x08000212   0x08000212   0x00000000   Code   RO         3028    .ARM.Collect$$libshutdown$$00000007  c_w.l(libshutdown2.o)
    0x08000212   0x08000212   0x00000000   Code   RO         3031    .ARM.Collect$$libshutdown$$0000000A  c_w.l(libshutdown2.o)
    0x08000212   0x08000212   0x00000000   Code   RO         3033    .ARM.Collect$$libshutdown$$0000000C  c_w.l(libshutdown2.o)
    0x08000212   0x08000212   0x00000000   Code   RO         3036    .ARM.Collect$$libshutdown$$0000000F  c_w.l(libshutdown2.o)
    0x08000212   0x08000212   0x00000002   Code   RO         3037    .ARM.Collect$$libshutdown$$00000010  c_w.l(libshutdown2.o)
    0x08000214   0x08000214   0x00000000   Code   RO         2768    .ARM.Collect$$rtentry$$00000000  c_w.l(__rtentry.o)
    0x08000214   0x08000214   0x00000000   Code   RO         2925    .ARM.Collect$$rtentry$$00000002  c_w.l(__rtentry2.o)
    0x08000214   0x08000214   0x00000006   Code   RO         2937    .ARM.Collect$$rtentry$$00000004  c_w.l(__rtentry4.o)
    0x0800021a   0x0800021a   0x00000000   Code   RO         2927    .ARM.Collect$$rtentry$$00000009  c_w.l(__rtentry2.o)
    0x0800021a   0x0800021a   0x00000004   Code   RO         2928    .ARM.Collect$$rtentry$$0000000A  c_w.l(__rtentry2.o)
    0x0800021e   0x0800021e   0x00000000   Code   RO         2930    .ARM.Collect$$rtentry$$0000000C  c_w.l(__rtentry2.o)
    0x0800021e   0x0800021e   0x00000008   Code   RO         2931    .ARM.Collect$$rtentry$$0000000D  c_w.l(__rtentry2.o)
    0x08000226   0x08000226   0x00000002   Code   RO         3010    .ARM.Collect$$rtexit$$00000000  c_w.l(rtexit.o)
    0x08000228   0x08000228   0x00000000   Code   RO         3043    .ARM.Collect$$rtexit$$00000002  c_w.l(rtexit2.o)
    0x08000228   0x08000228   0x00000004   Code   RO         3044    .ARM.Collect$$rtexit$$00000003  c_w.l(rtexit2.o)
    0x0800022c   0x0800022c   0x00000006   Code   RO         3045    .ARM.Collect$$rtexit$$00000004  c_w.l(rtexit2.o)
    0x08000232   0x08000232   0x00000002   PAD
    0x08000234   0x08000234   0x00000040   Code   RO            4    .text               startup_stm32f407xx.o
    0x08000274   0x08000274   0x0000005e   Code   RO         2581    .text               c_w.l(h1_alloc.o)
    0x080002d2   0x080002d2   0x000000f0   Code   RO         2635    .text               c_w.l(lludivv7m.o)
    0x080003c2   0x080003c2   0x00000048   Code   RO         2637    .text               c_w.l(strcpy.o)
    0x0800040a   0x0800040a   0x0000008a   Code   RO         2639    .text               c_w.l(rt_memcpy_v6.o)
    0x08000494   0x08000494   0x00000064   Code   RO         2641    .text               c_w.l(rt_memcpy_w.o)
    0x080004f8   0x080004f8   0x00000044   Code   RO         2645    .text               c_w.l(rt_memclr.o)
    0x0800053c   0x0800053c   0x0000004e   Code   RO         2647    .text               c_w.l(rt_memclr_w.o)
    0x0800058a   0x0800058a   0x00000006   Code   RO         2649    .text               c_w.l(heapauxi.o)
    0x08000590   0x08000590   0x00000024   Code   RO         2656    .text               c_w.l(init_aeabi.o)
    0x080005b4   0x080005b4   0x00000008   Code   RO         2776    .text               c_w.l(rt_heap_descriptor_intlibspace.o)
    0x080005bc   0x080005bc   0x00000004   Code   RO         2778    .text               c_w.l(hguard.o)
    0x080005c0   0x080005c0   0x0000008a   Code   RO         2780    .text               c_w.l(init_alloc.o)
    0x0800064a   0x0800064a   0x0000000e   Code   RO         2786    .text               c_w.l(h1_init.o)
    0x08000658   0x08000658   0x0000004e   Code   RO         2788    .text               c_w.l(h1_free.o)
    0x080006a6   0x080006a6   0x00000016   Code   RO         2806    .text               c_w.l(_rserrno.o)
    0x080006bc   0x080006bc   0x0000000c   Code   RO         2915    .text               c_w.l(sys_exit.o)
    0x080006c8   0x080006c8   0x00000008   Code   RO         2921    .text               c_w.l(libspace.o)
    0x080006d0   0x080006d0   0x00000008   Code   RO         2944    .text               c_w.l(rt_errno_addr_intlibspace.o)
    0x080006d8   0x080006d8   0x00000000   Code   RO         2948    .text               c_w.l(maybetermalloc1.o)
    0x080006d8   0x080006d8   0x00000034   Code   RO         2950    .text               c_w.l(h1_extend.o)
    0x0800070c   0x0800070c   0x0000000e   Code   RO         2958    .text               c_w.l(defsig_rtmem_outer.o)
    0x0800071a   0x0800071a   0x00000002   Code   RO         2979    .text               c_w.l(use_no_semi.o)
    0x0800071c   0x0800071c   0x00000000   Code   RO         2981    .text               c_w.l(indicate_semi.o)
    0x0800071c   0x0800071c   0x0000004a   Code   RO         2982    .text               c_w.l(sys_stackheap_outer.o)
    0x08000766   0x08000766   0x00000012   Code   RO         2988    .text               c_w.l(exit.o)
    0x08000778   0x08000778   0x0000000a   Code   RO         2990    .text               c_w.l(defsig_exit.o)
    0x08000782   0x08000782   0x00000002   PAD
    0x08000784   0x08000784   0x00000050   Code   RO         2998    .text               c_w.l(defsig_rtmem_inner.o)
    0x080007d4   0x080007d4   0x00000032   Code   RO         3018    .text               c_w.l(defsig_general.o)
    0x08000806   0x08000806   0x0000000e   Code   RO         3038    .text               c_w.l(sys_wrch.o)
    0x08000814   0x08000814   0x00000002   Code   RO          151    .text.BusFault_Handler  stm32f4xx_it.o
    0x08000816   0x08000816   0x00000002   PAD
    0x08000818   0x08000818   0x00000010   Code   RO          163    .text.CAN1_RX0_IRQHandler  stm32f4xx_it.o
    0x08000828   0x08000828   0x00000010   Code   RO          175    .text.CAN2_RX0_IRQHandler  stm32f4xx_it.o
    0x08000838   0x08000838   0x00000010   Code   RO          157    .text.DMA1_Stream1_IRQHandler  stm32f4xx_it.o
    0x08000848   0x08000848   0x00000010   Code   RO          159    .text.DMA1_Stream5_IRQHandler  stm32f4xx_it.o
    0x08000858   0x08000858   0x00000010   Code   RO          161    .text.DMA1_Stream6_IRQHandler  stm32f4xx_it.o
    0x08000868   0x08000868   0x00000010   Code   RO          171    .text.DMA2_Stream2_IRQHandler  stm32f4xx_it.o
    0x08000878   0x08000878   0x00000010   Code   RO          173    .text.DMA2_Stream3_IRQHandler  stm32f4xx_it.o
    0x08000888   0x08000888   0x0000003c   Code   RO          472    .text.DMA_CalcBaseAndBitshift  stm32f4xx_hal_dma.o
    0x080008c4   0x080008c4   0x00000050   Code   RO          470    .text.DMA_CheckFifoParam  stm32f4xx_hal_dma.o
    0x08000914   0x08000914   0x00000034   Code   RO         2378    .text.DWT_CNT_Update  bsp_dwt.o
    0x08000948   0x08000948   0x00000040   Code   RO         2386    .text.DWT_GetTimeline_ms  bsp_dwt.o
    0x08000988   0x08000988   0x00000082   Code   RO         2374    .text.DWT_Init      bsp_dwt.o
    0x08000a0a   0x08000a0a   0x00000002   PAD
    0x08000a0c   0x08000a0c   0x0000009a   Code   RO         2382    .text.DWT_SysTimeUpdate  bsp_dwt.o
    0x08000aa6   0x08000aa6   0x00000002   PAD
    0x08000aa8   0x08000aa8   0x00000002   Code   RO          155    .text.DebugMon_Handler  stm32f4xx_it.o
    0x08000aaa   0x08000aaa   0x00000002   PAD
    0x08000aac   0x08000aac   0x000000d8   Code   RO         2102    .text.ECF_CAN_Init  bsp_can.o
    0x08000b84   0x08000b84   0x0000004a   Code   RO         2104    .text.ECF_CAN_Rx_Callback_Register  bsp_can.o
    0x08000bce   0x08000bce   0x00000002   PAD
    0x08000bd0   0x08000bd0   0x0000001e   Code   RO         2080    .text.ECF_DT7_UART_Handler  rc.o
    0x08000bee   0x08000bee   0x00000002   PAD
    0x08000bf0   0x08000bf0   0x00000034   Code   RO         2084    .text.ECF_RC_Init   rc.o
    0x08000c24   0x08000c24   0x00000012   Code   RO         2082    .text.ECF_REFFEREE_UART_Handler  rc.o
    0x08000c36   0x08000c36   0x00000002   PAD
    0x08000c38   0x08000c38   0x0000000a   Code   RO           15    .text.Error_Handler  main_1.o
    0x08000c42   0x08000c42   0x00000002   PAD
    0x08000c44   0x08000c44   0x00000034   Code   RO         1929    .text.Get_CRC16_Check_Sum  crc.o
    0x08000c78   0x08000c78   0x00000020   Code   RO         1927    .text.Get_CRC8_Check_Sum  crc.o
    0x08000c98   0x08000c98   0x00000072   Code   RO         2203    .text.Get_Pm01_Info_Point  pm01_api.o
    0x08000d0a   0x08000d0a   0x00000002   PAD
    0x08000d0c   0x08000d0c   0x00000026   Code   RO          242    .text.HAL_CAN_ActivateNotification  stm32f4xx_hal_can.o
    0x08000d32   0x08000d32   0x00000002   PAD
    0x08000d34   0x08000d34   0x000000a4   Code   RO          228    .text.HAL_CAN_AddTxMessage  stm32f4xx_hal_can.o
    0x08000dd8   0x08000dd8   0x000000de   Code   RO          218    .text.HAL_CAN_ConfigFilter  stm32f4xx_hal_can.o
    0x08000eb6   0x08000eb6   0x00000002   PAD
    0x08000eb8   0x08000eb8   0x00000002   Code   RO          272    .text.HAL_CAN_ErrorCallback  stm32f4xx_hal_can.o
    0x08000eba   0x08000eba   0x00000002   PAD
    0x08000ebc   0x08000ebc   0x0000011c   Code   RO          238    .text.HAL_CAN_GetRxMessage  stm32f4xx_hal_can.o
    0x08000fd8   0x08000fd8   0x0000023a   Code   RO          246    .text.HAL_CAN_IRQHandler  stm32f4xx_hal_can.o
    0x08001212   0x08001212   0x00000002   PAD
    0x08001214   0x08001214   0x000000f4   Code   RO          208    .text.HAL_CAN_Init  stm32f4xx_hal_can.o
    0x08001308   0x08001308   0x0000011e   Code   RO           66    .text.HAL_CAN_MspInit  can.o
    0x08001426   0x08001426   0x00000002   PAD
    0x08001428   0x08001428   0x00000002   Code   RO          260    .text.HAL_CAN_RxFifo0FullCallback  stm32f4xx_hal_can.o
    0x0800142a   0x0800142a   0x00000002   PAD
    0x0800142c   0x0800142c   0x0000008c   Code   RO         2106    .text.HAL_CAN_RxFifo0MsgPendingCallback  bsp_can.o
    0x080014b8   0x080014b8   0x00000002   Code   RO          264    .text.HAL_CAN_RxFifo1FullCallback  stm32f4xx_hal_can.o
    0x080014ba   0x080014ba   0x00000002   PAD
    0x080014bc   0x080014bc   0x00000002   Code   RO          266    .text.HAL_CAN_RxFifo1MsgPendingCallback  stm32f4xx_hal_can.o
    0x080014be   0x080014be   0x00000002   PAD
    0x080014c0   0x080014c0   0x00000002   Code   RO          268    .text.HAL_CAN_SleepCallback  stm32f4xx_hal_can.o
    0x080014c2   0x080014c2   0x00000002   PAD
    0x080014c4   0x080014c4   0x0000005a   Code   RO          220    .text.HAL_CAN_Start  stm32f4xx_hal_can.o
    0x0800151e   0x0800151e   0x00000002   PAD
    0x08001520   0x08001520   0x00000002   Code   RO          250    .text.HAL_CAN_TxMailbox0AbortCallback  stm32f4xx_hal_can.o
    0x08001522   0x08001522   0x00000002   PAD
    0x08001524   0x08001524   0x00000002   Code   RO          248    .text.HAL_CAN_TxMailbox0CompleteCallback  stm32f4xx_hal_can.o
    0x08001526   0x08001526   0x00000002   PAD
    0x08001528   0x08001528   0x00000002   Code   RO          254    .text.HAL_CAN_TxMailbox1AbortCallback  stm32f4xx_hal_can.o
    0x0800152a   0x0800152a   0x00000002   PAD
    0x0800152c   0x0800152c   0x00000002   Code   RO          252    .text.HAL_CAN_TxMailbox1CompleteCallback  stm32f4xx_hal_can.o
    0x0800152e   0x0800152e   0x00000002   PAD
    0x08001530   0x08001530   0x00000002   Code   RO          258    .text.HAL_CAN_TxMailbox2AbortCallback  stm32f4xx_hal_can.o
    0x08001532   0x08001532   0x00000002   PAD
    0x08001534   0x08001534   0x00000002   Code   RO          256    .text.HAL_CAN_TxMailbox2CompleteCallback  stm32f4xx_hal_can.o
    0x08001536   0x08001536   0x00000002   PAD
    0x08001538   0x08001538   0x00000002   Code   RO          270    .text.HAL_CAN_WakeUpFromRxMsgCallback  stm32f4xx_hal_can.o
    0x0800153a   0x0800153a   0x00000002   PAD
    0x0800153c   0x0800153c   0x00000080   Code   RO          482    .text.HAL_DMA_Abort  stm32f4xx_hal_dma.o
    0x080015bc   0x080015bc   0x00000024   Code   RO          484    .text.HAL_DMA_Abort_IT  stm32f4xx_hal_dma.o
    0x080015e0   0x080015e0   0x0000018c   Code   RO          488    .text.HAL_DMA_IRQHandler  stm32f4xx_hal_dma.o
    0x0800176c   0x0800176c   0x000000ce   Code   RO          468    .text.HAL_DMA_Init  stm32f4xx_hal_dma.o
    0x0800183a   0x0800183a   0x00000002   PAD
    0x0800183c   0x0800183c   0x0000019a   Code   RO          428    .text.HAL_GPIO_Init  stm32f4xx_hal_gpio.o
    0x080019d6   0x080019d6   0x00000002   PAD
    0x080019d8   0x080019d8   0x0000000a   Code   RO          434    .text.HAL_GPIO_WritePin  stm32f4xx_hal_gpio.o
    0x080019e2   0x080019e2   0x00000002   PAD
    0x080019e4   0x080019e4   0x0000000c   Code   RO          652    .text.HAL_GetTick   stm32f4xx_hal.o
    0x080019f0   0x080019f0   0x0000001a   Code   RO          650    .text.HAL_IncTick   stm32f4xx_hal.o
    0x08001a0a   0x08001a0a   0x00000002   PAD
    0x08001a0c   0x08001a0c   0x00000036   Code   RO          640    .text.HAL_Init      stm32f4xx_hal.o
    0x08001a42   0x08001a42   0x00000002   PAD
    0x08001a44   0x08001a44   0x000000a4   Code   RO          193    .text.HAL_InitTick  stm32f4xx_hal_timebase_tim.o
    0x08001ae8   0x08001ae8   0x00000046   Code   RO          184    .text.HAL_MspInit   stm32f4xx_hal_msp.o
    0x08001b2e   0x08001b2e   0x00000002   PAD
    0x08001b30   0x08001b30   0x00000008   Code   RO          580    .text.HAL_NVIC_EnableIRQ  stm32f4xx_hal_cortex.o
    0x08001b38   0x08001b38   0x0000001e   Code   RO          572    .text.HAL_NVIC_SetPriority  stm32f4xx_hal_cortex.o
    0x08001b56   0x08001b56   0x00000002   PAD
    0x08001b58   0x08001b58   0x00000008   Code   RO          568    .text.HAL_NVIC_SetPriorityGrouping  stm32f4xx_hal_cortex.o
    0x08001b60   0x08001b60   0x00000160   Code   RO          292    .text.HAL_RCC_ClockConfig  stm32f4xx_hal_rcc.o
    0x08001cc0   0x08001cc0   0x0000003e   Code   RO          310    .text.HAL_RCC_GetClockConfig  stm32f4xx_hal_rcc.o
    0x08001cfe   0x08001cfe   0x00000002   PAD
    0x08001d00   0x08001d00   0x0000000c   Code   RO          302    .text.HAL_RCC_GetHCLKFreq  stm32f4xx_hal_rcc.o
    0x08001d0c   0x08001d0c   0x00000022   Code   RO          304    .text.HAL_RCC_GetPCLK1Freq  stm32f4xx_hal_rcc.o
    0x08001d2e   0x08001d2e   0x00000002   PAD
    0x08001d30   0x08001d30   0x00000022   Code   RO          306    .text.HAL_RCC_GetPCLK2Freq  stm32f4xx_hal_rcc.o
    0x08001d52   0x08001d52   0x00000002   PAD
    0x08001d54   0x08001d54   0x0000006a   Code   RO          294    .text.HAL_RCC_GetSysClockFreq  stm32f4xx_hal_rcc.o
    0x08001dbe   0x08001dbe   0x00000002   PAD
    0x08001dc0   0x08001dc0   0x00000348   Code   RO          290    .text.HAL_RCC_OscConfig  stm32f4xx_hal_rcc.o
    0x08002108   0x08002108   0x000000b4   Code   RO          731    .text.HAL_SPI_Init  stm32f4xx_hal_spi.o
    0x080021bc   0x080021bc   0x00000132   Code   RO           92    .text.HAL_SPI_MspInit  spi.o
    0x080022ee   0x080022ee   0x00000002   PAD
    0x080022f0   0x080022f0   0x00000002   Code   RO         1173    .text.HAL_TIMEx_BreakCallback  stm32f4xx_hal_tim_ex.o
    0x080022f2   0x080022f2   0x00000002   PAD
    0x080022f4   0x080022f4   0x00000002   Code   RO         1169    .text.HAL_TIMEx_CommutCallback  stm32f4xx_hal_tim_ex.o
    0x080022f6   0x080022f6   0x00000002   PAD
    0x080022f8   0x080022f8   0x0000005a   Code   RO          849    .text.HAL_TIM_Base_Init  stm32f4xx_hal_tim.o
    0x08002352   0x08002352   0x00000002   PAD
    0x08002354   0x08002354   0x00000048   Code   RO          111    .text.HAL_TIM_Base_MspInit  tim.o
    0x0800239c   0x0800239c   0x000000a8   Code   RO          863    .text.HAL_TIM_Base_Start_IT  stm32f4xx_hal_tim.o
    0x08002444   0x08002444   0x00000002   Code   RO          985    .text.HAL_TIM_IC_CaptureCallback  stm32f4xx_hal_tim.o
    0x08002446   0x08002446   0x00000002   PAD
    0x08002448   0x08002448   0x0000016a   Code   RO          983    .text.HAL_TIM_IRQHandler  stm32f4xx_hal_tim.o
    0x080025b2   0x080025b2   0x00000002   PAD
    0x080025b4   0x080025b4   0x00000060   Code   RO          109    .text.HAL_TIM_MspPostInit  tim.o
    0x08002614   0x08002614   0x00000002   Code   RO          987    .text.HAL_TIM_OC_DelayElapsedCallback  stm32f4xx_hal_tim.o
    0x08002616   0x08002616   0x00000002   PAD
    0x08002618   0x08002618   0x00000098   Code   RO         1015    .text.HAL_TIM_PWM_ConfigChannel  stm32f4xx_hal_tim.o
    0x080026b0   0x080026b0   0x0000005a   Code   RO          903    .text.HAL_TIM_PWM_Init  stm32f4xx_hal_tim.o
    0x0800270a   0x0800270a   0x00000002   PAD
    0x0800270c   0x0800270c   0x00000002   Code   RO          905    .text.HAL_TIM_PWM_MspInit  stm32f4xx_hal_tim.o
    0x0800270e   0x0800270e   0x00000002   PAD
    0x08002710   0x08002710   0x00000002   Code   RO          989    .text.HAL_TIM_PWM_PulseFinishedCallback  stm32f4xx_hal_tim.o
    0x08002712   0x08002712   0x00000002   PAD
    0x08002714   0x08002714   0x00000014   Code   RO           17    .text.HAL_TIM_PeriodElapsedCallback  main_1.o
    0x08002728   0x08002728   0x00000002   Code   RO          993    .text.HAL_TIM_TriggerCallback  stm32f4xx_hal_tim.o
    0x0800272a   0x0800272a   0x00000002   PAD
    0x0800272c   0x0800272c   0x00000002   Code   RO         1277    .text.HAL_UARTEx_RxEventCallback  stm32f4xx_hal_uart.o
    0x0800272e   0x0800272e   0x00000002   PAD
    0x08002730   0x08002730   0x00000002   Code   RO         1275    .text.HAL_UART_ErrorCallback  stm32f4xx_hal_uart.o
    0x08002732   0x08002732   0x00000002   PAD
    0x08002734   0x08002734   0x0000023a   Code   RO         1269    .text.HAL_UART_IRQHandler  stm32f4xx_hal_uart.o
    0x0800296e   0x0800296e   0x00000002   PAD
    0x08002970   0x08002970   0x0000005e   Code   RO         1187    .text.HAL_UART_Init  stm32f4xx_hal_uart.o
    0x080029ce   0x080029ce   0x00000002   PAD
    0x080029d0   0x080029d0   0x000001ec   Code   RO          128    .text.HAL_UART_MspInit  usart.o
    0x08002bbc   0x08002bbc   0x00000002   Code   RO         1287    .text.HAL_UART_RxCpltCallback  stm32f4xx_hal_uart.o
    0x08002bbe   0x08002bbe   0x00000002   PAD
    0x08002bc0   0x08002bc0   0x00000002   Code   RO         1283    .text.HAL_UART_TxCpltCallback  stm32f4xx_hal_uart.o
    0x08002bc2   0x08002bc2   0x00000002   PAD
    0x08002bc4   0x08002bc4   0x00000002   Code   RO          147    .text.HardFault_Handler  stm32f4xx_it.o
    0x08002bc6   0x08002bc6   0x00000002   PAD
    0x08002bc8   0x08002bc8   0x00000044   Code   RO           62    .text.MX_CAN1_Init  can.o
    0x08002c0c   0x08002c0c   0x00000044   Code   RO           64    .text.MX_CAN2_Init  can.o
    0x08002c50   0x08002c50   0x0000008a   Code   RO           81    .text.MX_DMA_Init   dma.o
    0x08002cda   0x08002cda   0x00000002   PAD
    0x08002cdc   0x08002cdc   0x000000c6   Code   RO           39    .text.MX_FREERTOS_Init  freertos.o
    0x08002da2   0x08002da2   0x00000002   PAD
    0x08002da4   0x08002da4   0x000000e4   Code   RO           28    .text.MX_GPIO_Init  gpio.o
    0x08002e88   0x08002e88   0x0000004e   Code   RO           90    .text.MX_SPI1_Init  spi.o
    0x08002ed6   0x08002ed6   0x00000002   PAD
    0x08002ed8   0x08002ed8   0x00000088   Code   RO          107    .text.MX_TIM10_Init  tim.o
    0x08002f60   0x08002f60   0x00000038   Code   RO          124    .text.MX_USART2_UART_Init  usart.o
    0x08002f98   0x08002f98   0x00000042   Code   RO          126    .text.MX_USART3_UART_Init  usart.o
    0x08002fda   0x08002fda   0x00000002   PAD
    0x08002fdc   0x08002fdc   0x00000002   Code   RO          149    .text.MemManage_Handler  stm32f4xx_it.o
    0x08002fde   0x08002fde   0x00000002   PAD
    0x08002fe0   0x08002fe0   0x00000002   Code   RO          145    .text.NMI_Handler   stm32f4xx_it.o
    0x08002fe2   0x08002fe2   0x00000002   PAD
    0x08002fe4   0x08002fe4   0x0000002c   Code   RO          578    .text.NVIC_EncodePriority  stm32f4xx_hal_cortex.o
    0x08003010   0x08003010   0x00000064   Code   RO         1808    .text.PendSV_Handler  port.o
    0x08003074   0x08003074   0x0000002e   Code   RO         2199    .text.Read_SuperPower_Vout  pm01_api.o
    0x080030a2   0x080030a2   0x0000000e   PAD
    0x080030b0   0x080030b0   0x00000024   Code   RO         1792    .text.SVC_Handler   port.o
    0x080030d4   0x080030d4   0x00000008   Code   RO           41    .text.StartDefaultTask  freertos.o
    0x080030dc   0x080030dc   0x00000078   Code   RO         2201    .text.SuperPower_V_responed  pm01_api.o
    0x08003154   0x08003154   0x0000002e   Code   RO         1810    .text.SysTick_Handler  port.o
    0x08003182   0x08003182   0x00000002   PAD
    0x08003184   0x08003184   0x000000a2   Code   RO           13    .text.SystemClock_Config  main_1.o
    0x08003226   0x08003226   0x00000002   PAD
    0x08003228   0x08003228   0x00000012   Code   RO         1317    .text.SystemInit    system_stm32f4xx.o
    0x0800323a   0x0800323a   0x00000002   PAD
    0x0800323c   0x0800323c   0x0000001c   Code   RO          165    .text.TIM1_UP_TIM10_IRQHandler  stm32f4xx_it.o
    0x08003258   0x08003258   0x00000124   Code   RO          853    .text.TIM_Base_SetConfig  stm32f4xx_hal_tim.o
    0x0800337c   0x0800337c   0x00000064   Code   RO          997    .text.TIM_OC1_SetConfig  stm32f4xx_hal_tim.o
    0x080033e0   0x080033e0   0x0000006a   Code   RO          999    .text.TIM_OC2_SetConfig  stm32f4xx_hal_tim.o
    0x0800344a   0x0800344a   0x00000002   PAD
    0x0800344c   0x0800344c   0x00000068   Code   RO         1001    .text.TIM_OC3_SetConfig  stm32f4xx_hal_tim.o
    0x080034b4   0x080034b4   0x0000004e   Code   RO         1003    .text.TIM_OC4_SetConfig  stm32f4xx_hal_tim.o
    0x08003502   0x08003502   0x00000002   PAD
    0x08003504   0x08003504   0x00000010   Code   RO         1273    .text.UART_DMAAbortOnError  stm32f4xx_hal_uart.o
    0x08003514   0x08003514   0x00000050   Code   RO         1235    .text.UART_EndRxTransfer  stm32f4xx_hal_uart.o
    0x08003564   0x08003564   0x00000018   Code   RO         1281    .text.UART_EndTransmit_IT  stm32f4xx_hal_uart.o
    0x0800357c   0x0800357c   0x000000c4   Code   RO         1271    .text.UART_Receive_IT  stm32f4xx_hal_uart.o
    0x08003640   0x08003640   0x000000dc   Code   RO         1191    .text.UART_SetConfig  stm32f4xx_hal_uart.o
    0x0800371c   0x0800371c   0x00000052   Code   RO         1279    .text.UART_Transmit_IT  stm32f4xx_hal_uart.o
    0x0800376e   0x0800376e   0x00000002   PAD
    0x08003770   0x08003770   0x00000014   Code   RO          167    .text.USART2_IRQHandler  stm32f4xx_it.o
    0x08003784   0x08003784   0x00000014   Code   RO          169    .text.USART3_IRQHandler  stm32f4xx_it.o
    0x08003798   0x08003798   0x00000002   Code   RO          153    .text.UsageFault_Handler  stm32f4xx_it.o
    0x0800379a   0x0800379a   0x00000002   PAD
    0x0800379c   0x0800379c   0x00000046   Code   RO         1933    .text.Verify_CRC16_Check_Sum  crc.o
    0x080037e2   0x080037e2   0x00000002   PAD
    0x080037e4   0x080037e4   0x0000002a   Code   RO         1931    .text.Verify_CRC8_Check_Sum  crc.o
    0x0800380e   0x0800380e   0x00000002   PAD
    0x08003810   0x08003810   0x00000008   Code   RO         1857    .text._GLOBAL__sub_I_Chassis.cpp  chassis.o
    0x08003818   0x08003818   0x00000010   Code   RO         2088    .text._GLOBAL__sub_I_RC.cpp  rc.o
    0x08003828   0x08003828   0x00000008   Code   RO         2240    .text._GLOBAL__sub_I_chassis_task.cpp  chassis_task.o
    0x08003830   0x08003830   0x00000008   Code   RO         2280    .text._GLOBAL__sub_I_fire_task.cpp  fire_task.o
    0x08003838   0x08003838   0x0000000e   Code   RO         2086    .text._Z12Get_REFFEREEv  rc.o
    0x08003846   0x08003846   0x00000002   PAD
    0x08003848   0x08003848   0x00000010   Code   RO         2256    .text._Z26Deal_Gimbal_Fire_Info_0x02P19CAN_RxHeaderTypeDefPh  fire_task.o
    0x08003858   0x08003858   0x00000010   Code   RO         2258    .text._Z26Deal_Gimbal_Fire_Info_0x03P19CAN_RxHeaderTypeDefPh  fire_task.o
    0x08003868   0x08003868   0x00000012   Code   RO         2260    .text._Z26Deal_Gimbal_Fire_Info_0x04P19CAN_RxHeaderTypeDefPh  fire_task.o
    0x0800387a   0x0800387a   0x00000002   PAD
    0x0800387c   0x0800387c   0x0000002c   Code   RO         1999    .text._Z33ALL_DJI_CAN1_Rx_Callback_RegisterP19CAN_RxHeaderTypeDefPh  dji_motor.o
    0x080038a8   0x080038a8   0x0000002e   Code   RO         2001    .text._Z33ALL_DJI_CAN2_Rx_Callback_RegisterP19CAN_RxHeaderTypeDefPh  dji_motor.o
    0x080038d6   0x080038d6   0x00000002   PAD
    0x080038d8   0x080038d8   0x00000064   Code   RO         2044    .text._Z8DMA_InitP20__UART_HandleTypeDefPhS1_t  rc.o
    0x0800393c   0x0800393c   0x0000002e   Code   RO         1917    .text._ZL14f_Output_LimitP15Pid_parameter_t  pid.o
    0x0800396a   0x0800396a   0x00000002   PAD
    0x0800396c   0x0800396c   0x0000002e   Code   RO         1911    .text._ZL16f_Integral_LimitP15Pid_parameter_t  pid.o
    0x0800399a   0x0800399a   0x00000002   PAD
    0x0800399c   0x0800399c   0x0000012c   Code   RO         1897    .text._ZL17this_PidCalculateP15Pid_parameter_tff  pid.o
    0x08003ac8   0x08003ac8   0x0000002a   Code   RO         1915    .text._ZL18first_order_filterP20first_order_filter_tf  pid.o
    0x08003af2   0x08003af2   0x00000002   PAD
    0x08003af4   0x08003af4   0x00000012   Code   RO         2078    .text._ZL19DT7_disonline_clearv  rc.o
    0x08003b06   0x08003b06   0x00000002   PAD
    0x08003b08   0x08003b08   0x00000028   Code   RO         1913    .text._ZL20f_Separated_IntegralP15Pid_parameter_t  pid.o
    0x08003b30   0x08003b30   0x00000046   Code   RO         1909    .text._ZL25Changing_Integration_RateP15Pid_parameter_t  pid.o
    0x08003b76   0x08003b76   0x00000002   PAD
    0x08003b78   0x08003b78   0x0000004a   Code   RO         1907    .text._ZL27f_Derivative_On_MeasurementP15Pid_parameter_t  pid.o
    0x08003bc2   0x08003bc2   0x00000002   PAD
    0x08003bc4   0x08003bc4   0x00000054   Code   RO         1905    .text._ZL8f_StepInP15Pid_parameter_t  pid.o
    0x08003c18   0x08003c18   0x00000044   Code   RO         2301    .text._ZN11Safe_task_c23Calc_Disconnection_timeEv  safe_task.o
    0x08003c5c   0x08003c5c   0x00000020   Code   RO         2303    .text._ZN11Safe_task_c23Doing_DisconnetCallBackEv  safe_task.o
    0x08003c7c   0x08003c7c   0x0000002c   Code   RO         2299    .text._ZN11Safe_task_c6OnlineEv  safe_task.o
    0x08003ca8   0x08003ca8   0x00000054   Code   RO         2297    .text._ZN11Safe_task_cC2EPKcyPFvvE  safe_task.o
    0x08003cfc   0x08003cfc   0x00000046   Code   RO         1985    .text._ZN12MotorManager8AddMotorEP16DJI_Motor_ObjectP19__CAN_HandleTypeDef  dji_motor.o
    0x08003d42   0x08003d42   0x00000002   PAD
    0x08003d44   0x08003d44   0x0000000a   Code   RO         2266    .text._ZN14Control_Fire_c17To_Empty_PositionEv  fire_task.o
    0x08003d4e   0x08003d4e   0x00000002   PAD
    0x08003d50   0x08003d50   0x00000016   Code   RO         2264    .text._ZN14Control_Fire_c17To_Shoot_PositionEh  fire_task.o
    0x08003d66   0x08003d66   0x00000002   PAD
    0x08003d68   0x08003d68   0x00000008   Code   RO         2270    .text._ZN14Control_Fire_c18Clear_Set_PositionEv  fire_task.o
    0x08003d70   0x08003d70   0x00000014   Code   RO         2272    .text._ZN14Control_Fire_c19Save_Empty_PositionEv  fire_task.o
    0x08003d84   0x08003d84   0x0000000c   Code   RO         2268    .text._ZN14Control_Fire_c20Clear_Empty_PositionEv  fire_task.o
    0x08003d90   0x08003d90   0x0000006e   Code   RO         2274    .text._ZN14Control_Fire_c7Get_CmdEv  fire_task.o
    0x08003dfe   0x08003dfe   0x00000002   PAD
    0x08003e00   0x08003e00   0x000000aa   Code   RO         2276    .text._ZN14Control_Fire_c7Set_CmdEv  fire_task.o
    0x08003eaa   0x08003eaa   0x00000002   PAD
    0x08003eac   0x08003eac   0x00000056   Code   RO         2262    .text._ZN14Control_Fire_cC2Ev  fire_task.o
    0x08003f02   0x08003f02   0x00000002   PAD
    0x08003f04   0x08003f04   0x000000be   Code   RO         2228    .text._ZN14Control_Move_c7Get_CmdEv  chassis_task.o
    0x08003fc2   0x08003fc2   0x00000002   PAD
    0x08003fc4   0x08003fc4   0x0000002e   Code   RO         2230    .text._ZN14Control_Move_c7Set_CmdEv  chassis_task.o
    0x08003ff2   0x08003ff2   0x00000002   PAD
    0x08003ff4   0x08003ff4   0x00000012   Code   RO         2232    .text._ZN14Control_Move_c8Cmd_CalcEv  chassis_task.o
    0x08004006   0x08004006   0x00000002   PAD
    0x08004008   0x08004008   0x0000000a   Code   RO         2234    .text._ZN14Control_Move_c8Cmd_CtrlEv  chassis_task.o
    0x08004012   0x08004012   0x00000002   PAD
    0x08004014   0x08004014   0x00000028   Code   RO         2226    .text._ZN14Control_Move_cC2Ev  chassis_task.o
    0x0800403c   0x0800403c   0x00000032   Code   RO         2019    .text._ZN16DJI_Motor_Object11Set_PID_ValEs  dji_motor.o
    0x0800406e   0x0800406e   0x00000002   PAD
    0x08004070   0x08004070   0x00000006   Code   RO         2017    .text._ZN16DJI_Motor_Object12Set_PID_ModeE11Using_PID_e  dji_motor.o
    0x08004076   0x08004076   0x00000002   PAD
    0x08004078   0x08004078   0x00000024   Code   RO         1991    .text._ZN16DJI_Motor_Object17DJI_Motor_Encoder20angle_limiting_int16Ess  dji_motor.o
    0x0800409c   0x0800409c   0x000000e8   Code   RO         1993    .text._ZN16DJI_Motor_Object17DJI_Motor_Encoder27DJI_Motor_Encoder_Data_DealEss  dji_motor.o
    0x08004184   0x08004184   0x00000054   Code   RO         1989    .text._ZN16DJI_Motor_Object17DJI_Motor_Encoder27DJI_Motor_Encoder_Data_InitE14Encoder_Type_et  dji_motor.o
    0x080041d8   0x080041d8   0x00000014   Code   RO         1987    .text._ZN16DJI_Motor_Object17DJI_Motor_Encoder5ClearEv  dji_motor.o
    0x080041ec   0x080041ec   0x00000060   Code   RO         2015    .text._ZN16DJI_Motor_Object19DJI_Motor_Data_DealEP19CAN_RxHeaderTypeDefPh  dji_motor.o
    0x0800424c   0x0800424c   0x00000016   Code   RO         2023    .text._ZN16DJI_Motor_Object20DJI_Motor_Send_GroudEv  dji_motor.o
    0x08004262   0x08004262   0x00000002   PAD
    0x08004264   0x08004264   0x00000032   Code   RO         2013    .text._ZN16DJI_Motor_Object26Update_Myself_Control_DataEs  dji_motor.o
    0x08004296   0x08004296   0x00000002   PAD
    0x08004298   0x08004298   0x00000016   Code   RO         2027    .text._ZN16DJI_Motor_Object27DJI_Motor_Send_Only_OneselfEv  dji_motor.o
    0x080042ae   0x080042ae   0x00000002   PAD
    0x080042b0   0x080042b0   0x0000001a   Code   RO         2021    .text._ZN16DJI_Motor_Object8Set_KeepEv  dji_motor.o
    0x080042ca   0x080042ca   0x00000002   PAD
    0x080042cc   0x080042cc   0x0000007e   Code   RO         2011    .text._ZN16DJI_Motor_Object9Ctrl_CalcEv  dji_motor.o
    0x0800434a   0x0800434a   0x00000002   PAD
    0x0800434c   0x0800434c   0x0000011e   Code   RO         2009    .text._ZN16DJI_Motor_ObjectC2EP19__CAN_HandleTypeDefhb14Encoder_Type_ej  dji_motor.o
    0x0800446a   0x0800446a   0x00000002   PAD
    0x0800446c   0x0800446c   0x00000122   Code   RO         1997    .text._ZN16DJI_Motor_ObjectC2EP19__CAN_HandleTypeDefhb14Encoder_Type_ejfffjfffj  dji_motor.o
    0x0800458e   0x0800458e   0x00000002   PAD
    0x08004590   0x08004590   0x00000006   Code   RO         2292    .text._ZN18Gimbal_Fire_Info_tC2Ev  fire_task.o
    0x08004596   0x08004596   0x00000002   PAD
    0x08004598   0x08004598   0x0000009a   Code   RO         1877    .text._ZN5Pid_c11PidInitModeEP15Pid_parameter_tjff  pid.o
    0x08004632   0x08004632   0x00000002   PAD
    0x08004634   0x08004634   0x00000008   Code   RO         1895    .text._ZN5Pid_c12PidCalculateEff  pid.o
    0x0800463c   0x0800463c   0x00000026   Code   RO         1899    .text._ZN5Pid_c12PidCalculateEfff  pid.o
    0x08004662   0x08004662   0x00000002   PAD
    0x08004664   0x08004664   0x0000000c   Code   RO         1887    .text._ZN5Pid_c16InitSpeedPidModeEjff  pid.o
    0x08004670   0x08004670   0x0000000e   Code   RO         1889    .text._ZN5Pid_c19InitPositionPidModeEjff  pid.o
    0x0800467e   0x0800467e   0x00000002   PAD
    0x08004680   0x08004680   0x00000032   Code   RO         1875    .text._ZN5Pid_c7PidInitEP15Pid_parameter_tfffj  pid.o
    0x080046b2   0x080046b2   0x00000002   PAD
    0x080046b4   0x080046b4   0x00000008   Code   RO         1885    .text._ZN5Pid_c8InitModeEjff  pid.o
    0x080046bc   0x080046bc   0x00000010   Code   RO         1881    .text._ZN5Pid_cC2Efffj  pid.o
    0x080046cc   0x080046cc   0x0000003c   Code   RO         1883    .text._ZN5Pid_cC2Efffjfffj  pid.o
    0x08004708   0x08004708   0x00000002   Code   RO         1879    .text._ZN5Pid_cC2Ev  pid.o
    0x0800470a   0x0800470a   0x00000002   PAD
    0x0800470c   0x0800470c   0x000000fa   Code   RO         2050    .text._ZN6ECF_RC11Updata_ctrlEb  rc.o
    0x08004806   0x08004806   0x00000002   PAD
    0x08004808   0x08004808   0x00000118   Code   RO         2048    .text._ZN6ECF_RC15DT7_DataProcessEh  rc.o
    0x08004920   0x08004920   0x0000009a   Code   RO         2056    .text._ZN6ECF_RC16DT7_UART_HandlerEv  rc.o
    0x080049ba   0x080049ba   0x00000002   PAD
    0x080049bc   0x080049bc   0x0000000c   Code   RO         2070    .text._ZN6ECF_RC19Get_ECF_RC_InstanceEv  rc.o
    0x080049c8   0x080049c8   0x00000270   Code   RO         2052    .text._ZN6ECF_RC20REFFEREE_DataProcessEPA255_hhh  rc.o
    0x08004c38   0x08004c38   0x0000003c   Code   RO         2054    .text._ZN6ECF_RC20RefereeDataCRC16DealEPvPhh  rc.o
    0x08004c74   0x08004c74   0x0000009c   Code   RO         2058    .text._ZN6ECF_RC21REFFEREE_UART_HandlerEv  rc.o
    0x08004d10   0x08004d10   0x00000010   Code   RO         2064    .text._ZN6ECF_RC9Dt7_ClearEv  rc.o
    0x08004d20   0x08004d20   0x0000016e   Code   RO         2046    .text._ZN6ECF_RCC2Ev  rc.o
    0x08004e8e   0x08004e8e   0x00000002   PAD
    0x08004e90   0x08004e90   0x00000158   Code   RO         1827    .text._ZN7Speed_c3SetEssf14Chassis_Mode_eb  chassis.o
    0x08004fe8   0x08004fe8   0x00000080   Code   RO         1872    .text._ZN7Speed_cC2Ev  chassis.o
    0x08005068   0x08005068   0x000002c8   Code   RO         1849    .text._ZN9CHASSIS_c13Power_ControlEv  chassis.o
    0x08005330   0x08005330   0x00000022   Code   RO         1833    .text._ZN9CHASSIS_c15Fire_Motor_WorkEv  chassis.o
    0x08005352   0x08005352   0x00000002   PAD
    0x08005354   0x08005354   0x00000026   Code   RO         1835    .text._ZN9CHASSIS_c15Fire_Motor_WorkEx  chassis.o
    0x0800537a   0x0800537a   0x00000002   PAD
    0x0800537c   0x0800537c   0x00000026   Code   RO         1831    .text._ZN9CHASSIS_c16Fire_Motor_EmptyEv  chassis.o
    0x080053a2   0x080053a2   0x00000002   PAD
    0x080053a4   0x080053a4   0x00000026   Code   RO         1837    .text._ZN9CHASSIS_c17Fire_Motor_NoworkEv  chassis.o
    0x080053ca   0x080053ca   0x00000002   PAD
    0x080053cc   0x080053cc   0x0000000c   Code   RO         1853    .text._ZN9CHASSIS_c20Get_Chassis_InstanceEv  chassis.o
    0x080053d8   0x080053d8   0x0000004c   Code   RO         1829    .text._ZN9CHASSIS_c34Update_Different_Angle_with_GimbalEv  chassis.o
    0x08005424   0x08005424   0x0000000a   Code   RO         1839    .text._ZN9CHASSIS_c7SetModeE14Chassis_Mode_eb  chassis.o
    0x0800542e   0x0800542e   0x00000002   PAD
    0x08005430   0x08005430   0x00000090   Code   RO         1845    .text._ZN9CHASSIS_c8SetSpeedEss  chassis.o
    0x080054c0   0x080054c0   0x000000a0   Code   RO         1841    .text._ZN9CHASSIS_c9MotorCalcEv  chassis.o
    0x08005560   0x08005560   0x0000000c   Code   RO         1843    .text._ZN9CHASSIS_c9MotorCtrlEv  chassis.o
    0x0800556c   0x0800556c   0x000002b0   Code   RO         1851    .text._ZN9CHASSIS_cC2Ev  chassis.o
    0x0800581c   0x0800581c   0x0000000c   Code   RO         2889    .text._ZSt15get_new_handlerv  libcppabi_w.l(cxa_handlers.cpp.o)
    0x08005828   0x08005828   0x00000026   Code   RO         2692    .text._Znwj         libcpp_w.l(new.cpp.o)
    0x0800584e   0x0800584e   0x00000002   PAD
    0x08005850   0x08005850   0x00000020   Code   RO          582    .text.__NVIC_EnableIRQ  stm32f4xx_hal_cortex.o
    0x08005870   0x08005870   0x00000010   Code   RO          574    .text.__NVIC_GetPriorityGrouping  stm32f4xx_hal_cortex.o
    0x08005880   0x08005880   0x00000022   Code   RO          576    .text.__NVIC_SetPriority  stm32f4xx_hal_cortex.o
    0x080058a2   0x080058a2   0x00000002   PAD
    0x080058a4   0x080058a4   0x00000020   Code   RO          570    .text.__NVIC_SetPriorityGrouping  stm32f4xx_hal_cortex.o
    0x080058c4   0x080058c4   0x0000001a   Code   RO         1855    .text.__cxx_global_var_init  chassis.o
    0x080058de   0x080058de   0x00000002   PAD
    0x080058e0   0x080058e0   0x0000001a   Code   RO         2072    .text.__cxx_global_var_init  rc.o
    0x080058fa   0x080058fa   0x00000002   PAD
    0x080058fc   0x080058fc   0x00000010   Code   RO         2236    .text.__cxx_global_var_init  chassis_task.o
    0x0800590c   0x0800590c   0x00000010   Code   RO         2254    .text.__cxx_global_var_init  fire_task.o
    0x0800591c   0x0800591c   0x00000012   Code   RO         2074    .text.__cxx_global_var_init.3  rc.o
    0x0800592e   0x0800592e   0x00000002   PAD
    0x08005930   0x08005930   0x0000002c   Code   RO         2076    .text.__cxx_global_var_init.4  rc.o
    0x0800595c   0x0800595c   0x00000028   Code   RO         2238    .text.chassis_task  chassis_task.o
    0x08005984   0x08005984   0x00000084   Code   RO         1971    .text.cos_calculate  maths.o
    0x08005a08   0x08005a08   0x0000001c   Code   RO         2278    .text.fire_task     fire_task.o
    0x08005a24   0x08005a24   0x00000054   Code   RO         1963    .text.loop_fp32_constrain  maths.o
    0x08005a78   0x08005a78   0x0000003a   Code   RO           11    .text.main          main_1.o
    0x08005ab2   0x08005ab2   0x00000002   PAD
    0x08005ab4   0x08005ab4   0x0000000c   Code   RO         1646    .text.makeFreeRtosPriority  cmsis_os.o
    0x08005ac0   0x08005ac0   0x0000001e   Code   RO         1953    .text.max_abs       maths.o
    0x08005ade   0x08005ade   0x00000002   PAD
    0x08005ae0   0x08005ae0   0x00000010   Code   RO         1660    .text.osDelay       cmsis_os.o
    0x08005af0   0x08005af0   0x0000000a   Code   RO         1636    .text.osKernelStart  cmsis_os.o
    0x08005afa   0x08005afa   0x00000002   PAD
    0x08005afc   0x08005afc   0x0000006e   Code   RO         1644    .text.osThreadCreate  cmsis_os.o
    0x08005b6a   0x08005b6a   0x00000002   PAD
    0x08005b6c   0x08005b6c   0x00000044   Code   RO         2187    .text.pm01_cmd_send  pm01_api.o
    0x08005bb0   0x08005bb0   0x00000044   Code   RO         2193    .text.pm01_current_set  pm01_api.o
    0x08005bf4   0x08005bf4   0x00000044   Code   RO         2189    .text.pm01_power_set  pm01_api.o
    0x08005c38   0x08005c38   0x00000044   Code   RO         2191    .text.pm01_voltage_set  pm01_api.o
    0x08005c7c   0x08005c7c   0x000000a2   Code   RO         1520    .text.prvAddCurrentTaskToDelayedList  tasks.o
    0x08005d1e   0x08005d1e   0x00000002   PAD
    0x08005d20   0x08005d20   0x000000ac   Code   RO         1506    .text.prvAddNewTaskToReadyList  tasks.o
    0x08005dcc   0x08005dcc   0x0000004e   Code   RO         1604    .text.prvCheckTasksWaitingTermination  tasks.o
    0x08005e1a   0x08005e1a   0x00000002   PAD
    0x08005e1c   0x08005e1c   0x00000036   Code   RO         1512    .text.prvDeleteTCB  tasks.o
    0x08005e52   0x08005e52   0x00000002   PAD
    0x08005e54   0x08005e54   0x00000076   Code   RO         1758    .text.prvHeapInit   heap_4.o
    0x08005eca   0x08005eca   0x00000002   PAD
    0x08005ecc   0x08005ecc   0x0000002a   Code   RO         1542    .text.prvIdleTask   tasks.o
    0x08005ef6   0x08005ef6   0x00000002   PAD
    0x08005ef8   0x08005ef8   0x00000088   Code   RO         1504    .text.prvInitialiseNewTask  tasks.o
    0x08005f80   0x08005f80   0x0000006e   Code   RO         1602    .text.prvInitialiseTaskLists  tasks.o
    0x08005fee   0x08005fee   0x00000002   PAD
    0x08005ff0   0x08005ff0   0x0000005a   Code   RO         1760    .text.prvInsertBlockIntoFreeList  heap_4.o
    0x0800604a   0x0800604a   0x00000002   PAD
    0x0800604c   0x0800604c   0x00000028   Code   RO         1800    .text.prvPortStartFirstTask  port.o
    0x08006074   0x08006074   0x00000028   Code   RO         1514    .text.prvResetNextTaskUnblockTime  tasks.o
    0x0800609c   0x0800609c   0x00000032   Code   RO         1790    .text.prvTaskExitError  port.o
    0x080060ce   0x080060ce   0x00000002   PAD
    0x080060d0   0x080060d0   0x0000014a   Code   RO         1756    .text.pvPortMalloc  heap_4.o
    0x0800621a   0x0800621a   0x00000002   PAD
    0x0800621c   0x0800621c   0x00000028   Code   RO         1788    .text.pxPortInitialiseStack  port.o
    0x08006244   0x08006244   0x00000034   Code   RO         2305    .text.safe_task     safe_task.o
    0x08006278   0x08006278   0x000000d8   Code   RO         1969    .text.sin_calculate  maths.o
    0x08006350   0x08006350   0x00000024   Code   RO         1371    .text.uxListRemove  list.o
    0x08006374   0x08006374   0x0000001a   Code   RO           37    .text.vApplicationGetIdleTaskMemory  freertos.o
    0x0800638e   0x0800638e   0x00000002   PAD
    0x08006390   0x08006390   0x00000016   Code   RO         1363    .text.vListInitialise  list.o
    0x080063a6   0x080063a6   0x00000002   PAD
    0x080063a8   0x080063a8   0x00000006   Code   RO         1365    .text.vListInitialiseItem  list.o
    0x080063ae   0x080063ae   0x00000002   PAD
    0x080063b0   0x080063b0   0x0000003a   Code   RO         1369    .text.vListInsert   list.o
    0x080063ea   0x080063ea   0x00000002   PAD
    0x080063ec   0x080063ec   0x0000001c   Code   RO         1367    .text.vListInsertEnd  list.o
    0x08006408   0x08006408   0x00000014   Code   RO         1798    .text.vPortEnableVFP  port.o
    0x0800641c   0x0800641c   0x00000046   Code   RO         1804    .text.vPortEnterCritical  port.o
    0x08006462   0x08006462   0x00000002   PAD
    0x08006464   0x08006464   0x0000002e   Code   RO         1806    .text.vPortExitCritical  port.o
    0x08006492   0x08006492   0x00000002   PAD
    0x08006494   0x08006494   0x0000008a   Code   RO         1762    .text.vPortFree     heap_4.o
    0x0800651e   0x0800651e   0x00000002   PAD
    0x08006520   0x08006520   0x00000034   Code   RO         1796    .text.vPortSetupTimerInterrupt  port.o
    0x08006554   0x08006554   0x00000054   Code   RO         1516    .text.vTaskDelay    tasks.o
    0x080065a8   0x080065a8   0x00000080   Code   RO         1540    .text.vTaskStartScheduler  tasks.o
    0x08006628   0x08006628   0x00000010   Code   RO         1518    .text.vTaskSuspendAll  tasks.o
    0x08006638   0x08006638   0x00000086   Code   RO         1532    .text.vTaskSwitchContext  tasks.o
    0x080066be   0x080066be   0x00000002   PAD
    0x080066c0   0x080066c0   0x00000112   Code   RO         1794    .text.xPortStartScheduler  port.o
    0x080067d2   0x080067d2   0x00000002   PAD
    0x080067d4   0x080067d4   0x00000066   Code   RO         1508    .text.xTaskCreate   tasks.o
    0x0800683a   0x0800683a   0x00000002   PAD
    0x0800683c   0x0800683c   0x00000076   Code   RO         1502    .text.xTaskCreateStatic  tasks.o
    0x080068b2   0x080068b2   0x00000002   PAD
    0x080068b4   0x080068b4   0x00000164   Code   RO         1546    .text.xTaskIncrementTick  tasks.o
    0x08006a18   0x08006a18   0x00000118   Code   RO         1522    .text.xTaskResumeAll  tasks.o
    0x08006b30   0x08006b30   0x0000003a   Code   RO         2760    i.__hardfp_sqrtf    m_wm.l(sqrtf.o)
    0x08006b6a   0x08006b6a   0x00000060   Code   RO         2685    x$fpl$ffltll        fz_wm.l(ffltll_clz.o)
    0x08006bca   0x08006bca   0x0000008c   Code   RO         2871    x$fpl$fnaninf       fz_wm.l(fnaninf.o)
    0x08006c56   0x08006c56   0x0000001a   Code   RO         2969    x$fpl$fpinit        fz_wm.l(fpinit.o)
    0x08006c70   0x08006c70   0x0000005c   Code   RO         2681    x$fpl$llufromf      fz_wm.l(ffixull.o)
    0x08006ccc   0x08006ccc   0x00000000   Code   RO         2873    x$fpl$usenofp       fz_wm.l(usenofp.o)
    0x08006ccc   0x08006ccc   0x0000001c   Data   RO           48    .rodata..L__const.MX_FREERTOS_Init.os_thread_def_CHASSIS_TASK  freertos.o
    0x08006ce8   0x08006ce8   0x0000001c   Data   RO           50    .rodata..L__const.MX_FREERTOS_Init.os_thread_def_FIRE_TASK  freertos.o
    0x08006d04   0x08006d04   0x0000001c   Data   RO           52    .rodata..L__const.MX_FREERTOS_Init.os_thread_def_SAFE_TASK  freertos.o
    0x08006d20   0x08006d20   0x0000001c   Data   RO           46    .rodata..L__const.MX_FREERTOS_Init.os_thread_def_defaultTask  freertos.o
    0x08006d3c   0x08006d3c   0x00000010   Data   RO         1322    .rodata.AHBPrescTable  system_stm32f4xx.o
    0x08006d4c   0x08006d4c   0x00000008   Data   RO         1323    .rodata.APBPrescTable  system_stm32f4xx.o
    0x08006d54   0x08006d54   0x00000100   Data   RO         1940    .rodata.CRC8_TAB    crc.o
    0x08006e54   0x08006e54   0x00000e14   Data   RO         1975    .rodata.Trigonometric_Functions  maths.o
    0x08007c68   0x08007c68   0x0000002d   Data   RO           45    .rodata.str1.1      freertos.o
    0x08007c95   0x08007c95   0x00000001   PAD
    0x08007c96   0x08007c96   0x00000200   Data   RO         1942    .rodata.wCRC_Table  crc.o
    0x08007e96   0x08007e96   0x00000002   PAD
    0x08007e98   0x08007e98   0x00000020   Data   RO         3067    Region$$Table       anon$$obj.o
    0x08007eb8   0x08007eb8   0x00000004   Data   RO         1864    .init_array         chassis.o
    0x08007ebc   0x08007eb8   0x00000004   Data   RO         2093    .init_array         rc.o
    0x08007ec0   0x08007eb8   0x00000004   Data   RO         2245    .init_array         chassis_task.o
    0x08007ec4   0x08007eb8   0x00000004   Data   RO         2284    .init_array         fire_task.o
    0x08007ec8   0x08007eb8   0x00000000   Data   RO         2654    .init_array         c_w.l(init_aeabi.o)


    Execution Region RW_IRAM1 (Exec base: 0x20000000, Load base: 0x08007ec8, Size: 0x000087e0, Max: 0x0001c000, ABSOLUTE)

    Exec Addr    Load Addr    Size         Type   Attr      Idx    E Section Name        Object

    0x20000000   0x08007ec8   0x00000002   Data   RW         1941    .data.CRC_INIT      crc.o
    0x20000002   0x08007eca   0x00000002   PAD
    0x20000004   0x08007ecc   0x00000004   Data   RW         1321    .data.SystemCoreClock  system_stm32f4xx.o
    0x20000008   0x08007ed0   0x00000001   Data   RW          695    .data.uwTickFreq    stm32f4xx_hal.o
    0x20000009   0x08007ed1   0x00000003   PAD
    0x2000000c   0x08007ed4   0x00000004   Data   RW          694    .data.uwTickPrio    stm32f4xx_hal.o
    0x20000010   0x08007ed8   0x00000004   Data   RW         1816    .data.uxCriticalNesting  port.o
    0x20000014   0x08007edc   0x00000004   PAD
    0x20000018        -       0x00000060   Zero   RW         2922    .bss                c_w.l(libspace.o)
    0x20000078        -       0x00000280   Zero   RW         2109    .bss.CAN_rx_callback  bsp_can.o
    0x200002f8        -       0x00000004   Zero   RW           49    .bss.CHASSIS_TASKHandle  freertos.o
    0x200002fc        -       0x00000004   Zero   RW         2392    .bss.CPU_FREQ_Hz    bsp_dwt.o
    0x20000300        -       0x00000004   Zero   RW         2393    .bss.CPU_FREQ_Hz_ms  bsp_dwt.o
    0x20000304        -       0x00000004   Zero   RW         2394    .bss.CPU_FREQ_Hz_us  bsp_dwt.o
    0x20000308        -       0x00000008   Zero   RW         2396    .bss.CYCCNT64       bsp_dwt.o
    0x20000310        -       0x00000004   Zero   RW         2398    .bss.CYCCNT_LAST    bsp_dwt.o
    0x20000314        -       0x00000004   Zero   RW         2395    .bss.CYCCNT_RountCount  bsp_dwt.o
    0x20000318        -       0x00000028   Zero   RW         2282    .bss.Control_Fire   fire_task.o
    0x20000340        -       0x00000018   Zero   RW         2244    .bss.Control_Move   chassis_task.o
    0x20000358        -       0x00000060   Zero   RW         2092    .bss.DT7_Safe       rc.o
    0x200003b8        -       0x00000004   Zero   RW         2091    .bss.ECF_RC_instance  rc.o
    0x200003bc        -       0x00000004   Zero   RW           51    .bss.FIRE_TASKHandle  freertos.o
    0x200003c0        -       0x00000004   Zero   RW           72    .bss.HAL_RCC_CAN1_CLK_ENABLED  can.o
    0x200003c4        -       0x00000004   Zero   RW         2307    .bss.Head           safe_task.o
    0x200003c8        -       0x00000004   Zero   RW         2108    .bss.NUM_of_can_and_id_type  bsp_can.o
    0x200003cc        -       0x00000024   Zero   RW         2217    .bss.Pm01_Info      pm01_api.o
    0x200003f0        -       0x00000004   Zero   RW           53    .bss.SAFE_TASKHandle  freertos.o
    0x200003f4        -       0x00000008   Zero   RW         2397    .bss.SysTime        bsp_dwt.o
    0x200003fc        -       0x00000050   Zero   RW         2031    .bss._ZL14DJI_Motor_List  dji_motor.o
    0x2000044c        -       0x00000008   Zero   RW         2034    .bss._ZN16DJI_Motor_Object21DJI_Motor_Tx_Data_1FFE  dji_motor.o
    0x20000454        -       0x00000008   Zero   RW         2033    .bss._ZN16DJI_Motor_Object21DJI_Motor_Tx_Data_200E  dji_motor.o
    0x2000045c        -       0x00000008   Zero   RW         2035    .bss._ZN16DJI_Motor_Object21DJI_Motor_Tx_Data_2FFE  dji_motor.o
    0x20000464        -       0x00000001   Zero   RW         2032    .bss._ZN16DJI_Motor_Object27ALL_DJI_Motor_Register_FlagE  dji_motor.o
    0x20000465   0x08007edc   0x00000003   PAD
    0x20000468        -       0x00000004   Zero   RW         2090    .bss._ZN6ECF_RC15ECF_RC_instanceE  rc.o
    0x2000046c        -       0x00000004   Zero   RW         1863    .bss._ZN9CHASSIS_c16Chassis_instanceE  chassis.o
    0x20000470        -       0x00000001   Zero   RW         2283    .bss._ZZN14Control_Fire_c7Get_CmdEvE14Fire_cmd_reset  fire_task.o
    0x20000471        -       0x00000001   Zero   RW         2243    .bss._ZZN14Control_Move_c7Get_CmdEvE15RC_Chassis_Mode  chassis_task.o
    0x20000472        -       0x00000001   Zero   RW         2242    .bss._ZZN14Control_Move_c7Get_CmdEvE17last_Chassis_Mode  chassis_task.o
    0x20000473   0x08007edc   0x00000001   PAD
    0x20000474        -       0x00000004   Zero   RW         2891    .bss.__cxa_new_handler  libcppabi_w.l(cxa_handlers.cpp.o)
    0x20000478        -       0x00000004   Zero   RW           47    .bss.defaultTaskHandle  freertos.o
    0x2000047c        -       0x00000028   Zero   RW           70    .bss.hcan1          can.o
    0x200004a4        -       0x00000028   Zero   RW           71    .bss.hcan2          can.o
    0x200004cc        -       0x00000060   Zero   RW           97    .bss.hdma_spi1_rx   spi.o
    0x2000052c        -       0x00000060   Zero   RW           98    .bss.hdma_spi1_tx   spi.o
    0x2000058c        -       0x00000060   Zero   RW          134    .bss.hdma_usart2_rx  usart.o
    0x200005ec        -       0x00000060   Zero   RW          135    .bss.hdma_usart2_tx  usart.o
    0x2000064c        -       0x00000060   Zero   RW          136    .bss.hdma_usart3_rx  usart.o
    0x200006ac        -       0x00000058   Zero   RW           96    .bss.hspi1          spi.o
    0x20000704        -       0x00000048   Zero   RW          199    .bss.htim1          stm32f4xx_hal_timebase_tim.o
    0x2000074c        -       0x00000048   Zero   RW          115    .bss.htim10         tim.o
    0x20000794        -       0x00000044   Zero   RW          132    .bss.huart2         usart.o
    0x200007d8        -       0x00000044   Zero   RW          133    .bss.huart3         usart.o
    0x2000081c        -       0x00000004   Zero   RW         2210    .bss.pm01_hcan      pm01_api.o
    0x20000820        -       0x00000004   Zero   RW         1606    .bss.pxCurrentTCB   tasks.o
    0x20000824        -       0x00000004   Zero   RW         1622    .bss.pxDelayedTaskList  tasks.o
    0x20000828        -       0x00000004   Zero   RW         1772    .bss.pxEnd          heap_4.o
    0x2000082c        -       0x00000004   Zero   RW         1623    .bss.pxOverflowDelayedTaskList  tasks.o
    0x20000830        -       0x0000008c   Zero   RW         1607    .bss.pxReadyTasksLists  tasks.o
    0x200008bc        -       0x00003c00   Zero   RW         1779    .bss.ucHeap         heap_4.o
    0x200044bc        -       0x00000001   Zero   RW         1814    .bss.ucMaxSysCallPriority  port.o
    0x200044bd   0x08007edc   0x00000003   PAD
    0x200044c0        -       0x00000004   Zero   RW         1815    .bss.ulMaxPRIGROUPValue  port.o
    0x200044c4        -       0x00000004   Zero   RW          696    .bss.uwTick         stm32f4xx_hal.o
    0x200044c8        -       0x00000004   Zero   RW         1612    .bss.uxCurrentNumberOfTasks  tasks.o
    0x200044cc        -       0x00000004   Zero   RW         1611    .bss.uxDeletedTasksWaitingCleanUp  tasks.o
    0x200044d0        -       0x00000004   Zero   RW         1614    .bss.uxSchedulerSuspended  tasks.o
    0x200044d4        -       0x00000004   Zero   RW         1609    .bss.uxTaskNumber   tasks.o
    0x200044d8        -       0x00000004   Zero   RW         1608    .bss.uxTopReadyPriority  tasks.o
    0x200044dc        -       0x00000001   Zero   RW         1773    .bss.xBlockAllocatedBit  heap_4.o
    0x200044dd   0x08007edc   0x00000003   PAD
    0x200044e0        -       0x00000014   Zero   RW         1625    .bss.xDelayedTaskList1  tasks.o
    0x200044f4        -       0x00000014   Zero   RW         1626    .bss.xDelayedTaskList2  tasks.o
    0x20004508        -       0x00000004   Zero   RW         1774    .bss.xFreeBytesRemaining  heap_4.o
    0x2000450c        -       0x00000200   Zero   RW           44    .bss.xIdleStack     freertos.o
    0x2000470c        -       0x00000004   Zero   RW         1617    .bss.xIdleTaskHandle  tasks.o
    0x20004710        -       0x00000064   Zero   RW           43    .bss.xIdleTaskTCBBuffer  freertos.o
    0x20004774        -       0x00000004   Zero   RW         1776    .bss.xMinimumEverFreeBytesRemaining  heap_4.o
    0x20004778        -       0x00000004   Zero   RW         1618    .bss.xNextTaskUnblockTime  tasks.o
    0x2000477c        -       0x00000004   Zero   RW         1624    .bss.xNumOfOverflows  tasks.o
    0x20004780        -       0x00000004   Zero   RW         1777    .bss.xNumberOfSuccessfulAllocations  heap_4.o
    0x20004784        -       0x00000004   Zero   RW         1778    .bss.xNumberOfSuccessfulFrees  heap_4.o
    0x20004788        -       0x00000004   Zero   RW         1621    .bss.xPendedTicks   tasks.o
    0x2000478c        -       0x00000014   Zero   RW         1616    .bss.xPendingReadyList  tasks.o
    0x200047a0        -       0x00000004   Zero   RW         1613    .bss.xSchedulerRunning  tasks.o
    0x200047a4        -       0x00000008   Zero   RW         1775    .bss.xStart         heap_4.o
    0x200047ac        -       0x00000014   Zero   RW         1615    .bss.xSuspendedTaskList  tasks.o
    0x200047c0        -       0x00000014   Zero   RW         1610    .bss.xTasksWaitingTermination  tasks.o
    0x200047d4        -       0x00000004   Zero   RW         1619    .bss.xTickCount     tasks.o
    0x200047d8        -       0x00000004   Zero   RW         1620    .bss.xYieldPending  tasks.o
    0x200047dc   0x08007edc   0x00000004   PAD
    0x200047e0        -       0x00002000   Zero   RW            2    HEAP                startup_stm32f407xx.o
    0x200067e0        -       0x00002000   Zero   RW            1    STACK               startup_stm32f407xx.o


    Execution Region RW_IRAM2 (Exec base: 0x2001c000, Load base: 0x08007ee0, Size: 0x00000000, Max: 0x00004000, ABSOLUTE)

    **** No section assigned to this execution region ****


==============================================================================

Image component sizes


      Code (inc. data)   RO Data    RW Data    ZI Data      Debug   Object Name

       430          0          0          0        644       4639   bsp_can.o
       400          4          0          0         36       3847   bsp_dwt.o
       422          0          0          0         84       6501   can.o
      2468        116          4          0          4      35654   chassis.o
       368          0          4          0         26      22938   chassis_task.o
       148          0          0          0          0      19543   cmsis_os.o
       196          0        768          2          0       2685   crc.o
      1506         12          0          0        105      19948   dji_motor.o
       138          0          0          0          0       3351   dma.o
       546          0          4          0         41      24570   fire_task.o
       232          0        157          0        628       3348   freertos.o
       228          0          0          0          0       2195   gpio.o
       676          0          0          0      15389       4767   heap_4.o
       150          0          0          0          0       2233   list.o
       250          0          0          0          0       6018   main_1.o
       462         48       3604          0          0       4271   maths.o
      1064         68          0          0          0      13036   pid.o
       552          4          0          0         40       8130   pm01_api.o
       774         16          0          4          5       3939   port.o
      2254         24          4          0        104      25163   rc.o
       280          0          0          0          4       9220   safe_task.o
       384          0          0          0        280       5166   spi.o
        64         26        392          0      16384        844   startup_stm32f407xx.o
        92          0          0          5          4       7293   stm32f4xx_hal.o
      1636          6          0          0          0      13117   stm32f4xx_hal_can.o
       204          0          0          0          0      10740   stm32f4xx_hal_cortex.o
       906         12          0          0          0       9285   stm32f4xx_hal_dma.o
       420          0          0          0          0       5206   stm32f4xx_hal_gpio.o
        70          0          0          0          0       3370   stm32f4xx_hal_msp.o
      1440          0          0          0          0       7357   stm32f4xx_hal_rcc.o
       180          0          0          0          0      21680   stm32f4xx_hal_spi.o
      1552          4          0          0          0      44855   stm32f4xx_hal_tim.o
         4          0          0          0          0      19247   stm32f4xx_hal_tim_ex.o
       164          0          0          0         72       7181   stm32f4xx_hal_timebase_tim.o
      1290          0          0          0          0      24746   stm32f4xx_hal_uart.o
       192          0          0          0          0       3270   stm32f4xx_it.o
        18          0         24          4          0       2646   system_stm32f4xx.o
      2012          8          0          0        300      24803   tasks.o
       304          0          0          0         72       7712   tim.o
       614          0          0          0        424       7265   usart.o

    ----------------------------------------------------------------------
     25384        348       4996         20      34664     451779   Object Totals
         0          0         32          0          0          0   (incl. Generated)
       294          0          3          5         18          0   (incl. Padding)

    ----------------------------------------------------------------------

      Code (inc. data)   RO Data    RW Data    ZI Data      Debug   Library Member Name

         8          0          0          0          0         68   __main.o
         0          0          0          0          0          0   __rtentry.o
        12          0          0          0          0          0   __rtentry2.o
         6          0          0          0          0          0   __rtentry4.o
        52          8          0          0          0          0   __scatter.o
        26          0          0          0          0          0   __scatter_copy.o
        28          0          0          0          0          0   __scatter_zi.o
        22          0          0          0          0        100   _rserrno.o
        10          0          0          0          0         68   defsig_exit.o
        50          0          0          0          0         88   defsig_general.o
        80         58          0          0          0         76   defsig_rtmem_inner.o
        14          0          0          0          0         80   defsig_rtmem_outer.o
        18          0          0          0          0         80   exit.o
        94          0          0          0          0         80   h1_alloc.o
        52          0          0          0          0         68   h1_extend.o
        78          0          0          0          0         80   h1_free.o
        14          0          0          0          0         84   h1_init.o
         6          0          0          0          0        152   heapauxi.o
         4          0          0          0          0        136   hguard.o
         0          0          0          0          0          0   indicate_semi.o
        36          8          0          0          0         80   init_aeabi.o
       138          0          0          0          0        168   init_alloc.o
         2          0          0          0          0          0   libinit.o
        18          0          0          0          0          0   libinit2.o
         2          0          0          0          0          0   libshutdown.o
         2          0          0          0          0          0   libshutdown2.o
         8          4          0          0         96         68   libspace.o
       240          0          0          0          0        100   lludivv7m.o
         0          0          0          0          0          0   maybetermalloc1.o
         8          4          0          0          0         68   rt_errno_addr_intlibspace.o
         8          4          0          0          0         68   rt_heap_descriptor_intlibspace.o
        68          0          0          0          0         68   rt_memclr.o
        78          0          0          0          0         80   rt_memclr_w.o
       138          0          0          0          0         68   rt_memcpy_v6.o
       100          0          0          0          0         80   rt_memcpy_w.o
         2          0          0          0          0          0   rtexit.o
        10          0          0          0          0          0   rtexit2.o
        72          0          0          0          0         80   strcpy.o
        12          4          0          0          0         68   sys_exit.o
        74          0          0          0          0         80   sys_stackheap_outer.o
        14          0          0          0          0         76   sys_wrch.o
         2          0          0          0          0         68   use_no_semi.o
        92          4          0          0          0        132   ffixull.o
        96          0          0          0          0        132   ffltll_clz.o
       140          4          0          0          0        132   fnaninf.o
        26          0          0          0          0        116   fpinit.o
         0          0          0          0          0          0   usenofp.o
        38          0          0          0          0        380   new.cpp.o
        12          0          0          0          4        148   cxa_handlers.cpp.o
        58          0          0          0          0        136   sqrtf.o

    ----------------------------------------------------------------------
      2076         98          0          0        100       3556   Library Totals
         8          0          0          0          0          0   (incl. Padding)

    ----------------------------------------------------------------------

      Code (inc. data)   RO Data    RW Data    ZI Data      Debug   Library Name

      1606         90          0          0         96       2380   c_w.l
       354          8          0          0          0        512   fz_wm.l
        38          0          0          0          0        380   libcpp_w.l
        12          0          0          0          4        148   libcppabi_w.l
        58          0          0          0          0        136   m_wm.l

    ----------------------------------------------------------------------
      2076         98          0          0        100       3556   Library Totals

    ----------------------------------------------------------------------

==============================================================================


      Code (inc. data)   RO Data    RW Data    ZI Data      Debug   

     27460        446       4996         20      34764     452935   Grand Totals
     27460        446       4996         20      34764     452935   ELF Image Totals
     27460        446       4996         20          0          0   ROM Totals

==============================================================================

    Total RO  Size (Code + RO Data)                32456 (  31.70kB)
    Total RW  Size (RW Data + ZI Data)             34784 (  33.97kB)
    Total ROM Size (Code + RO Data + RW Data)      32476 (  31.71kB)

==============================================================================

