Component: ARM Compiler 6.16 Tool: armlink [5dfeaa00]

==============================================================================

Section Cross References

    startup_stm32f407xx.o(STACK) refers (Special) to heapauxi.o(.text) for __use_two_region_memory
    startup_stm32f407xx.o(HEAP) refers (Special) to heapauxi.o(.text) for __use_two_region_memory
    startup_stm32f407xx.o(RESET) refers (Special) to heapauxi.o(.text) for __use_two_region_memory
    startup_stm32f407xx.o(RESET) refers to startup_stm32f407xx.o(STACK) for __initial_sp
    startup_stm32f407xx.o(RESET) refers to startup_stm32f407xx.o(.text) for Reset_Handler
    startup_stm32f407xx.o(RESET) refers to stm32f4xx_it.o(.text.NMI_Handler) for NMI_Handler
    startup_stm32f407xx.o(RESET) refers to stm32f4xx_it.o(.text.HardFault_Handler) for HardFault_Handler
    startup_stm32f407xx.o(RESET) refers to stm32f4xx_it.o(.text.MemManage_Handler) for MemManage_Handler
    startup_stm32f407xx.o(RESET) refers to stm32f4xx_it.o(.text.BusFault_Handler) for BusFault_Handler
    startup_stm32f407xx.o(RESET) refers to stm32f4xx_it.o(.text.UsageFault_Handler) for UsageFault_Handler
    startup_stm32f407xx.o(RESET) refers to port.o(.text.SVC_Handler) for SVC_Handler
    startup_stm32f407xx.o(RESET) refers to stm32f4xx_it.o(.text.DebugMon_Handler) for DebugMon_Handler
    startup_stm32f407xx.o(RESET) refers to port.o(.text.PendSV_Handler) for PendSV_Handler
    startup_stm32f407xx.o(RESET) refers to port.o(.text.SysTick_Handler) for SysTick_Handler
    startup_stm32f407xx.o(RESET) refers to stm32f4xx_it.o(.text.DMA1_Stream1_IRQHandler) for DMA1_Stream1_IRQHandler
    startup_stm32f407xx.o(RESET) refers to stm32f4xx_it.o(.text.DMA1_Stream5_IRQHandler) for DMA1_Stream5_IRQHandler
    startup_stm32f407xx.o(RESET) refers to stm32f4xx_it.o(.text.DMA1_Stream6_IRQHandler) for DMA1_Stream6_IRQHandler
    startup_stm32f407xx.o(RESET) refers to stm32f4xx_it.o(.text.CAN1_RX0_IRQHandler) for CAN1_RX0_IRQHandler
    startup_stm32f407xx.o(RESET) refers to stm32f4xx_it.o(.text.TIM1_UP_TIM10_IRQHandler) for TIM1_UP_TIM10_IRQHandler
    startup_stm32f407xx.o(RESET) refers to stm32f4xx_it.o(.text.USART2_IRQHandler) for USART2_IRQHandler
    startup_stm32f407xx.o(RESET) refers to stm32f4xx_it.o(.text.USART3_IRQHandler) for USART3_IRQHandler
    startup_stm32f407xx.o(RESET) refers to stm32f4xx_it.o(.text.DMA2_Stream2_IRQHandler) for DMA2_Stream2_IRQHandler
    startup_stm32f407xx.o(RESET) refers to stm32f4xx_it.o(.text.DMA2_Stream3_IRQHandler) for DMA2_Stream3_IRQHandler
    startup_stm32f407xx.o(RESET) refers to stm32f4xx_it.o(.text.CAN2_RX0_IRQHandler) for CAN2_RX0_IRQHandler
    startup_stm32f407xx.o(.text) refers (Special) to heapauxi.o(.text) for __use_two_region_memory
    startup_stm32f407xx.o(.text) refers to system_stm32f4xx.o(.text.SystemInit) for SystemInit
    startup_stm32f407xx.o(.text) refers to __main.o(!!!main) for __main
    startup_stm32f407xx.o(.text) refers to startup_stm32f407xx.o(HEAP) for Heap_Mem
    startup_stm32f407xx.o(.text) refers to startup_stm32f407xx.o(STACK) for Stack_Mem
    main_1.o(.text.main) refers to stm32f4xx_hal.o(.text.HAL_Init) for HAL_Init
    main_1.o(.text.main) refers to main_1.o(.text.SystemClock_Config) for SystemClock_Config
    main_1.o(.text.main) refers to gpio.o(.text.MX_GPIO_Init) for MX_GPIO_Init
    main_1.o(.text.main) refers to dma.o(.text.MX_DMA_Init) for MX_DMA_Init
    main_1.o(.text.main) refers to usart.o(.text.MX_USART3_UART_Init) for MX_USART3_UART_Init
    main_1.o(.text.main) refers to can.o(.text.MX_CAN1_Init) for MX_CAN1_Init
    main_1.o(.text.main) refers to can.o(.text.MX_CAN2_Init) for MX_CAN2_Init
    main_1.o(.text.main) refers to spi.o(.text.MX_SPI1_Init) for MX_SPI1_Init
    main_1.o(.text.main) refers to tim.o(.text.MX_TIM10_Init) for MX_TIM10_Init
    main_1.o(.text.main) refers to usart.o(.text.MX_USART2_UART_Init) for MX_USART2_UART_Init
    main_1.o(.text.main) refers to bsp_can.o(.text.ECF_CAN_Init) for ECF_CAN_Init
    main_1.o(.text.main) refers to rc.o(.text.ECF_RC_Init) for ECF_RC_Init
    main_1.o(.text.main) refers to freertos.o(.text.MX_FREERTOS_Init) for MX_FREERTOS_Init
    main_1.o(.text.main) refers to cmsis_os.o(.text.osKernelStart) for osKernelStart
    main_1.o(.ARM.exidx.text.main) refers to main_1.o(.text.main) for [Anonymous Symbol]
    main_1.o(.text.SystemClock_Config) refers to rt_memclr_w.o(.text) for __aeabi_memclr4
    main_1.o(.text.SystemClock_Config) refers to stm32f4xx_hal_rcc.o(.text.HAL_RCC_OscConfig) for HAL_RCC_OscConfig
    main_1.o(.text.SystemClock_Config) refers to main_1.o(.text.Error_Handler) for Error_Handler
    main_1.o(.text.SystemClock_Config) refers to stm32f4xx_hal_rcc.o(.text.HAL_RCC_ClockConfig) for HAL_RCC_ClockConfig
    main_1.o(.ARM.exidx.text.SystemClock_Config) refers to main_1.o(.text.SystemClock_Config) for [Anonymous Symbol]
    main_1.o(.ARM.exidx.text.Error_Handler) refers to main_1.o(.text.Error_Handler) for [Anonymous Symbol]
[...]
    HAL_TIM_MspPostInit                      0x08003a9d   Thumb Code   110  tim.o(.text.HAL_TIM_MspPostInit)
    HAL_TIM_OC_DelayElapsedCallback          0x08003b0d   Thumb Code     8  stm32f4xx_hal_tim.o(.text.HAL_TIM_OC_DelayElapsedCallback)
    HAL_TIM_PWM_ConfigChannel                0x08003b15   Thumb Code   322  stm32f4xx_hal_tim.o(.text.HAL_TIM_PWM_ConfigChannel)
    HAL_TIM_PWM_Init                         0x08003c59   Thumb Code   156  stm32f4xx_hal_tim.o(.text.HAL_TIM_PWM_Init)
    HAL_TIM_PWM_MspInit                      0x08003cf5   Thumb Code     8  stm32f4xx_hal_tim.o(.text.HAL_TIM_PWM_MspInit)
    HAL_TIM_PWM_PulseFinishedCallback        0x08003cfd   Thumb Code     8  stm32f4xx_hal_tim.o(.text.HAL_TIM_PWM_PulseFinishedCallback)
    HAL_TIM_PeriodElapsedCallback            0x08003d05   Thumb Code    32  main_1.o(.text.HAL_TIM_PeriodElapsedCallback)
    HAL_TIM_TriggerCallback                  0x08003d25   Thumb Code     8  stm32f4xx_hal_tim.o(.text.HAL_TIM_TriggerCallback)
    HAL_UARTEx_RxEventCallback               0x08003d2d   Thumb Code    12  stm32f4xx_hal_uart.o(.text.HAL_UARTEx_RxEventCallback)
    HAL_UART_ErrorCallback                   0x08003d39   Thumb Code     8  stm32f4xx_hal_uart.o(.text.HAL_UART_ErrorCallback)
    HAL_UART_IRQHandler                      0x08003d41   Thumb Code  1054  stm32f4xx_hal_uart.o(.text.HAL_UART_IRQHandler)
    HAL_UART_Init                            0x08004161   Thumb Code   154  stm32f4xx_hal_uart.o(.text.HAL_UART_Init)
    HAL_UART_MspInit                         0x080041fd   Thumb Code   660  usart.o(.text.HAL_UART_MspInit)
    HAL_UART_RxCpltCallback                  0x08004491   Thumb Code     8  stm32f4xx_hal_uart.o(.text.HAL_UART_RxCpltCallback)
    HAL_UART_TxCpltCallback                  0x08004499   Thumb Code     8  stm32f4xx_hal_uart.o(.text.HAL_UART_TxCpltCallback)
    HardFault_Handler                        0x080044a1   Thumb Code     4  stm32f4xx_it.o(.text.HardFault_Handler)
    MX_CAN1_Init                             0x080044a5   Thumb Code    78  can.o(.text.MX_CAN1_Init)
    MX_CAN2_Init                             0x080044f5   Thumb Code    78  can.o(.text.MX_CAN2_Init)
    MX_DMA_Init                              0x08004545   Thumb Code   170  dma.o(.text.MX_DMA_Init)
    MX_FREERTOS_Init                         0x080045f1   Thumb Code   258  freertos.o(.text.MX_FREERTOS_Init)
    MX_GPIO_Init                             0x080046f5   Thumb Code   302  gpio.o(.text.MX_GPIO_Init)
    MX_SPI1_Init                             0x08004825   Thumb Code    82  spi.o(.text.MX_SPI1_Init)
    MX_TIM10_Init                            0x08004879   Thumb Code   142  tim.o(.text.MX_TIM10_Init)
    MX_USART2_UART_Init                      0x08004909   Thumb Code    64  usart.o(.text.MX_USART2_UART_Init)
    MX_USART3_UART_Init                      0x08004949   Thumb Code    72  usart.o(.text.MX_USART3_UART_Init)
    MemManage_Handler                        0x08004991   Thumb Code     4  stm32f4xx_it.o(.text.MemManage_Handler)
    NMI_Handler                              0x08004995   Thumb Code     4  stm32f4xx_it.o(.text.NMI_Handler)
    PendSV_Handler                           0x08004a11   Thumb Code   100  port.o(.text.PendSV_Handler)
    SVC_Handler                              0x08004a81   Thumb Code    36  port.o(.text.SVC_Handler)
    StartDefaultTask                         0x08004aa5   Thumb Code    16  freertos.o(.text.StartDefaultTask)
    SysTick_Handler                          0x08004ab5   Thumb Code    60  port.o(.text.SysTick_Handler)
    SystemClock_Config                       0x08004af1   Thumb Code   186  main_1.o(.text.SystemClock_Config)
    SystemInit                               0x08004bad   Thumb Code    18  system_stm32f4xx.o(.text.SystemInit)
    TIM1_UP_TIM10_IRQHandler                 0x08004bc1   Thumb Code    28  stm32f4xx_it.o(.text.TIM1_UP_TIM10_IRQHandler)
    TIM_Base_SetConfig                       0x08004bdd   Thumb Code   410  stm32f4xx_hal_tim.o(.text.TIM_Base_SetConfig)
    TIM_OC2_SetConfig                        0x08004e65   Thumb Code   244  stm32f4xx_hal_tim.o(.text.TIM_OC2_SetConfig)
    USART2_IRQHandler                        0x08005501   Thumb Code    20  stm32f4xx_it.o(.text.USART2_IRQHandler)
    USART3_IRQHandler                        0x08005515   Thumb Code    20  stm32f4xx_it.o(.text.USART3_IRQHandler)
    UsageFault_Handler                       0x08005529   Thumb Code     4  stm32f4xx_it.o(.text.UsageFault_Handler)
    Verify_CRC16_Check_Sum                   0x0800552d   Thumb Code   124  crc.o(.text.Verify_CRC16_Check_Sum)
    Verify_CRC8_Check_Sum                    0x080055a9   Thumb Code    82  crc.o(.text.Verify_CRC8_Check_Sum)
    Deal_Gimbal_Fire_Info_0x02(CAN_RxHeaderTypeDef*, unsigned char*) 0x08005625   Thumb Code    24  fire_task.o(.text._Z26Deal_Gimbal_Fire_Info_0x02P19CAN_RxHeaderTypeDefPh)
    Deal_Gimbal_Fire_Info_0x03(CAN_RxHeaderTypeDef*, unsigned char*) 0x0800563d   Thumb Code    26  fire_task.o(.text._Z26Deal_Gimbal_Fire_Info_0x03P19CAN_RxHeaderTypeDefPh)
    Deal_Gimbal_Fire_Info_0x04(CAN_RxHeaderTypeDef*, unsigned char*) 0x08005659   Thumb Code    24  fire_task.o(.text._Z26Deal_Gimbal_Fire_Info_0x04P19CAN_RxHeaderTypeDefPh)
    ALL_DJI_CAN1_Rx_Callback_Register(CAN_RxHeaderTypeDef*, unsigned char*) 0x08005671   Thumb Code    78  dji_motor.o(.text._Z33ALL_DJI_CAN1_Rx_Callback_RegisterP19CAN_RxHeaderTypeDefPh)
    ALL_DJI_CAN2_Rx_Callback_Register(CAN_RxHeaderTypeDef*, unsigned char*) 0x080056c1   Thumb Code    82  dji_motor.o(.text._Z33ALL_DJI_CAN2_Rx_Callback_RegisterP19CAN_RxHeaderTypeDefPh)
    DMA_Init(__UART_HandleTypeDef*, unsigned char*, unsigned char*, unsigned short) 0x08005715   Thumb Code   158  rc.o(.text._Z8DMA_InitP20__UART_HandleTypeDefPhS1_t)
    Safe_task_c::Calc_Disconnection_time()   0x08005d79   Thumb Code   104  safe_task.o(.text._ZN11Safe_task_c23Calc_Disconnection_timeEv)
    Safe_task_c::Doing_DisconnetCallBack()   0x08005de1   Thumb Code    54  safe_task.o(.text._ZN11Safe_task_c23Doing_DisconnetCallBackEv)
    Safe_task_c::Online()                    0x08005e19   Thumb Code    64  safe_task.o(.text._ZN11Safe_task_c6OnlineEv)
    Safe_task_c::Safe_task_c(char const*, unsigned long long, void (*)()) 0x08005e59   Thumb Code   146  safe_task.o(.text._ZN11Safe_task_cC2EPKcyPFvvE)
    Safe_task_c::Safe_task_c__sub_object(char const*, unsigned long long, void (*)()) 0x08005e59   Thumb Code   146  safe_task.o(.text._ZN11Safe_task_cC2EPKcyPFvvE)
    Control_Fire_c::To_Empty_Position()      0x08005eed   Thumb Code    18  fire_task.o(.text._ZN14Control_Fire_c17To_Empty_PositionEv)
    Control_Fire_c::To_Shoot_Position(unsigned char) 0x08005f01   Thumb Code    38  fire_task.o(.text._ZN14Control_Fire_c17To_Shoot_PositionEh)
    Control_Fire_c::Clear_Set_Position()     0x08005f29   Thumb Code    16  fire_task.o(.text._ZN14Control_Fire_c18Clear_Set_PositionEv)
    Control_Fire_c::Save_Empty_Position()    0x08005f39   Thumb Code    30  fire_task.o(.text._ZN14Control_Fire_c19Save_Empty_PositionEv)
    Control_Fire_c::Clear_Empty_Position()   0x08005f59   Thumb Code    20  fire_task.o(.text._ZN14Control_Fire_c20Clear_Empty_PositionEv)
    Control_Fire_c::Get_Cmd()                0x08005f6d   Thumb Code   202  fire_task.o(.text._ZN14Control_Fire_c7Get_CmdEv)
    Control_Fire_c::Set_Cmd()                0x08006039   Thumb Code   282  fire_task.o(.text._ZN14Control_Fire_c7Set_CmdEv)
    Control_Fire_c::Control_Fire_c()         0x08006155   Thumb Code   112  fire_task.o(.text._ZN14Control_Fire_cC2Ev)
    Control_Fire_c::Control_Fire_c__sub_object() 0x08006155   Thumb Code   112  fire_task.o(.text._ZN14Control_Fire_cC2Ev)
    Control_Move_c::Get_Cmd()                0x080061c5   Thumb Code   294  chassis_task.o(.text._ZN14Control_Move_c7Get_CmdEv)
    Control_Move_c::Set_Cmd()                0x080062ed   Thumb Code    54  chassis_task.o(.text._ZN14Control_Move_c7Set_CmdEv)
    Control_Move_c::Cmd_Calc()               0x08006325   Thumb Code    32  chassis_task.o(.text._ZN14Control_Move_c8Cmd_CalcEv)
    Control_Move_c::Cmd_Ctrl()               0x08006345   Thumb Code    18  chassis_task.o(.text._ZN14Control_Move_c8Cmd_CtrlEv)
    Control_Move_c::Control_Move_c()         0x08006359   Thumb Code    40  chassis_task.o(.text._ZN14Control_Move_cC2Ev)
    Control_Move_c::Control_Move_c__sub_object() 0x08006359   Thumb Code    40  chassis_task.o(.text._ZN14Control_Move_cC2Ev)
    DJI_Motor_Object::Set_PID_Val(short)     0x08006381   Thumb Code   110  dji_motor.o(.text._ZN16DJI_Motor_Object11Set_PID_ValEs)
    DJI_Motor_Object::Set_PID_Mode(Using_PID_e) 0x080063f1   Thumb Code    22  dji_motor.o(.text._ZN16DJI_Motor_Object12Set_PID_ModeE11Using_PID_e)
    DJI_Motor_Object::DJI_Motor_Encoder::angle_limiting_int16(short, short) 0x08006409   Thumb Code   100  dji_motor.o(.text._ZN16DJI_Motor_Object17DJI_Motor_Encoder20angle_limiting_int16Ess)
    DJI_Motor_Object::DJI_Motor_Encoder::DJI_Motor_Encoder_Data_Deal(short, short) 0x0800646d   Thumb Code   336  dji_motor.o(.text._ZN16DJI_Motor_Object17DJI_Motor_Encoder27DJI_Motor_Encoder_Data_DealEss)
    DJI_Motor_Object::DJI_Motor_Encoder::DJI_Motor_Encoder_Data_Init(Encoder_Type_e, unsigned short) 0x080065bd   Thumb Code   142  dji_motor.o(.text._ZN16DJI_Motor_Object17DJI_Motor_Encoder27DJI_Motor_Encoder_Data_InitE14Encoder_Type_et)
    DJI_Motor_Object::DJI_Motor_Encoder::Clear() 0x0800664d   Thumb Code    28  dji_motor.o(.text._ZN16DJI_Motor_Object17DJI_Motor_Encoder5ClearEv)
    DJI_Motor_Object::DJI_Motor_Data_Deal(CAN_RxHeaderTypeDef*, unsigned char*) 0x08006669   Thumb Code   172  dji_motor.o(.text._ZN16DJI_Motor_Object19DJI_Motor_Data_DealEP19CAN_RxHeaderTypeDefPh)
    DJI_Motor_Object::DJI_Motor_Send_Groud() 0x08006715   Thumb Code    24  dji_motor.o(.text._ZN16DJI_Motor_Object20DJI_Motor_Send_GroudEv)
    DJI_Motor_Object::Update_Myself_Control_Data(short) 0x0800672d   Thumb Code   112  dji_motor.o(.text._ZN16DJI_Motor_Object26Update_Myself_Control_DataEs)
    DJI_Motor_Object::DJI_Motor_Send_Only_Oneself() 0x0800679d   Thumb Code    54  dji_motor.o(.text._ZN16DJI_Motor_Object27DJI_Motor_Send_Only_OneselfEv)
    DJI_Motor_Object::Set_Keep()             0x080067d5   Thumb Code    48  dji_motor.o(.text._ZN16DJI_Motor_Object8Set_KeepEv)
    DJI_Motor_Object::Ctrl_Calc()            0x08006805   Thumb Code   194  dji_motor.o(.text._ZN16DJI_Motor_Object9Ctrl_CalcEv)
    DJI_Motor_Object::DJI_Motor_Object(__CAN_HandleTypeDef*, unsigned char, bool, Encoder_Type_e, unsigned int) 0x080068c9   Thumb Code   510  dji_motor.o(.text._ZN16DJI_Motor_ObjectC2EP19__CAN_HandleTypeDefhb14Encoder_Type_ej)
    DJI_Motor_Object::DJI_Motor_Object__sub_object(__CAN_HandleTypeDef*, unsigned char, bool, Encoder_Type_e, unsigned int) 0x080068c9   Thumb Code   510  dji_motor.o(.text._ZN16DJI_Motor_ObjectC2EP19__CAN_HandleTypeDefhb14Encoder_Type_ej)
    DJI_Motor_Object::DJI_Motor_Object(__CAN_HandleTypeDef*, unsigned char, bool, Encoder_Type_e, unsigned int, float, float, float, unsigned int, float, float, float, unsigned int) 0x08006ac9   Thumb Code   156  dji_motor.o(.text._ZN16DJI_Motor_ObjectC2EP19__CAN_HandleTypeDefhb14Encoder_Type_ejfffjfffj)
    DJI_Motor_Object::DJI_Motor_Object__sub_object(__CAN_HandleTypeDef*, unsigned char, bool, Encoder_Type_e, unsigned int, float, float, float, unsigned int, float, float, float, unsigned int) 0x08006ac9   Thumb Code   156  dji_motor.o(.text._ZN16DJI_Motor_ObjectC2EP19__CAN_HandleTypeDefhb14Encoder_Type_ejfffjfffj)
    Gimbal_Fire_Info_t::Gimbal_Fire_Info_t__sub_object() 0x08006b65   Thumb Code    16  fire_task.o(.text._ZN18Gimbal_Fire_Info_tC2Ev)
    Pid_c::PidInitMode(Pid_parameter_t*, unsigned int, float, float) 0x08006b75   Thumb Code   194  pid.o(.text._ZN5Pid_c11PidInitModeEP15Pid_parameter_tjff)
    Pid_c::PidCalculate(float, float)        0x08006c39   Thumb Code    32  pid.o(.text._ZN5Pid_c12PidCalculateEff)
    Pid_c::PidCalculate(float, float, float) 0x08006c59   Thumb Code    58  pid.o(.text._ZN5Pid_c12PidCalculateEfff)
    Pid_c::InitSpeedPidMode(unsigned int, float, float) 0x08006c95   Thumb Code    38  pid.o(.text._ZN5Pid_c16InitSpeedPidModeEjff)
    Pid_c::PidInit(Pid_parameter_t*, float, float, float, unsigned int) 0x08006cbd   Thumb Code    66  pid.o(.text._ZN5Pid_c7PidInitEP15Pid_parameter_tfffj)
    Pid_c::InitMode(unsigned int, float, float) 0x08006d01   Thumb Code    36  pid.o(.text._ZN5Pid_c8InitModeEjff)
    Pid_c::Pid_c(float, float, float, unsigned int) 0x08006d25   Thumb Code    50  pid.o(.text._ZN5Pid_cC2Efffj)
    Pid_c::Pid_c__sub_object(float, float, float, unsigned int) 0x08006d25   Thumb Code    50  pid.o(.text._ZN5Pid_cC2Efffj)
    Pid_c::Pid_c(float, float, float, unsigned int, float, float, float, unsigned int) 0x08006d59   Thumb Code    92  pid.o(.text._ZN5Pid_cC2Efffjfffj)
    Pid_c::Pid_c__sub_object(float, float, float, unsigned int, float, float, float, unsigned int) 0x08006d59   Thumb Code    92  pid.o(.text._ZN5Pid_cC2Efffjfffj)
    Pid_c::Pid_c()                           0x08006db5   Thumb Code    10  pid.o(.text._ZN5Pid_cC2Ev)
    Pid_c::Pid_c__sub_object()               0x08006db5   Thumb Code    10  pid.o(.text._ZN5Pid_cC2Ev)
    ECF_RC::Updata_ctrl(bool)                0x08006dc1   Thumb Code   288  rc.o(.text._ZN6ECF_RC11Updata_ctrlEb)
    ECF_RC::DT7_DataProcess(unsigned char)   0x08006ee1   Thumb Code   596  rc.o(.text._ZN6ECF_RC15DT7_DataProcessEh)
    ECF_RC::DT7_UART_Handler()               0x08007135   Thumb Code   350  rc.o(.text._ZN6ECF_RC16DT7_UART_HandlerEv)
    ECF_RC::Get_ECF_RC_Instance()            0x08007295   Thumb Code    12  rc.o(.text._ZN6ECF_RC19Get_ECF_RC_InstanceEv)
    ECF_RC::REFFEREE_DataProcess(unsigned char (*) [255], unsigned char, unsigned char) 0x080072a1   Thumb Code  1482  rc.o(.text._ZN6ECF_RC20REFFEREE_DataProcessEPA255_hhh)
    ECF_RC::RefereeDataCRC16Deal(void*, unsigned char*, unsigned char) 0x0800786d   Thumb Code    88  rc.o(.text._ZN6ECF_RC20RefereeDataCRC16DealEPvPhh)
    ECF_RC::REFFEREE_UART_Handler()          0x080078c5   Thumb Code   336  rc.o(.text._ZN6ECF_RC21REFFEREE_UART_HandlerEv)
    ECF_RC::Dt7_Clear()                      0x08007a15   Thumb Code    48  rc.o(.text._ZN6ECF_RC9Dt7_ClearEv)
    ECF_RC::ECF_RC()                         0x08007a45   Thumb Code  1462  rc.o(.text._ZN6ECF_RCC2Ev)
    ECF_RC::ECF_RC__sub_object()             0x08007a45   Thumb Code  1462  rc.o(.text._ZN6ECF_RCC2Ev)
    Speed_c::Set(short, short, float, Chassis_Mode_e) 0x08007ffd   Thumb Code   244  chassis.o(.text._ZN7Speed_c3SetEssf14Chassis_Mode_e)
    Speed_c::Speed_c__sub_object()           0x080080f1   Thumb Code   100  chassis.o(.text._ZN7Speed_cC2Ev)
    CHASSIS_c::Power_Control(float)          0x08008155   Thumb Code  1620  chassis.o(.text._ZN9CHASSIS_c13Power_ControlEf)
    CHASSIS_c::Fire_Motor_Work()             0x080087a9   Thumb Code    42  chassis.o(.text._ZN9CHASSIS_c15Fire_Motor_WorkEv)
    CHASSIS_c::Fire_Motor_Work(long long)    0x080087d5   Thumb Code    50  chassis.o(.text._ZN9CHASSIS_c15Fire_Motor_WorkEx)
    CHASSIS_c::Fire_Motor_Empty()            0x08008809   Thumb Code    46  chassis.o(.text._ZN9CHASSIS_c16Fire_Motor_EmptyEv)
    CHASSIS_c::Fire_Motor_Nowork()           0x08008839   Thumb Code    50  chassis.o(.text._ZN9CHASSIS_c17Fire_Motor_NoworkEv)
    CHASSIS_c::Get_Chassis_Instance()        0x0800886d   Thumb Code    12  chassis.o(.text._ZN9CHASSIS_c20Get_Chassis_InstanceEv)
    CHASSIS_c::Update_Different_Angle_with_Gimbal() 0x08008879   Thumb Code   108  chassis.o(.text._ZN9CHASSIS_c34Update_Different_Angle_with_GimbalEv)
    CHASSIS_c::SetMode(Chassis_Mode_e)       0x080088e5   Thumb Code    24  chassis.o(.text._ZN9CHASSIS_c7SetModeE14Chassis_Mode_e)
    CHASSIS_c::SetSpeed(short, short)        0x080088fd   Thumb Code   258  chassis.o(.text._ZN9CHASSIS_c8SetSpeedEss)
    CHASSIS_c::MotorCalc()                   0x08008a01   Thumb Code   486  chassis.o(.text._ZN9CHASSIS_c9MotorCalcEv)
    CHASSIS_c::MotorCtrl()                   0x08008be9   Thumb Code    20  chassis.o(.text._ZN9CHASSIS_c9MotorCtrlEv)
    CHASSIS_c::CHASSIS_c()                   0x08008bfd   Thumb Code   408  chassis.o(.text._ZN9CHASSIS_cC2Ev)
    CHASSIS_c::CHASSIS_c__sub_object()       0x08008bfd   Thumb Code   408  chassis.o(.text._ZN9CHASSIS_cC2Ev)
    std::get_new_handler()                   0x08008d95   Thumb Code    12  cxa_handlers.cpp.o(.text._ZSt15get_new_handlerv)
    operator new(unsigned int)               0x08008da1   Thumb Code    38  new.cpp.o(.text._Znwj)
    chassis_task                             0x08008f31   Thumb Code    48  chassis_task.o(.text.chassis_task)
    cos_calculate                            0x08008f61   Thumb Code   412  maths.o(.text.cos_calculate)
    fire_task                                0x080090fd   Thumb Code    36  fire_task.o(.text.fire_task)
    loop_fp32_constrain                      0x08009121   Thumb Code   212  maths.o(.text.loop_fp32_constrain)
    main                                     0x080091f5   Thumb Code    68  main_1.o(.text.main)
    osDelay                                  0x08009261   Thumb Code    40  cmsis_os.o(.text.osDelay)
    osKernelStart                            0x08009289   Thumb Code    10  cmsis_os.o(.text.osKernelStart)
    osThreadCreate                           0x08009295   Thumb Code   172  cmsis_os.o(.text.osThreadCreate)
    pvPortMalloc                             0x08009a1d   Thumb Code   492  heap_4.o(.text.pvPortMalloc)
    pxPortInitialiseStack                    0x08009c09   Thumb Code    94  port.o(.text.pxPortInitialiseStack)
    safe_task                                0x08009c69   Thumb Code    62  safe_task.o(.text.safe_task)
    sin_calculate                            0x08009ca9   Thumb Code   656  maths.o(.text.sin_calculate)
    uxListRemove                             0x08009f39   Thumb Code    72  list.o(.text.uxListRemove)
    vApplicationGetIdleTaskMemory            0x08009f81   Thumb Code    42  freertos.o(.text.vApplicationGetIdleTaskMemory)
    vListInitialise                          0x08009fad   Thumb Code    46  list.o(.text.vListInitialise)
    vListInitialiseItem                      0x08009fdd   Thumb Code    14  list.o(.text.vListInitialiseItem)
    vListInsert                              0x08009fed   Thumb Code   106  list.o(.text.vListInsert)
    vListInsertEnd                           0x0800a059   Thumb Code    58  list.o(.text.vListInsertEnd)
    vPortEnterCritical                       0x0800a0a9   Thumb Code    86  port.o(.text.vPortEnterCritical)
    vPortExitCritical                        0x0800a101   Thumb Code    74  port.o(.text.vPortExitCritical)
    vPortFree                                0x0800a14d   Thumb Code   206  heap_4.o(.text.vPortFree)
    vPortSetupTimerInterrupt                 0x0800a21d   Thumb Code    68  port.o(.text.vPortSetupTimerInterrupt)
    vTaskDelay                               0x0800a261   Thumb Code   110  tasks.o(.text.vTaskDelay)
    vTaskStartScheduler                      0x0800a2d1   Thumb Code   206  tasks.o(.text.vTaskStartScheduler)
    vTaskSuspendAll                          0x0800a3a1   Thumb Code    16  tasks.o(.text.vTaskSuspendAll)
    vTaskSwitchContext                       0x0800a3b1   Thumb Code   190  tasks.o(.text.vTaskSwitchContext)
    xPortStartScheduler                      0x0800a471   Thumb Code   342  port.o(.text.xPortStartScheduler)
    xTaskCreate                              0x0800a5c9   Thumb Code   158  tasks.o(.text.xTaskCreate)
    xTaskCreateStatic                        0x0800a669   Thumb Code   206  tasks.o(.text.xTaskCreateStatic)
    xTaskIncrementTick                       0x0800a739   Thumb Code   440  tasks.o(.text.xTaskIncrementTick)
    xTaskResumeAll                           0x0800a8f1   Thumb Code   376  tasks.o(.text.xTaskResumeAll)
    __hardfp_sqrtf                           0x0800aa69   Thumb Code    58  sqrtf.o(i.__hardfp_sqrtf)
    __aeabi_ul2f                             0x0800aaa3   Thumb Code     0  ffltll_clz.o(x$fpl$ffltll)
    _ll_uto_f                                0x0800aaa3   Thumb Code     6  ffltll_clz.o(x$fpl$ffltll)
    __aeabi_l2f                              0x0800aaa9   Thumb Code     0  ffltll_clz.o(x$fpl$ffltll)
    _ll_sto_f                                0x0800aaa9   Thumb Code    90  ffltll_clz.o(x$fpl$ffltll)
    __fpl_fnaninf                            0x0800ab03   Thumb Code   140  fnaninf.o(x$fpl$fnaninf)
    _fp_init                                 0x0800ab8f   Thumb Code    26  fpinit.o(x$fpl$fpinit)
    __fplib_config_fpu_vfp                   0x0800aba7   Thumb Code     0  fpinit.o(x$fpl$fpinit)
    __fplib_config_pureend_doubles           0x0800aba7   Thumb Code     0  fpinit.o(x$fpl$fpinit)
    __aeabi_f2ulz                            0x0800aba9   Thumb Code     0  ffixull.o(x$fpl$llufromf)
    _ll_ufrom_f                              0x0800aba9   Thumb Code    92  ffixull.o(x$fpl$llufromf)
    __I$use$fp                               0x0800ac04   Number         0  usenofp.o(x$fpl$usenofp)
    AHBPrescTable                            0x0800ac74   Data          16  system_stm32f4xx.o(.rodata.AHBPrescTable)
    APBPrescTable                            0x0800ac84   Data           8  system_stm32f4xx.o(.rodata.APBPrescTable)
    CRC8_TAB                                 0x0800ac8c   Data         256  crc.o(.rodata.CRC8_TAB)
    Trigonometric_Functions                  0x0800ad94   Data        3604  maths.o(.rodata.Trigonometric_Functions)
    wCRC_Table                               0x0800bbde   Data         512  crc.o(.rodata.wCRC_Table)
    Region$$Table$$Base                      0x0800bde0   Number         0  anon$$obj.o(Region$$Table)
    Region$$Table$$Limit                     0x0800be00   Number         0  anon$$obj.o(Region$$Table)
    SHT$$INIT_ARRAY$$Base                    0x0800be00   Number         0  chassis.o(.init_array)
    SHT$$INIT_ARRAY$$Limit                   0x0800be10   Number         0  init_aeabi.o(.init_array)
    CRC_INIT                                 0x20000000   Data           2  crc.o(.data.CRC_INIT)
    SystemCoreClock                          0x20000004   Data           4  system_stm32f4xx.o(.data.SystemCoreClock)
    uwTickFreq                               0x2000000a   Data           1  stm32f4xx_hal.o(.data.uwTickFreq)
    uwTickPrio                               0x2000000c   Data           4  stm32f4xx_hal.o(.data.uwTickPrio)
    __libspace_start                         0x20000018   Data          96  libspace.o(.bss)
    __temporary_stack_top$libspace           0x20000078   Data           0  libspace.o(.bss)
    CHASSIS_TASKHandle                       0x2000073c   Data           4  freertos.o(.bss.CHASSIS_TASKHandle)
    CYCCNT64                                 0x20000750   Data           8  bsp_dwt.o(.bss.CYCCNT64)
    Control_Fire                             0x20000760   Data          40  fire_task.o(.bss.Control_Fire)
    Control_Move                             0x20000788   Data          24  chassis_task.o(.bss.Control_Move)
    DT7_Safe                                 0x200007a0   Data          96  rc.o(.bss.DT7_Safe)
    ECF_RC_instance                          0x20000818   Data           4  rc.o(.bss.ECF_RC_instance)
    FIRE_TASKHandle                          0x2000081c   Data           4  freertos.o(.bss.FIRE_TASKHandle)
    Head                                     0x20000824   Data           4  safe_task.o(.bss.Head)
    NUM_of_can_and_id_type                   0x20000828   Data           4  bsp_can.o(.bss.NUM_of_can_and_id_type)
    SAFE_TASKHandle                          0x2000082c   Data           4  freertos.o(.bss.SAFE_TASKHandle)
    SysTime                                  0x20000830   Data           8  bsp_dwt.o(.bss.SysTime)
    DJI_Motor_Object::DJI_Motor_Tx_Data_1FF  0x20000888   Data           8  dji_motor.o(.bss._ZN16DJI_Motor_Object21DJI_Motor_Tx_Data_1FFE)
    DJI_Motor_Object::DJI_Motor_Tx_Data_200  0x20000890   Data           8  dji_motor.o(.bss._ZN16DJI_Motor_Object21DJI_Motor_Tx_Data_200E)
    DJI_Motor_Object::DJI_Motor_Tx_Data_2FF  0x20000898   Data           8  dji_motor.o(.bss._ZN16DJI_Motor_Object21DJI_Motor_Tx_Data_2FFE)
    DJI_Motor_Object::ALL_DJI_Motor_Register_Flag 0x200008a0   Data           1  dji_motor.o(.bss._ZN16DJI_Motor_Object27ALL_DJI_Motor_Register_FlagE)
    ECF_RC::ECF_RC_instance                  0x200008a4   Data           4  rc.o(.bss._ZN6ECF_RC15ECF_RC_instanceE)
    CHASSIS_c::Chassis_instance              0x200008a8   Data           4  chassis.o(.bss._ZN9CHASSIS_c16Chassis_instanceE)
    __cxa_new_handler                        0x200008b0   Data           4  cxa_handlers.cpp.o(.bss.__cxa_new_handler)
    defaultTaskHandle                        0x200008b4   Data           4  freertos.o(.bss.defaultTaskHandle)
    hcan1                                    0x200008b8   Data          40  can.o(.bss.hcan1)
    hcan2                                    0x200008e0   Data          40  can.o(.bss.hcan2)
    hdma_spi1_rx                             0x20000908   Data          96  spi.o(.bss.hdma_spi1_rx)
    hdma_spi1_tx                             0x20000968   Data          96  spi.o(.bss.hdma_spi1_tx)
    hdma_usart2_rx                           0x200009c8   Data          96  usart.o(.bss.hdma_usart2_rx)
    hdma_usart2_tx                           0x20000a28   Data          96  usart.o(.bss.hdma_usart2_tx)
    hdma_usart3_rx                           0x20000a88   Data          96  usart.o(.bss.hdma_usart3_rx)
    hspi1                                    0x20000ae8   Data          88  spi.o(.bss.hspi1)
    htim1                                    0x20000b40   Data          72  stm32f4xx_hal_timebase_tim.o(.bss.htim1)
    htim10                                   0x20000b88   Data          72  tim.o(.bss.htim10)
    huart2                                   0x20000bd0   Data          68  usart.o(.bss.huart2)
    huart3                                   0x20000c14   Data          68  usart.o(.bss.huart3)
    pxCurrentTCB                             0x20000c58   Data           4  tasks.o(.bss.pxCurrentTCB)
    uwTick                                   0x200048fc   Data           4  stm32f4xx_hal.o(.bss.uwTick)



==============================================================================

Memory Map of the image

  Image Entry point : 0x08000189

  Load Region LR_IROM1 (Base: 0x08000000, Size: 0x0000be28, Max: 0x00080000, ABSOLUTE)

    Execution Region ER_IROM1 (Exec base: 0x08000000, Load base: 0x08000000, Size: 0x0000be10, Max: 0x00080000, ABSOLUTE)

    Exec Addr    Load Addr    Size         Type   Attr      Idx    E Section Name        Object

    0x08000000   0x08000000   0x00000188   Data   RO            3    RESET               startup_stm32f407xx.o
    0x08000188   0x08000188   0x00000008   Code   RO         2623  * !!!main             c_w.l(__main.o)
    0x08000190   0x08000190   0x00000034   Code   RO         3038    !!!scatter          c_w.l(__scatter.o)
    0x080001c4   0x080001c4   0x0000001a   Code   RO         3040    !!handler_copy      c_w.l(__scatter_copy.o)
    0x080001de   0x080001de   0x00000002   PAD
    0x080001e0   0x080001e0   0x0000001c   Code   RO         3042    !!handler_zi        c_w.l(__scatter_zi.o)
    0x080001fc   0x080001fc   0x00000002   Code   RO         2979    .ARM.Collect$$libinit$$00000000  c_w.l(libinit.o)
    0x080001fe   0x080001fe   0x00000004   Code   RO         2780    .ARM.Collect$$libinit$$00000001  c_w.l(libinit2.o)
    0x08000202   0x08000202   0x00000000   Code   RO         2783    .ARM.Collect$$libinit$$00000004  c_w.l(libinit2.o)
    0x08000202   0x08000202   0x00000008   Code   RO         2784    .ARM.Collect$$libinit$$00000005  c_w.l(libinit2.o)
    0x0800020a   0x0800020a   0x00000000   Code   RO         2786    .ARM.Collect$$libinit$$0000000A  c_w.l(libinit2.o)
    0x0800020a   0x0800020a   0x00000000   Code   RO         2788    .ARM.Collect$$libinit$$0000000C  c_w.l(libinit2.o)
    0x0800020a   0x0800020a   0x00000000   Code   RO         2790    .ARM.Collect$$libinit$$0000000E  c_w.l(libinit2.o)
    0x0800020a   0x0800020a   0x00000000   Code   RO         2793    .ARM.Collect$$libinit$$00000011  c_w.l(libinit2.o)
    0x0800020a   0x0800020a   0x00000000   Code   RO         2795    .ARM.Collect$$libinit$$00000013  c_w.l(libinit2.o)
    0x0800020a   0x0800020a   0x00000000   Code   RO         2797    .ARM.Collect$$libinit$$00000015  c_w.l(libinit2.o)
    0x0800020a   0x0800020a   0x00000000   Code   RO         2799    .ARM.Collect$$libinit$$00000017  c_w.l(libinit2.o)
    0x0800020a   0x0800020a   0x00000000   Code   RO         2801    .ARM.Collect$$libinit$$00000019  c_w.l(libinit2.o)
    0x0800020a   0x0800020a   0x00000000   Code   RO         2803    .ARM.Collect$$libinit$$0000001B  c_w.l(libinit2.o)
    0x0800020a   0x0800020a   0x00000000   Code   RO         2805    .ARM.Collect$$libinit$$0000001D  c_w.l(libinit2.o)
    0x0800020a   0x0800020a   0x00000000   Code   RO         2807    .ARM.Collect$$libinit$$0000001F  c_w.l(libinit2.o)
    0x0800020a   0x0800020a   0x00000000   Code   RO         2809    .ARM.Collect$$libinit$$00000021  c_w.l(libinit2.o)
    0x0800020a   0x0800020a   0x00000000   Code   RO         2811    .ARM.Collect$$libinit$$00000023  c_w.l(libinit2.o)
    0x0800020a   0x0800020a   0x00000000   Code   RO         2813    .ARM.Collect$$libinit$$00000025  c_w.l(libinit2.o)
    0x0800020a   0x0800020a   0x00000000   Code   RO         2817    .ARM.Collect$$libinit$$0000002C  c_w.l(libinit2.o)
    0x0800020a   0x0800020a   0x00000000   Code   RO         2819    .ARM.Collect$$libinit$$0000002E  c_w.l(libinit2.o)
    0x0800020a   0x0800020a   0x00000000   Code   RO         2821    .ARM.Collect$$libinit$$00000030  c_w.l(libinit2.o)
    0x0800020a   0x0800020a   0x00000004   Code   RO         2822    .ARM.Collect$$libinit$$00000031  c_w.l(libinit2.o)
    0x0800020e   0x0800020e   0x00000000   Code   RO         2823    .ARM.Collect$$libinit$$00000032  c_w.l(libinit2.o)
    0x0800020e   0x0800020e   0x00000002   Code   RO         2824    .ARM.Collect$$libinit$$00000033  c_w.l(libinit2.o)
    0x08000210   0x08000210   0x00000002   Code   RO         3035    .ARM.Collect$$libshutdown$$00000000  c_w.l(libshutdown.o)
    0x08000212   0x08000212   0x00000000   Code   RO         2993    .ARM.Collect$$libshutdown$$00000002  c_w.l(libshutdown2.o)
    0x08000212   0x08000212   0x00000000   Code   RO         2995    .ARM.Collect$$libshutdown$$00000004  c_w.l(libshutdown2.o)
    0x08000212   0x08000212   0x00000000   Code   RO         2998    .ARM.Collect$$libshutdown$$00000007  c_w.l(libshutdown2.o)
    0x08000212   0x08000212   0x00000000   Code   RO         3001    .ARM.Collect$$libshutdown$$0000000A  c_w.l(libshutdown2.o)
    0x08000212   0x08000212   0x00000000   Code   RO         3003    .ARM.Collect$$libshutdown$$0000000C  c_w.l(libshutdown2.o)
    0x08000212   0x08000212   0x00000000   Code   RO         3006    .ARM.Collect$$libshutdown$$0000000F  c_w.l(libshutdown2.o)
    0x08000212   0x08000212   0x00000002   Code   RO         3007    .ARM.Collect$$libshutdown$$00000010  c_w.l(libshutdown2.o)
    0x08000214   0x08000214   0x00000000   Code   RO         2736    .ARM.Collect$$rtentry$$00000000  c_w.l(__rtentry.o)
    0x08000214   0x08000214   0x00000000   Code   RO         2891    .ARM.Collect$$rtentry$$00000002  c_w.l(__rtentry2.o)
    0x08000214   0x08000214   0x00000006   Code   RO         2903    .ARM.Collect$$rtentry$$00000004  c_w.l(__rtentry4.o)
    0x0800021a   0x0800021a   0x00000000   Code   RO         2893    .ARM.Collect$$rtentry$$00000009  c_w.l(__rtentry2.o)
    0x0800021a   0x0800021a   0x00000004   Code   RO         2894    .ARM.Collect$$rtentry$$0000000A  c_w.l(__rtentry2.o)
    0x0800021e   0x0800021e   0x00000000   Code   RO         2896    .ARM.Collect$$rtentry$$0000000C  c_w.l(__rtentry2.o)
    0x0800021e   0x0800021e   0x00000008   Code   RO         2897    .ARM.Collect$$rtentry$$0000000D  c_w.l(__rtentry2.o)
    0x08000226   0x08000226   0x00000002   Code   RO         2980    .ARM.Collect$$rtexit$$00000000  c_w.l(rtexit.o)
    0x08000228   0x08000228   0x00000000   Code   RO         3013    .ARM.Collect$$rtexit$$00000002  c_w.l(rtexit2.o)
    0x08000228   0x08000228   0x00000004   Code   RO         3014    .ARM.Collect$$rtexit$$00000003  c_w.l(rtexit2.o)
    0x0800022c   0x0800022c   0x00000006   Code   RO         3015    .ARM.Collect$$rtexit$$00000004  c_w.l(rtexit2.o)
    0x08000232   0x08000232   0x00000002   PAD
    0x08000234   0x08000234   0x00000040   Code   RO            4    .text               startup_stm32f407xx.o
    0x08000274   0x08000274   0x0000005e   Code   RO         2553    .text               c_w.l(h1_alloc.o)
    0x080002d2   0x080002d2   0x000000f0   Code   RO         2607    .text               c_w.l(lludivv7m.o)
    0x080003c2   0x080003c2   0x00000048   Code   RO         2609    .text               c_w.l(strcpy.o)
    0x0800040a   0x0800040a   0x0000008a   Code   RO         2611    .text               c_w.l(rt_memcpy_v6.o)
    0x08000494   0x08000494   0x00000064   Code   RO         2613    .text               c_w.l(rt_memcpy_w.o)
    0x080004f8   0x080004f8   0x00000044   Code   RO         2617    .text               c_w.l(rt_memclr.o)
    0x0800053c   0x0800053c   0x0000004e   Code   RO         2619    .text               c_w.l(rt_memclr_w.o)
    0x0800058a   0x0800058a   0x00000006   Code   RO         2621    .text               c_w.l(heapauxi.o)
    0x08000590   0x08000590   0x00000024   Code   RO         2628    .text               c_w.l(init_aeabi.o)
    0x080005b4   0x080005b4   0x00000008   Code   RO         2744    .text               c_w.l(rt_heap_descriptor_intlibspace.o)
    0x080005bc   0x080005bc   0x00000004   Code   RO         2746    .text               c_w.l(hguard.o)
    0x080005c0   0x080005c0   0x0000008a   Code   RO         2748    .text               c_w.l(init_alloc.o)
    0x0800064a   0x0800064a   0x0000000e   Code   RO         2754    .text               c_w.l(h1_init.o)
    0x08000658   0x08000658   0x0000004e   Code   RO         2756    .text               c_w.l(h1_free.o)
    0x080006a6   0x080006a6   0x00000016   Code   RO         2774    .text               c_w.l(_rserrno.o)
    0x080006bc   0x080006bc   0x0000000c   Code   RO         2881    .text               c_w.l(sys_exit.o)
    0x080006c8   0x080006c8   0x00000008   Code   RO         2887    .text               c_w.l(libspace.o)
    0x080006d0   0x080006d0   0x00000008   Code   RO         2910    .text               c_w.l(rt_errno_addr_intlibspace.o)
    0x080006d8   0x080006d8   0x00000000   Code   RO         2914    .text               c_w.l(maybetermalloc1.o)
    0x080006d8   0x080006d8   0x00000034   Code   RO         2916    .text               c_w.l(h1_extend.o)
    0x0800070c   0x0800070c   0x0000000e   Code   RO         2924    .text               c_w.l(defsig_rtmem_outer.o)
    0x0800071a   0x0800071a   0x00000002   Code   RO         2949    .text               c_w.l(use_no_semi.o)
    0x0800071c   0x0800071c   0x00000000   Code   RO         2951    .text               c_w.l(indicate_semi.o)
    0x0800071c   0x0800071c   0x0000004a   Code   RO         2952    .text               c_w.l(sys_stackheap_outer.o)
    0x08000766   0x08000766   0x00000012   Code   RO         2958    .text               c_w.l(exit.o)
    0x08000778   0x08000778   0x0000000a   Code   RO         2960    .text               c_w.l(defsig_exit.o)
    0x08000782   0x08000782   0x00000002   PAD
    0x08000784   0x08000784   0x00000050   Code   RO         2968    .text               c_w.l(defsig_rtmem_inner.o)
    0x080007d4   0x080007d4   0x00000032   Code   RO         2988    .text               c_w.l(defsig_general.o)
    0x08000806   0x08000806   0x0000000e   Code   RO         3008    .text               c_w.l(sys_wrch.o)
    0x08000814   0x08000814   0x00000004   Code   RO          143    .text.BusFault_Handler  stm32f4xx_it.o
    0x08000818   0x08000818   0x00000010   Code   RO          155    .text.CAN1_RX0_IRQHandler  stm32f4xx_it.o
    0x08000828   0x08000828   0x00000010   Code   RO          167    .text.CAN2_RX0_IRQHandler  stm32f4xx_it.o
    0x08000838   0x08000838   0x00000010   Code   RO          149    .text.DMA1_Stream1_IRQHandler  stm32f4xx_it.o
    0x08000848   0x08000848   0x00000010   Code   RO          151    .text.DMA1_Stream5_IRQHandler  stm32f4xx_it.o
    0x08000858   0x08000858   0x00000010   Code   RO          153    .text.DMA1_Stream6_IRQHandler  stm32f4xx_it.o
    0x08000868   0x08000868   0x00000010   Code   RO          163    .text.DMA2_Stream2_IRQHandler  stm32f4xx_it.o
    0x08000878   0x08000878   0x00000010   Code   RO          165    .text.DMA2_Stream3_IRQHandler  stm32f4xx_it.o
    0x08000888   0x08000888   0x00000056   Code   RO          455    .text.DMA_CalcBaseAndBitshift  stm32f4xx_hal_dma.o
    0x080008de   0x080008de   0x00000002   PAD
    0x080008e0   0x080008e0   0x000000f0   Code   RO          453    .text.DMA_CheckFifoParam  stm32f4xx_hal_dma.o
    0x080009d0   0x080009d0   0x00000040   Code   RO         2335    .text.DWT_CNT_Update  bsp_dwt.o
    0x08000a10   0x08000a10   0x0000004c   Code   RO         2343    .text.DWT_GetTimeline_ms  bsp_dwt.o
    0x08000a5c   0x08000a5c   0x00000088   Code   RO         2331    .text.DWT_Init      bsp_dwt.o
    0x08000ae4   0x08000ae4   0x000000fc   Code   RO         2339    .text.DWT_SysTimeUpdate  bsp_dwt.o
    0x08000be0   0x08000be0   0x00000002   Code   RO          147    .text.DebugMon_Handler  stm32f4xx_it.o
    0x08000be2   0x08000be2   0x00000002   PAD
    0x08000be4   0x08000be4   0x000000dc   Code   RO         2104    .text.ECF_CAN_Init  bsp_can.o
    0x08000cc0   0x08000cc0   0x000000ae   Code   RO         2106    .text.ECF_CAN_Rx_Callback_Register  bsp_can.o
    0x08000d6e   0x08000d6e   0x00000002   PAD
    0x08000d70   0x08000d70   0x0000001e   Code   RO         2080    .text.ECF_DT7_UART_Handler  rc.o
    0x08000d8e   0x08000d8e   0x00000002   PAD
    0x08000d90   0x08000d90   0x0000003c   Code   RO         2084    .text.ECF_RC_Init   rc.o
    0x08000dcc   0x08000dcc   0x00000012   Code   RO         2082    .text.ECF_REFFEREE_UART_Handler  rc.o
    0x08000dde   0x08000dde   0x00000002   PAD
    0x08000de0   0x08000de0   0x0000000e   Code   RO           15    .text.Error_Handler  main_1.o
    0x08000dee   0x08000dee   0x00000002   PAD
    0x08000df0   0x08000df0   0x00000066   Code   RO         1890    .text.Get_CRC16_Check_Sum  crc.o
    0x08000e56   0x08000e56   0x00000002   PAD
    0x08000e58   0x08000e58   0x00000044   Code   RO         1888    .text.Get_CRC8_Check_Sum  crc.o
    0x08000e9c   0x08000e9c   0x00000052   Code   RO          232    .text.HAL_CAN_ActivateNotification  stm32f4xx_hal_can.o
    0x08000eee   0x08000eee   0x00000002   PAD
    0x08000ef0   0x08000ef0   0x00000170   Code   RO          218    .text.HAL_CAN_AddTxMessage  stm32f4xx_hal_can.o
    0x08001060   0x08001060   0x000001a4   Code   RO          208    .text.HAL_CAN_ConfigFilter  stm32f4xx_hal_can.o
    0x08001204   0x08001204   0x00000008   Code   RO          262    .text.HAL_CAN_ErrorCallback  stm32f4xx_hal_can.o
    0x0800120c   0x0800120c   0x000001f0   Code   RO          228    .text.HAL_CAN_GetRxMessage  stm32f4xx_hal_can.o
    0x080013fc   0x080013fc   0x000003f2   Code   RO          236    .text.HAL_CAN_IRQHandler  stm32f4xx_hal_can.o
    0x080017ee   0x080017ee   0x00000002   PAD
    0x080017f0   0x080017f0   0x000001de   Code   RO          198    .text.HAL_CAN_Init  stm32f4xx_hal_can.o
    0x080019ce   0x080019ce   0x00000002   PAD
    0x080019d0   0x080019d0   0x00000184   Code   RO           63    .text.HAL_CAN_MspInit  can.o
    0x08001b54   0x08001b54   0x00000008   Code   RO          250    .text.HAL_CAN_RxFifo0FullCallback  stm32f4xx_hal_can.o
    0x08001b5c   0x08001b5c   0x0000010a   Code   RO         2108    .text.HAL_CAN_RxFifo0MsgPendingCallback  bsp_can.o
    0x08001c66   0x08001c66   0x00000002   PAD
    0x08001c68   0x08001c68   0x00000008   Code   RO          254    .text.HAL_CAN_RxFifo1FullCallback  stm32f4xx_hal_can.o
    0x08001c70   0x08001c70   0x00000008   Code   RO          256    .text.HAL_CAN_RxFifo1MsgPendingCallback  stm32f4xx_hal_can.o
    0x08001c78   0x08001c78   0x00000008   Code   RO          258    .text.HAL_CAN_SleepCallback  stm32f4xx_hal_can.o
    0x08001c80   0x08001c80   0x0000008a   Code   RO          210    .text.HAL_CAN_Start  stm32f4xx_hal_can.o
    0x08001d0a   0x08001d0a   0x00000002   PAD
    0x08001d0c   0x08001d0c   0x00000008   Code   RO          240    .text.HAL_CAN_TxMailbox0AbortCallback  stm32f4xx_hal_can.o
    0x08001d14   0x08001d14   0x00000008   Code   RO          238    .text.HAL_CAN_TxMailbox0CompleteCallback  stm32f4xx_hal_can.o
    0x08001d1c   0x08001d1c   0x00000008   Code   RO          244    .text.HAL_CAN_TxMailbox1AbortCallback  stm32f4xx_hal_can.o
    0x08001d24   0x08001d24   0x00000008   Code   RO          242    .text.HAL_CAN_TxMailbox1CompleteCallback  stm32f4xx_hal_can.o
    0x08001d2c   0x08001d2c   0x00000008   Code   RO          248    .text.HAL_CAN_TxMailbox2AbortCallback  stm32f4xx_hal_can.o
    0x08001d34   0x08001d34   0x00000008   Code   RO          246    .text.HAL_CAN_TxMailbox2CompleteCallback  stm32f4xx_hal_can.o
    0x08001d3c   0x08001d3c   0x00000008   Code   RO          260    .text.HAL_CAN_WakeUpFromRxMsgCallback  stm32f4xx_hal_can.o
    0x08001d44   0x08001d44   0x000000ec   Code   RO          465    .text.HAL_DMA_Abort  stm32f4xx_hal_dma.o
    0x08001e30   0x08001e30   0x00000044   Code   RO          467    .text.HAL_DMA_Abort_IT  stm32f4xx_hal_dma.o
    0x08001e74   0x08001e74   0x0000031e   Code   RO          471    .text.HAL_DMA_IRQHandler  stm32f4xx_hal_dma.o
    0x08002192   0x08002192   0x00000002   PAD
    0x08002194   0x08002194   0x0000016e   Code   RO          451    .text.HAL_DMA_Init  stm32f4xx_hal_dma.o
    0x08002302   0x08002302   0x00000002   PAD
    0x08002304   0x08002304   0x000003b6   Code   RO          413    .text.HAL_GPIO_Init  stm32f4xx_hal_gpio.o
    0x080026ba   0x080026ba   0x00000002   PAD
    0x080026bc   0x080026bc   0x0000002e   Code   RO          419    .text.HAL_GPIO_WritePin  stm32f4xx_hal_gpio.o
    0x080026ea   0x080026ea   0x00000002   PAD
    0x080026ec   0x080026ec   0x0000000c   Code   RO          632    .text.HAL_GetTick   stm32f4xx_hal.o
    0x080026f8   0x080026f8   0x0000001a   Code   RO          630    .text.HAL_IncTick   stm32f4xx_hal.o
    0x08002712   0x08002712   0x00000002   PAD
    0x08002714   0x08002714   0x00000036   Code   RO          620    .text.HAL_Init      stm32f4xx_hal.o
    0x0800274a   0x0800274a   0x00000002   PAD
    0x0800274c   0x0800274c   0x000000da   Code   RO          184    .text.HAL_InitTick  stm32f4xx_hal_timebase_tim.o
    0x08002826   0x08002826   0x00000002   PAD
    0x08002828   0x08002828   0x00000058   Code   RO          176    .text.HAL_MspInit   stm32f4xx_hal_msp.o
    0x08002880   0x08002880   0x00000014   Code   RO          561    .text.HAL_NVIC_EnableIRQ  stm32f4xx_hal_cortex.o
    0x08002894   0x08002894   0x00000032   Code   RO          553    .text.HAL_NVIC_SetPriority  stm32f4xx_hal_cortex.o
    0x080028c6   0x080028c6   0x00000002   PAD
    0x080028c8   0x080028c8   0x00000010   Code   RO          549    .text.HAL_NVIC_SetPriorityGrouping  stm32f4xx_hal_cortex.o
    0x080028d8   0x080028d8   0x00000262   Code   RO          281    .text.HAL_RCC_ClockConfig  stm32f4xx_hal_rcc.o
    0x08002b3a   0x08002b3a   0x00000002   PAD
    0x08002b3c   0x08002b3c   0x00000054   Code   RO          299    .text.HAL_RCC_GetClockConfig  stm32f4xx_hal_rcc.o
    0x08002b90   0x08002b90   0x0000000c   Code   RO          291    .text.HAL_RCC_GetHCLKFreq  stm32f4xx_hal_rcc.o
    0x08002b9c   0x08002b9c   0x00000022   Code   RO          293    .text.HAL_RCC_GetPCLK1Freq  stm32f4xx_hal_rcc.o
    0x08002bbe   0x08002bbe   0x00000002   PAD
    0x08002bc0   0x08002bc0   0x00000022   Code   RO          295    .text.HAL_RCC_GetPCLK2Freq  stm32f4xx_hal_rcc.o
    0x08002be2   0x08002be2   0x00000002   PAD
    0x08002be4   0x08002be4   0x000000e6   Code   RO          283    .text.HAL_RCC_GetSysClockFreq  stm32f4xx_hal_rcc.o
    0x08002cca   0x08002cca   0x00000002   PAD
    0x08002ccc   0x08002ccc   0x000006be   Code   RO          279    .text.HAL_RCC_OscConfig  stm32f4xx_hal_rcc.o
    0x0800338a   0x0800338a   0x00000002   PAD
    0x0800338c   0x0800338c   0x00000100   Code   RO          709    .text.HAL_SPI_Init  stm32f4xx_hal_spi.o
    0x0800348c   0x0800348c   0x00000194   Code   RO           87    .text.HAL_SPI_MspInit  spi.o
    0x08003620   0x08003620   0x00000008   Code   RO         1149    .text.HAL_TIMEx_BreakCallback  stm32f4xx_hal_tim_ex.o
    0x08003628   0x08003628   0x00000008   Code   RO         1145    .text.HAL_TIMEx_CommutCallback  stm32f4xx_hal_tim_ex.o
    0x08003630   0x08003630   0x0000009c   Code   RO          826    .text.HAL_TIM_Base_Init  stm32f4xx_hal_tim.o
    0x080036cc   0x080036cc   0x00000052   Code   RO          105    .text.HAL_TIM_Base_MspInit  tim.o
    0x0800371e   0x0800371e   0x00000002   PAD
    0x08003720   0x08003720   0x000000f6   Code   RO          840    .text.HAL_TIM_Base_Start_IT  stm32f4xx_hal_tim.o
    0x08003816   0x08003816   0x00000002   PAD
    0x08003818   0x08003818   0x00000008   Code   RO          962    .text.HAL_TIM_IC_CaptureCallback  stm32f4xx_hal_tim.o
    0x08003820   0x08003820   0x0000027a   Code   RO          960    .text.HAL_TIM_IRQHandler  stm32f4xx_hal_tim.o
    0x08003a9a   0x08003a9a   0x00000002   PAD
    0x08003a9c   0x08003a9c   0x0000006e   Code   RO          103    .text.HAL_TIM_MspPostInit  tim.o
    0x08003b0a   0x08003b0a   0x00000002   PAD
    0x08003b0c   0x08003b0c   0x00000008   Code   RO          964    .text.HAL_TIM_OC_DelayElapsedCallback  stm32f4xx_hal_tim.o
    0x08003b14   0x08003b14   0x00000142   Code   RO          992    .text.HAL_TIM_PWM_ConfigChannel  stm32f4xx_hal_tim.o
    0x08003c56   0x08003c56   0x00000002   PAD
    0x08003c58   0x08003c58   0x0000009c   Code   RO          880    .text.HAL_TIM_PWM_Init  stm32f4xx_hal_tim.o
    0x08003cf4   0x08003cf4   0x00000008   Code   RO          882    .text.HAL_TIM_PWM_MspInit  stm32f4xx_hal_tim.o
    0x08003cfc   0x08003cfc   0x00000008   Code   RO          966    .text.HAL_TIM_PWM_PulseFinishedCallback  stm32f4xx_hal_tim.o
    0x08003d04   0x08003d04   0x00000020   Code   RO           17    .text.HAL_TIM_PeriodElapsedCallback  main_1.o
    0x08003d24   0x08003d24   0x00000008   Code   RO          970    .text.HAL_TIM_TriggerCallback  stm32f4xx_hal_tim.o
    0x08003d2c   0x08003d2c   0x0000000c   Code   RO         1252    .text.HAL_UARTEx_RxEventCallback  stm32f4xx_hal_uart.o
    0x08003d38   0x08003d38   0x00000008   Code   RO         1250    .text.HAL_UART_ErrorCallback  stm32f4xx_hal_uart.o
    0x08003d40   0x08003d40   0x0000041e   Code   RO         1244    .text.HAL_UART_IRQHandler  stm32f4xx_hal_uart.o
    0x0800415e   0x0800415e   0x00000002   PAD
    0x08004160   0x08004160   0x0000009a   Code   RO         1162    .text.HAL_UART_Init  stm32f4xx_hal_uart.o
    0x080041fa   0x080041fa   0x00000002   PAD
    0x080041fc   0x080041fc   0x00000294   Code   RO          121    .text.HAL_UART_MspInit  usart.o
    0x08004490   0x08004490   0x00000008   Code   RO         1262    .text.HAL_UART_RxCpltCallback  stm32f4xx_hal_uart.o
    0x08004498   0x08004498   0x00000008   Code   RO         1258    .text.HAL_UART_TxCpltCallback  stm32f4xx_hal_uart.o
    0x080044a0   0x080044a0   0x00000004   Code   RO          139    .text.HardFault_Handler  stm32f4xx_it.o
    0x080044a4   0x080044a4   0x0000004e   Code   RO           59    .text.MX_CAN1_Init  can.o
    0x080044f2   0x080044f2   0x00000002   PAD
    0x080044f4   0x080044f4   0x0000004e   Code   RO           61    .text.MX_CAN2_Init  can.o
    0x08004542   0x08004542   0x00000002   PAD
    0x08004544   0x08004544   0x000000aa   Code   RO           77    .text.MX_DMA_Init   dma.o
    0x080045ee   0x080045ee   0x00000002   PAD
    0x080045f0   0x080045f0   0x00000102   Code   RO           37    .text.MX_FREERTOS_Init  freertos.o
    0x080046f2   0x080046f2   0x00000002   PAD
    0x080046f4   0x080046f4   0x0000012e   Code   RO           27    .text.MX_GPIO_Init  gpio.o
    0x08004822   0x08004822   0x00000002   PAD
    0x08004824   0x08004824   0x00000052   Code   RO           85    .text.MX_SPI1_Init  spi.o
    0x08004876   0x08004876   0x00000002   PAD
    0x08004878   0x08004878   0x0000008e   Code   RO          101    .text.MX_TIM10_Init  tim.o
    0x08004906   0x08004906   0x00000002   PAD
    0x08004908   0x08004908   0x00000040   Code   RO          117    .text.MX_USART2_UART_Init  usart.o
    0x08004948   0x08004948   0x00000048   Code   RO          119    .text.MX_USART3_UART_Init  usart.o
    0x08004990   0x08004990   0x00000004   Code   RO          141    .text.MemManage_Handler  stm32f4xx_it.o
    0x08004994   0x08004994   0x00000004   Code   RO          137    .text.NMI_Handler   stm32f4xx_it.o
    0x08004998   0x08004998   0x0000006c   Code   RO          559    .text.NVIC_EncodePriority  stm32f4xx_hal_cortex.o
    0x08004a04   0x08004a04   0x0000000c   PAD
    0x08004a10   0x08004a10   0x00000064   Code   RO         1776    .text.PendSV_Handler  port.o
    0x08004a74   0x08004a74   0x0000000c   PAD
    0x08004a80   0x08004a80   0x00000024   Code   RO         1760    .text.SVC_Handler   port.o
    0x08004aa4   0x08004aa4   0x00000010   Code   RO           39    .text.StartDefaultTask  freertos.o
    0x08004ab4   0x08004ab4   0x0000003c   Code   RO         1778    .text.SysTick_Handler  port.o
    0x08004af0   0x08004af0   0x000000ba   Code   RO           13    .text.SystemClock_Config  main_1.o
    0x08004baa   0x08004baa   0x00000002   PAD
    0x08004bac   0x08004bac   0x00000012   Code   RO         1291    .text.SystemInit    system_stm32f4xx.o
    0x08004bbe   0x08004bbe   0x00000002   PAD
    0x08004bc0   0x08004bc0   0x0000001c   Code   RO          157    .text.TIM1_UP_TIM10_IRQHandler  stm32f4xx_it.o
    0x08004bdc   0x08004bdc   0x0000019a   Code   RO          830    .text.TIM_Base_SetConfig  stm32f4xx_hal_tim.o
    0x08004d76   0x08004d76   0x00000002   PAD
    0x08004d78   0x08004d78   0x000000ea   Code   RO          974    .text.TIM_OC1_SetConfig  stm32f4xx_hal_tim.o
    0x08004e62   0x08004e62   0x00000002   PAD
    0x08004e64   0x08004e64   0x000000f4   Code   RO          976    .text.TIM_OC2_SetConfig  stm32f4xx_hal_tim.o
    0x08004f58   0x08004f58   0x000000f2   Code   RO          978    .text.TIM_OC3_SetConfig  stm32f4xx_hal_tim.o
    0x0800504a   0x0800504a   0x00000002   PAD
    0x0800504c   0x0800504c   0x000000a4   Code   RO          980    .text.TIM_OC4_SetConfig  stm32f4xx_hal_tim.o
    0x080050f0   0x080050f0   0x00000020   Code   RO         1248    .text.UART_DMAAbortOnError  stm32f4xx_hal_uart.o
    0x08005110   0x08005110   0x00000094   Code   RO         1210    .text.UART_EndRxTransfer  stm32f4xx_hal_uart.o
    0x080051a4   0x080051a4   0x00000026   Code   RO         1256    .text.UART_EndTransmit_IT  stm32f4xx_hal_uart.o
    0x080051ca   0x080051ca   0x00000002   PAD
    0x080051cc   0x080051cc   0x00000164   Code   RO         1246    .text.UART_Receive_IT  stm32f4xx_hal_uart.o
    0x08005330   0x08005330   0x0000013a   Code   RO         1166    .text.UART_SetConfig  stm32f4xx_hal_uart.o
    0x0800546a   0x0800546a   0x00000002   PAD
    0x0800546c   0x0800546c   0x00000094   Code   RO         1254    .text.UART_Transmit_IT  stm32f4xx_hal_uart.o
    0x08005500   0x08005500   0x00000014   Code   RO          159    .text.USART2_IRQHandler  stm32f4xx_it.o
    0x08005514   0x08005514   0x00000014   Code   RO          161    .text.USART3_IRQHandler  stm32f4xx_it.o
    0x08005528   0x08005528   0x00000004   Code   RO          145    .text.UsageFault_Handler  stm32f4xx_it.o
    0x0800552c   0x0800552c   0x0000007c   Code   RO         1894    .text.Verify_CRC16_Check_Sum  crc.o
    0x080055a8   0x080055a8   0x00000052   Code   RO         1892    .text.Verify_CRC8_Check_Sum  crc.o
    0x080055fa   0x080055fa   0x00000002   PAD
    0x080055fc   0x080055fc   0x00000008   Code   RO         1822    .text._GLOBAL__sub_I_Chassis.cpp  chassis.o
    0x08005604   0x08005604   0x00000010   Code   RO         2086    .text._GLOBAL__sub_I_RC.cpp  rc.o
    0x08005614   0x08005614   0x00000008   Code   RO         2200    .text._GLOBAL__sub_I_chassis_task.cpp  chassis_task.o
    0x0800561c   0x0800561c   0x00000008   Code   RO         2239    .text._GLOBAL__sub_I_fire_task.cpp  fire_task.o
    0x08005624   0x08005624   0x00000018   Code   RO         2215    .text._Z26Deal_Gimbal_Fire_Info_0x02P19CAN_RxHeaderTypeDefPh  fire_task.o
    0x0800563c   0x0800563c   0x0000001a   Code   RO         2217    .text._Z26Deal_Gimbal_Fire_Info_0x03P19CAN_RxHeaderTypeDefPh  fire_task.o
    0x08005656   0x08005656   0x00000002   PAD
    0x08005658   0x08005658   0x00000018   Code   RO         2219    .text._Z26Deal_Gimbal_Fire_Info_0x04P19CAN_RxHeaderTypeDefPh  fire_task.o
    0x08005670   0x08005670   0x0000004e   Code   RO         2008    .text._Z33ALL_DJI_CAN1_Rx_Callback_RegisterP19CAN_RxHeaderTypeDefPh  dji_motor.o
    0x080056be   0x080056be   0x00000002   PAD
    0x080056c0   0x080056c0   0x00000052   Code   RO         2010    .text._Z33ALL_DJI_CAN2_Rx_Callback_RegisterP19CAN_RxHeaderTypeDefPh  dji_motor.o
    0x08005712   0x08005712   0x00000002   PAD
    0x08005714   0x08005714   0x0000009e   Code   RO         2044    .text._Z8DMA_InitP20__UART_HandleTypeDefPhS1_t  rc.o
    0x080057b2   0x080057b2   0x00000002   PAD
    0x080057b4   0x080057b4   0x00000050   Code   RO         1879    .text._ZL14f_Output_LimitP15Pid_parameter_t  pid.o
    0x08005804   0x08005804   0x0000004a   Code   RO         1855    .text._ZL14this_pid_clearP15Pid_parameter_t  pid.o
    0x0800584e   0x0800584e   0x00000002   PAD
    0x08005850   0x08005850   0x00000050   Code   RO         1873    .text._ZL16f_Integral_LimitP15Pid_parameter_t  pid.o
    0x080058a0   0x080058a0   0x000001de   Code   RO         1859    .text._ZL17this_PidCalculateP15Pid_parameter_tff  pid.o
    0x08005a7e   0x08005a7e   0x00000002   PAD
    0x08005a80   0x08005a80   0x00000044   Code   RO         1877    .text._ZL18first_order_filterP20first_order_filter_tf  pid.o
    0x08005ac4   0x08005ac4   0x00000012   Code   RO         2078    .text._ZL19DT7_disonline_clearv  rc.o
    0x08005ad6   0x08005ad6   0x00000002   PAD
    0x08005ad8   0x08005ad8   0x0000003c   Code   RO         1875    .text._ZL20f_Separated_IntegralP15Pid_parameter_t  pid.o
    0x08005b14   0x08005b14   0x000000fe   Code   RO         1871    .text._ZL25Changing_Integration_RateP15Pid_parameter_t  pid.o
    0x08005c12   0x08005c12   0x00000002   PAD
    0x08005c14   0x08005c14   0x00000092   Code   RO         1869    .text._ZL27f_Derivative_On_MeasurementP15Pid_parameter_t  pid.o
    0x08005ca6   0x08005ca6   0x00000002   PAD
    0x08005ca8   0x08005ca8   0x000000d0   Code   RO         1867    .text._ZL8f_StepInP15Pid_parameter_t  pid.o
    0x08005d78   0x08005d78   0x00000068   Code   RO         2259    .text._ZN11Safe_task_c23Calc_Disconnection_timeEv  safe_task.o
    0x08005de0   0x08005de0   0x00000036   Code   RO         2261    .text._ZN11Safe_task_c23Doing_DisconnetCallBackEv  safe_task.o
    0x08005e16   0x08005e16   0x00000002   PAD
    0x08005e18   0x08005e18   0x00000040   Code   RO         2257    .text._ZN11Safe_task_c6OnlineEv  safe_task.o
    0x08005e58   0x08005e58   0x00000092   Code   RO         2255    .text._ZN11Safe_task_cC2EPKcyPFvvE  safe_task.o
    0x08005eea   0x08005eea   0x00000002   PAD
    0x08005eec   0x08005eec   0x00000012   Code   RO         2225    .text._ZN14Control_Fire_c17To_Empty_PositionEv  fire_task.o
    0x08005efe   0x08005efe   0x00000002   PAD
    0x08005f00   0x08005f00   0x00000026   Code   RO         2223    .text._ZN14Control_Fire_c17To_Shoot_PositionEh  fire_task.o
    0x08005f26   0x08005f26   0x00000002   PAD
    0x08005f28   0x08005f28   0x00000010   Code   RO         2229    .text._ZN14Control_Fire_c18Clear_Set_PositionEv  fire_task.o
    0x08005f38   0x08005f38   0x0000001e   Code   RO         2231    .text._ZN14Control_Fire_c19Save_Empty_PositionEv  fire_task.o
    0x08005f56   0x08005f56   0x00000002   PAD
    0x08005f58   0x08005f58   0x00000014   Code   RO         2227    .text._ZN14Control_Fire_c20Clear_Empty_PositionEv  fire_task.o
    0x08005f6c   0x08005f6c   0x000000ca   Code   RO         2233    .text._ZN14Control_Fire_c7Get_CmdEv  fire_task.o
    0x08006036   0x08006036   0x00000002   PAD
    0x08006038   0x08006038   0x0000011a   Code   RO         2235    .text._ZN14Control_Fire_c7Set_CmdEv  fire_task.o
    0x08006152   0x08006152   0x00000002   PAD
    0x08006154   0x08006154   0x00000070   Code   RO         2221    .text._ZN14Control_Fire_cC2Ev  fire_task.o
    0x080061c4   0x080061c4   0x00000126   Code   RO         2188    .text._ZN14Control_Move_c7Get_CmdEv  chassis_task.o
    0x080062ea   0x080062ea   0x00000002   PAD
    0x080062ec   0x080062ec   0x00000036   Code   RO         2190    .text._ZN14Control_Move_c7Set_CmdEv  chassis_task.o
    0x08006322   0x08006322   0x00000002   PAD
    0x08006324   0x08006324   0x00000020   Code   RO         2192    .text._ZN14Control_Move_c8Cmd_CalcEv  chassis_task.o
    0x08006344   0x08006344   0x00000012   Code   RO         2194    .text._ZN14Control_Move_c8Cmd_CtrlEv  chassis_task.o
    0x08006356   0x08006356   0x00000002   PAD
    0x08006358   0x08006358   0x00000028   Code   RO         2186    .text._ZN14Control_Move_cC2Ev  chassis_task.o
    0x08006380   0x08006380   0x0000006e   Code   RO         2020    .text._ZN16DJI_Motor_Object11Set_PID_ValEs  dji_motor.o
    0x080063ee   0x080063ee   0x00000002   PAD
    0x080063f0   0x080063f0   0x00000016   Code   RO         2018    .text._ZN16DJI_Motor_Object12Set_PID_ModeE11Using_PID_e  dji_motor.o
    0x08006406   0x08006406   0x00000002   PAD
    0x08006408   0x08006408   0x00000064   Code   RO         1992    .text._ZN16DJI_Motor_Object17DJI_Motor_Encoder20angle_limiting_int16Ess  dji_motor.o
    0x0800646c   0x0800646c   0x00000150   Code   RO         1994    .text._ZN16DJI_Motor_Object17DJI_Motor_Encoder27DJI_Motor_Encoder_Data_DealEss  dji_motor.o
    0x080065bc   0x080065bc   0x0000008e   Code   RO         1990    .text._ZN16DJI_Motor_Object17DJI_Motor_Encoder27DJI_Motor_Encoder_Data_InitE14Encoder_Type_et  dji_motor.o
    0x0800664a   0x0800664a   0x00000002   PAD
    0x0800664c   0x0800664c   0x0000001c   Code   RO         1988    .text._ZN16DJI_Motor_Object17DJI_Motor_Encoder5ClearEv  dji_motor.o
    0x08006668   0x08006668   0x000000ac   Code   RO         2016    .text._ZN16DJI_Motor_Object19DJI_Motor_Data_DealEP19CAN_RxHeaderTypeDefPh  dji_motor.o
    0x08006714   0x08006714   0x00000018   Code   RO         2024    .text._ZN16DJI_Motor_Object20DJI_Motor_Send_GroudEv  dji_motor.o
    0x0800672c   0x0800672c   0x00000070   Code   RO         2014    .text._ZN16DJI_Motor_Object26Update_Myself_Control_DataEs  dji_motor.o
    0x0800679c   0x0800679c   0x00000036   Code   RO         2028    .text._ZN16DJI_Motor_Object27DJI_Motor_Send_Only_OneselfEv  dji_motor.o
    0x080067d2   0x080067d2   0x00000002   PAD
    0x080067d4   0x080067d4   0x00000030   Code   RO         2022    .text._ZN16DJI_Motor_Object8Set_KeepEv  dji_motor.o
    0x08006804   0x08006804   0x000000c2   Code   RO         2012    .text._ZN16DJI_Motor_Object9Ctrl_CalcEv  dji_motor.o
    0x080068c6   0x080068c6   0x00000002   PAD
    0x080068c8   0x080068c8   0x000001fe   Code   RO         2006    .text._ZN16DJI_Motor_ObjectC2EP19__CAN_HandleTypeDefhb14Encoder_Type_ej  dji_motor.o
    0x08006ac6   0x08006ac6   0x00000002   PAD
    0x08006ac8   0x08006ac8   0x0000009c   Code   RO         1998    .text._ZN16DJI_Motor_ObjectC2EP19__CAN_HandleTypeDefhb14Encoder_Type_ejfffjfffj  dji_motor.o
    0x08006b64   0x08006b64   0x00000010   Code   RO         2250    .text._ZN18Gimbal_Fire_Info_tC2Ev  fire_task.o
    0x08006b74   0x08006b74   0x000000c2   Code   RO         1839    .text._ZN5Pid_c11PidInitModeEP15Pid_parameter_tjff  pid.o
    0x08006c36   0x08006c36   0x00000002   PAD
    0x08006c38   0x08006c38   0x00000020   Code   RO         1857    .text._ZN5Pid_c12PidCalculateEff  pid.o
    0x08006c58   0x08006c58   0x0000003a   Code   RO         1861    .text._ZN5Pid_c12PidCalculateEfff  pid.o
    0x08006c92   0x08006c92   0x00000002   PAD
    0x08006c94   0x08006c94   0x00000026   Code   RO         1849    .text._ZN5Pid_c16InitSpeedPidModeEjff  pid.o
    0x08006cba   0x08006cba   0x00000002   PAD
    0x08006cbc   0x08006cbc   0x00000042   Code   RO         1837    .text._ZN5Pid_c7PidInitEP15Pid_parameter_tfffj  pid.o
    0x08006cfe   0x08006cfe   0x00000002   PAD
    0x08006d00   0x08006d00   0x00000024   Code   RO         1847    .text._ZN5Pid_c8InitModeEjff  pid.o
    0x08006d24   0x08006d24   0x00000032   Code   RO         1843    .text._ZN5Pid_cC2Efffj  pid.o
    0x08006d56   0x08006d56   0x00000002   PAD
    0x08006d58   0x08006d58   0x0000005c   Code   RO         1845    .text._ZN5Pid_cC2Efffjfffj  pid.o
    0x08006db4   0x08006db4   0x0000000a   Code   RO         1841    .text._ZN5Pid_cC2Ev  pid.o
    0x08006dbe   0x08006dbe   0x00000002   PAD
    0x08006dc0   0x08006dc0   0x00000120   Code   RO         2050    .text._ZN6ECF_RC11Updata_ctrlEb  rc.o
    0x08006ee0   0x08006ee0   0x00000254   Code   RO         2048    .text._ZN6ECF_RC15DT7_DataProcessEh  rc.o
    0x08007134   0x08007134   0x0000015e   Code   RO         2056    .text._ZN6ECF_RC16DT7_UART_HandlerEv  rc.o
    0x08007292   0x08007292   0x00000002   PAD
    0x08007294   0x08007294   0x0000000c   Code   RO         2070    .text._ZN6ECF_RC19Get_ECF_RC_InstanceEv  rc.o
    0x080072a0   0x080072a0   0x000005ca   Code   RO         2052    .text._ZN6ECF_RC20REFFEREE_DataProcessEPA255_hhh  rc.o
    0x0800786a   0x0800786a   0x00000002   PAD
    0x0800786c   0x0800786c   0x00000058   Code   RO         2054    .text._ZN6ECF_RC20RefereeDataCRC16DealEPvPhh  rc.o
    0x080078c4   0x080078c4   0x00000150   Code   RO         2058    .text._ZN6ECF_RC21REFFEREE_UART_HandlerEv  rc.o
    0x08007a14   0x08007a14   0x00000030   Code   RO         2064    .text._ZN6ECF_RC9Dt7_ClearEv  rc.o
    0x08007a44   0x08007a44   0x000005b6   Code   RO         2046    .text._ZN6ECF_RCC2Ev  rc.o
    0x08007ffa   0x08007ffa   0x00000002   PAD
    0x08007ffc   0x08007ffc   0x000000f4   Code   RO         1794    .text._ZN7Speed_c3SetEssf14Chassis_Mode_e  chassis.o
    0x080080f0   0x080080f0   0x00000064   Code   RO         1834    .text._ZN7Speed_cC2Ev  chassis.o
    0x08008154   0x08008154   0x00000654   Code   RO         1814    .text._ZN9CHASSIS_c13Power_ControlEf  chassis.o
    0x080087a8   0x080087a8   0x0000002a   Code   RO         1800    .text._ZN9CHASSIS_c15Fire_Motor_WorkEv  chassis.o
    0x080087d2   0x080087d2   0x00000002   PAD
    0x080087d4   0x080087d4   0x00000032   Code   RO         1802    .text._ZN9CHASSIS_c15Fire_Motor_WorkEx  chassis.o
    0x08008806   0x08008806   0x00000002   PAD
    0x08008808   0x08008808   0x0000002e   Code   RO         1798    .text._ZN9CHASSIS_c16Fire_Motor_EmptyEv  chassis.o
    0x08008836   0x08008836   0x00000002   PAD
    0x08008838   0x08008838   0x00000032   Code   RO         1804    .text._ZN9CHASSIS_c17Fire_Motor_NoworkEv  chassis.o
    0x0800886a   0x0800886a   0x00000002   PAD
    0x0800886c   0x0800886c   0x0000000c   Code   RO         1818    .text._ZN9CHASSIS_c20Get_Chassis_InstanceEv  chassis.o
    0x08008878   0x08008878   0x0000006c   Code   RO         1796    .text._ZN9CHASSIS_c34Update_Different_Angle_with_GimbalEv  chassis.o
    0x080088e4   0x080088e4   0x00000018   Code   RO         1806    .text._ZN9CHASSIS_c7SetModeE14Chassis_Mode_e  chassis.o
    0x080088fc   0x080088fc   0x00000102   Code   RO         1812    .text._ZN9CHASSIS_c8SetSpeedEss  chassis.o
    0x080089fe   0x080089fe   0x00000002   PAD
    0x08008a00   0x08008a00   0x000001e6   Code   RO         1808    .text._ZN9CHASSIS_c9MotorCalcEv  chassis.o
    0x08008be6   0x08008be6   0x00000002   PAD
    0x08008be8   0x08008be8   0x00000014   Code   RO         1810    .text._ZN9CHASSIS_c9MotorCtrlEv  chassis.o
    0x08008bfc   0x08008bfc   0x00000198   Code   RO         1816    .text._ZN9CHASSIS_cC2Ev  chassis.o
    0x08008d94   0x08008d94   0x0000000c   Code   RO         2859    .text._ZSt15get_new_handlerv  libcppabi_w.l(cxa_handlers.cpp.o)
    0x08008da0   0x08008da0   0x00000026   Code   RO         2668    .text._Znwj         libcpp_w.l(new.cpp.o)
    0x08008dc6   0x08008dc6   0x00000002   PAD
    0x08008dc8   0x08008dc8   0x00000030   Code   RO          563    .text.__NVIC_EnableIRQ  stm32f4xx_hal_cortex.o
    0x08008df8   0x08008df8   0x00000010   Code   RO          555    .text.__NVIC_GetPriorityGrouping  stm32f4xx_hal_cortex.o
    0x08008e08   0x08008e08   0x00000042   Code   RO          557    .text.__NVIC_SetPriority  stm32f4xx_hal_cortex.o
    0x08008e4a   0x08008e4a   0x00000002   PAD
    0x08008e4c   0x08008e4c   0x0000003c   Code   RO          551    .text.__NVIC_SetPriorityGrouping  stm32f4xx_hal_cortex.o
    0x08008e88   0x08008e88   0x00000022   Code   RO         1820    .text.__cxx_global_var_init  chassis.o
    0x08008eaa   0x08008eaa   0x00000002   PAD
    0x08008eac   0x08008eac   0x00000022   Code   RO         2072    .text.__cxx_global_var_init  rc.o
    0x08008ece   0x08008ece   0x00000002   PAD
    0x08008ed0   0x08008ed0   0x00000010   Code   RO         2196    .text.__cxx_global_var_init  chassis_task.o
    0x08008ee0   0x08008ee0   0x00000010   Code   RO         2213    .text.__cxx_global_var_init  fire_task.o
    0x08008ef0   0x08008ef0   0x00000012   Code   RO         2074    .text.__cxx_global_var_init.3  rc.o
    0x08008f02   0x08008f02   0x00000002   PAD
    0x08008f04   0x08008f04   0x0000002c   Code   RO         2076    .text.__cxx_global_var_init.4  rc.o
    0x08008f30   0x08008f30   0x00000030   Code   RO         2198    .text.chassis_task  chassis_task.o
    0x08008f60   0x08008f60   0x0000019c   Code   RO         1931    .text.cos_calculate  maths.o
    0x080090fc   0x080090fc   0x00000024   Code   RO         2237    .text.fire_task     fire_task.o
    0x08009120   0x08009120   0x000000d4   Code   RO         1923    .text.loop_fp32_constrain  maths.o
    0x080091f4   0x080091f4   0x00000044   Code   RO           11    .text.main          main_1.o
    0x08009238   0x08009238   0x00000028   Code   RO         1615    .text.makeFreeRtosPriority  cmsis_os.o
    0x08009260   0x08009260   0x00000028   Code   RO         1629    .text.osDelay       cmsis_os.o
    0x08009288   0x08009288   0x0000000a   Code   RO         1605    .text.osKernelStart  cmsis_os.o
    0x08009292   0x08009292   0x00000002   PAD
    0x08009294   0x08009294   0x000000ac   Code   RO         1613    .text.osThreadCreate  cmsis_os.o
    0x08009340   0x08009340   0x000000f4   Code   RO         1489    .text.prvAddCurrentTaskToDelayedList  tasks.o
    0x08009434   0x08009434   0x00000110   Code   RO         1475    .text.prvAddNewTaskToReadyList  tasks.o
    0x08009544   0x08009544   0x0000005a   Code   RO         1573    .text.prvCheckTasksWaitingTermination  tasks.o
    0x0800959e   0x0800959e   0x00000002   PAD
    0x080095a0   0x080095a0   0x0000005e   Code   RO         1481    .text.prvDeleteTCB  tasks.o
    0x080095fe   0x080095fe   0x00000002   PAD
    0x08009600   0x08009600   0x000000bc   Code   RO         1727    .text.prvHeapInit   heap_4.o
    0x080096bc   0x080096bc   0x00000038   Code   RO         1511    .text.prvIdleTask   tasks.o
    0x080096f4   0x080096f4   0x00000114   Code   RO         1473    .text.prvInitialiseNewTask  tasks.o
    0x08009808   0x08009808   0x0000008e   Code   RO         1571    .text.prvInitialiseTaskLists  tasks.o
    0x08009896   0x08009896   0x00000002   PAD
    0x08009898   0x08009898   0x000000c6   Code   RO         1729    .text.prvInsertBlockIntoFreeList  heap_4.o
    0x0800995e   0x0800995e   0x00000002   PAD
    0x08009960   0x08009960   0x00000028   Code   RO         1768    .text.prvPortStartFirstTask  port.o
    0x08009988   0x08009988   0x00000046   Code   RO         1483    .text.prvResetNextTaskUnblockTime  tasks.o
    0x080099ce   0x080099ce   0x00000002   PAD
    0x080099d0   0x080099d0   0x0000004c   Code   RO         1758    .text.prvTaskExitError  port.o
    0x08009a1c   0x08009a1c   0x000001ec   Code   RO         1725    .text.pvPortMalloc  heap_4.o
    0x08009c08   0x08009c08   0x0000005e   Code   RO         1756    .text.pxPortInitialiseStack  port.o
    0x08009c66   0x08009c66   0x00000002   PAD
    0x08009c68   0x08009c68   0x0000003e   Code   RO         2263    .text.safe_task     safe_task.o
    0x08009ca6   0x08009ca6   0x00000002   PAD
    0x08009ca8   0x08009ca8   0x00000290   Code   RO         1929    .text.sin_calculate  maths.o
    0x08009f38   0x08009f38   0x00000048   Code   RO         1343    .text.uxListRemove  list.o
    0x08009f80   0x08009f80   0x0000002a   Code   RO           35    .text.vApplicationGetIdleTaskMemory  freertos.o
    0x08009faa   0x08009faa   0x00000002   PAD
    0x08009fac   0x08009fac   0x0000002e   Code   RO         1335    .text.vListInitialise  list.o
    0x08009fda   0x08009fda   0x00000002   PAD
    0x08009fdc   0x08009fdc   0x0000000e   Code   RO         1337    .text.vListInitialiseItem  list.o
    0x08009fea   0x08009fea   0x00000002   PAD
    0x08009fec   0x08009fec   0x0000006a   Code   RO         1341    .text.vListInsert   list.o
    0x0800a056   0x0800a056   0x00000002   PAD
    0x0800a058   0x0800a058   0x0000003a   Code   RO         1339    .text.vListInsertEnd  list.o
    0x0800a092   0x0800a092   0x00000002   PAD
    0x0800a094   0x0800a094   0x00000014   Code   RO         1766    .text.vPortEnableVFP  port.o
    0x0800a0a8   0x0800a0a8   0x00000056   Code   RO         1772    .text.vPortEnterCritical  port.o
    0x0800a0fe   0x0800a0fe   0x00000002   PAD
    0x0800a100   0x0800a100   0x0000004a   Code   RO         1774    .text.vPortExitCritical  port.o
    0x0800a14a   0x0800a14a   0x00000002   PAD
    0x0800a14c   0x0800a14c   0x000000ce   Code   RO         1731    .text.vPortFree     heap_4.o
    0x0800a21a   0x0800a21a   0x00000002   PAD
    0x0800a21c   0x0800a21c   0x00000044   Code   RO         1764    .text.vPortSetupTimerInterrupt  port.o
    0x0800a260   0x0800a260   0x0000006e   Code   RO         1485    .text.vTaskDelay    tasks.o
    0x0800a2ce   0x0800a2ce   0x00000002   PAD
    0x0800a2d0   0x0800a2d0   0x000000ce   Code   RO         1509    .text.vTaskStartScheduler  tasks.o
    0x0800a39e   0x0800a39e   0x00000002   PAD
    0x0800a3a0   0x0800a3a0   0x00000010   Code   RO         1487    .text.vTaskSuspendAll  tasks.o
    0x0800a3b0   0x0800a3b0   0x000000be   Code   RO         1501    .text.vTaskSwitchContext  tasks.o
    0x0800a46e   0x0800a46e   0x00000002   PAD
    0x0800a470   0x0800a470   0x00000156   Code   RO         1762    .text.xPortStartScheduler  port.o
    0x0800a5c6   0x0800a5c6   0x00000002   PAD
    0x0800a5c8   0x0800a5c8   0x0000009e   Code   RO         1477    .text.xTaskCreate   tasks.o
    0x0800a666   0x0800a666   0x00000002   PAD
    0x0800a668   0x0800a668   0x000000ce   Code   RO         1471    .text.xTaskCreateStatic  tasks.o
    0x0800a736   0x0800a736   0x00000002   PAD
    0x0800a738   0x0800a738   0x000001b8   Code   RO         1515    .text.xTaskIncrementTick  tasks.o
    0x0800a8f0   0x0800a8f0   0x00000178   Code   RO         1491    .text.xTaskResumeAll  tasks.o
    0x0800aa68   0x0800aa68   0x0000003a   Code   RO         2728    i.__hardfp_sqrtf    m_wm.l(sqrtf.o)
    0x0800aaa2   0x0800aaa2   0x00000060   Code   RO         2661    x$fpl$ffltll        fz_wm.l(ffltll_clz.o)
    0x0800ab02   0x0800ab02   0x0000008c   Code   RO         2839    x$fpl$fnaninf       fz_wm.l(fnaninf.o)
    0x0800ab8e   0x0800ab8e   0x0000001a   Code   RO         2935    x$fpl$fpinit        fz_wm.l(fpinit.o)
    0x0800aba8   0x0800aba8   0x0000005c   Code   RO         2657    x$fpl$llufromf      fz_wm.l(ffixull.o)
    0x0800ac04   0x0800ac04   0x00000000   Code   RO         2843    x$fpl$usenofp       fz_wm.l(usenofp.o)
    0x0800ac04   0x0800ac04   0x0000001c   Data   RO           46    .rodata..L__const.MX_FREERTOS_Init.os_thread_def_CHASSIS_TASK  freertos.o
    0x0800ac20   0x0800ac20   0x0000001c   Data   RO           48    .rodata..L__const.MX_FREERTOS_Init.os_thread_def_FIRE_TASK  freertos.o
    0x0800ac3c   0x0800ac3c   0x0000001c   Data   RO           50    .rodata..L__const.MX_FREERTOS_Init.os_thread_def_SAFE_TASK  freertos.o
    0x0800ac58   0x0800ac58   0x0000001c   Data   RO           44    .rodata..L__const.MX_FREERTOS_Init.os_thread_def_defaultTask  freertos.o
    0x0800ac74   0x0800ac74   0x00000010   Data   RO         1296    .rodata.AHBPrescTable  system_stm32f4xx.o
    0x0800ac84   0x0800ac84   0x00000008   Data   RO         1297    .rodata.APBPrescTable  system_stm32f4xx.o
    0x0800ac8c   0x0800ac8c   0x00000100   Data   RO         1901    .rodata.CRC8_TAB    crc.o
    0x0800ad8c   0x0800ad8c   0x00000008   Data   RO          481    .rodata.DMA_CalcBaseAndBitshift.flagBitshiftOffset  stm32f4xx_hal_dma.o
    0x0800ad94   0x0800ad94   0x00000e14   Data   RO         1935    .rodata.Trigonometric_Functions  maths.o
    0x0800bba8   0x0800bba8   0x0000002d   Data   RO           43    .rodata.str1.1      freertos.o
    0x0800bbd5   0x0800bbd5   0x00000005   Data   RO         1586    .rodata.str1.1      tasks.o
    0x0800bbda   0x0800bbda   0x00000004   Data   RO         2095    .rodata.str1.1      rc.o
    0x0800bbde   0x0800bbde   0x00000200   Data   RO         1903    .rodata.wCRC_Table  crc.o
    0x0800bdde   0x0800bdde   0x00000002   PAD
    0x0800bde0   0x0800bde0   0x00000020   Data   RO         3037    Region$$Table       anon$$obj.o
    0x0800be00   0x0800be00   0x00000004   Data   RO         1827    .init_array         chassis.o
    0x0800be04   0x0800be00   0x00000004   Data   RO         2096    .init_array         rc.o
    0x0800be08   0x0800be00   0x00000004   Data   RO         2205    .init_array         chassis_task.o
    0x0800be0c   0x0800be00   0x00000004   Data   RO         2243    .init_array         fire_task.o
    0x0800be10   0x0800be00   0x00000000   Data   RO         2626    .init_array         c_w.l(init_aeabi.o)


    Execution Region RW_IRAM1 (Exec base: 0x20000000, Load base: 0x0800be10, Size: 0x00008c18, Max: 0x0001c000, ABSOLUTE)

    Exec Addr    Load Addr    Size         Type   Attr      Idx    E Section Name        Object

    0x20000000   0x0800be10   0x00000002   Data   RW         1902    .data.CRC_INIT      crc.o
    0x20000002   0x0800be12   0x00000002   PAD
    0x20000004   0x0800be14   0x00000004   Data   RW         1295    .data.SystemCoreClock  system_stm32f4xx.o
    0x20000008   0x0800be18   0x00000001   Data   RW         2242    .data._ZZN14Control_Fire_c7Get_CmdEvE14Fire_cmd_reset  fire_task.o
    0x20000009   0x0800be19   0x00000001   Data   RW         1825    .data._ZZN9CHASSIS_c9MotorCalcEvE17Set_Lock_Potision  chassis.o
    0x2000000a   0x0800be1a   0x00000001   Data   RW          675    .data.uwTickFreq    stm32f4xx_hal.o
    0x2000000b   0x0800be1b   0x00000001   PAD
    0x2000000c   0x0800be1c   0x00000004   Data   RW          674    .data.uwTickPrio    stm32f4xx_hal.o
    0x20000010   0x0800be20   0x00000004   Data   RW         1784    .data.uxCriticalNesting  port.o
    0x20000014   0x0800be24   0x00000004   PAD
    0x20000018        -       0x00000060   Zero   RW         2888    .bss                c_w.l(libspace.o)
    0x20000078        -       0x00000048   Zero   RW         2088    .bss..Lconstinit    rc.o
    0x200000c0        -       0x000001fe   Zero   RW         2089    .bss..Lconstinit.1  rc.o
    0x200002be        -       0x000001fe   Zero   RW         2090    .bss..Lconstinit.2  rc.o
    0x200004bc        -       0x00000280   Zero   RW         2111    .bss.CAN_rx_callback  bsp_can.o
    0x2000073c        -       0x00000004   Zero   RW           47    .bss.CHASSIS_TASKHandle  freertos.o
    0x20000740        -       0x00000004   Zero   RW         2349    .bss.CPU_FREQ_Hz    bsp_dwt.o
    0x20000744        -       0x00000004   Zero   RW         2350    .bss.CPU_FREQ_Hz_ms  bsp_dwt.o
    0x20000748        -       0x00000004   Zero   RW         2351    .bss.CPU_FREQ_Hz_us  bsp_dwt.o
    0x2000074c   0x0800be24   0x00000004   PAD
    0x20000750        -       0x00000008   Zero   RW         2356    .bss.CYCCNT64       bsp_dwt.o
    0x20000758        -       0x00000004   Zero   RW         2358    .bss.CYCCNT_LAST    bsp_dwt.o
    0x2000075c        -       0x00000004   Zero   RW         2352    .bss.CYCCNT_RountCount  bsp_dwt.o
    0x20000760        -       0x00000028   Zero   RW         2241    .bss.Control_Fire   fire_task.o
    0x20000788        -       0x00000018   Zero   RW         2204    .bss.Control_Move   chassis_task.o
    0x200007a0        -       0x00000060   Zero   RW         2094    .bss.DT7_Safe       rc.o
    0x20000800        -       0x00000008   Zero   RW         2353    .bss.DWT_SysTimeUpdate.CNT_TEMP1  bsp_dwt.o
    0x20000808        -       0x00000008   Zero   RW         2354    .bss.DWT_SysTimeUpdate.CNT_TEMP2  bsp_dwt.o
    0x20000810        -       0x00000008   Zero   RW         2355    .bss.DWT_SysTimeUpdate.CNT_TEMP3  bsp_dwt.o
    0x20000818        -       0x00000004   Zero   RW         2093    .bss.ECF_RC_instance  rc.o
    0x2000081c        -       0x00000004   Zero   RW           49    .bss.FIRE_TASKHandle  freertos.o
    0x20000820        -       0x00000004   Zero   RW           69    .bss.HAL_RCC_CAN1_CLK_ENABLED  can.o
    0x20000824        -       0x00000004   Zero   RW         2265    .bss.Head           safe_task.o
    0x20000828        -       0x00000004   Zero   RW         2110    .bss.NUM_of_can_and_id_type  bsp_can.o
    0x2000082c        -       0x00000004   Zero   RW           51    .bss.SAFE_TASKHandle  freertos.o
    0x20000830        -       0x00000008   Zero   RW         2357    .bss.SysTime        bsp_dwt.o
    0x20000838        -       0x00000050   Zero   RW         2036    .bss._ZL14DJI_Motor_List  dji_motor.o
    0x20000888        -       0x00000008   Zero   RW         2034    .bss._ZN16DJI_Motor_Object21DJI_Motor_Tx_Data_1FFE  dji_motor.o
    0x20000890        -       0x00000008   Zero   RW         2033    .bss._ZN16DJI_Motor_Object21DJI_Motor_Tx_Data_200E  dji_motor.o
    0x20000898        -       0x00000008   Zero   RW         2035    .bss._ZN16DJI_Motor_Object21DJI_Motor_Tx_Data_2FFE  dji_motor.o
    0x200008a0        -       0x00000001   Zero   RW         2032    .bss._ZN16DJI_Motor_Object27ALL_DJI_Motor_Register_FlagE  dji_motor.o
    0x200008a1   0x0800be24   0x00000003   PAD
    0x200008a4        -       0x00000004   Zero   RW         2092    .bss._ZN6ECF_RC15ECF_RC_instanceE  rc.o
    0x200008a8        -       0x00000004   Zero   RW         1826    .bss._ZN9CHASSIS_c16Chassis_instanceE  chassis.o
    0x200008ac        -       0x00000001   Zero   RW         2203    .bss._ZZN14Control_Move_c7Get_CmdEvE15RC_Chassis_Mode  chassis_task.o
    0x200008ad        -       0x00000001   Zero   RW         2202    .bss._ZZN14Control_Move_c7Get_CmdEvE17last_Chassis_Mode  chassis_task.o
    0x200008ae        -       0x00000002   Zero   RW         1824    .bss._ZZN9CHASSIS_c34Update_Different_Angle_with_GimbalEvE16yaw_encoder_zero  chassis.o
    0x200008b0        -       0x00000004   Zero   RW         2861    .bss.__cxa_new_handler  libcppabi_w.l(cxa_handlers.cpp.o)
    0x200008b4        -       0x00000004   Zero   RW           45    .bss.defaultTaskHandle  freertos.o
    0x200008b8        -       0x00000028   Zero   RW           67    .bss.hcan1          can.o
    0x200008e0        -       0x00000028   Zero   RW           68    .bss.hcan2          can.o
    0x20000908        -       0x00000060   Zero   RW           92    .bss.hdma_spi1_rx   spi.o
    0x20000968        -       0x00000060   Zero   RW           93    .bss.hdma_spi1_tx   spi.o
    0x200009c8        -       0x00000060   Zero   RW          127    .bss.hdma_usart2_rx  usart.o
    0x20000a28        -       0x00000060   Zero   RW          128    .bss.hdma_usart2_tx  usart.o
    0x20000a88        -       0x00000060   Zero   RW          129    .bss.hdma_usart3_rx  usart.o
    0x20000ae8        -       0x00000058   Zero   RW           91    .bss.hspi1          spi.o
    0x20000b40        -       0x00000048   Zero   RW          190    .bss.htim1          stm32f4xx_hal_timebase_tim.o
    0x20000b88        -       0x00000048   Zero   RW          109    .bss.htim10         tim.o
    0x20000bd0        -       0x00000044   Zero   RW          125    .bss.huart2         usart.o
    0x20000c14        -       0x00000044   Zero   RW          126    .bss.huart3         usart.o
    0x20000c58        -       0x00000004   Zero   RW         1575    .bss.pxCurrentTCB   tasks.o
    0x20000c5c        -       0x00000004   Zero   RW         1592    .bss.pxDelayedTaskList  tasks.o
    0x20000c60        -       0x00000004   Zero   RW         1741    .bss.pxEnd          heap_4.o
    0x20000c64        -       0x00000004   Zero   RW         1593    .bss.pxOverflowDelayedTaskList  tasks.o
    0x20000c68        -       0x0000008c   Zero   RW         1576    .bss.pxReadyTasksLists  tasks.o
    0x20000cf4        -       0x00003c00   Zero   RW         1748    .bss.ucHeap         heap_4.o
    0x200048f4        -       0x00000001   Zero   RW         1782    .bss.ucMaxSysCallPriority  port.o
    0x200048f5   0x0800be24   0x00000003   PAD
    0x200048f8        -       0x00000004   Zero   RW         1783    .bss.ulMaxPRIGROUPValue  port.o
    0x200048fc        -       0x00000004   Zero   RW          676    .bss.uwTick         stm32f4xx_hal.o
    0x20004900        -       0x00000004   Zero   RW         1581    .bss.uxCurrentNumberOfTasks  tasks.o
    0x20004904        -       0x00000004   Zero   RW         1580    .bss.uxDeletedTasksWaitingCleanUp  tasks.o
    0x20004908        -       0x00000004   Zero   RW         1583    .bss.uxSchedulerSuspended  tasks.o
    0x2000490c        -       0x00000004   Zero   RW         1578    .bss.uxTaskNumber   tasks.o
    0x20004910        -       0x00000004   Zero   RW         1577    .bss.uxTopReadyPriority  tasks.o
    0x20004914        -       0x00000004   Zero   RW         1742    .bss.xBlockAllocatedBit  heap_4.o
    0x20004918        -       0x00000014   Zero   RW         1595    .bss.xDelayedTaskList1  tasks.o
    0x2000492c        -       0x00000014   Zero   RW         1596    .bss.xDelayedTaskList2  tasks.o
    0x20004940        -       0x00000004   Zero   RW         1743    .bss.xFreeBytesRemaining  heap_4.o
    0x20004944        -       0x00000200   Zero   RW           42    .bss.xIdleStack     freertos.o
    0x20004b44        -       0x00000004   Zero   RW         1587    .bss.xIdleTaskHandle  tasks.o
    0x20004b48        -       0x00000064   Zero   RW           41    .bss.xIdleTaskTCBBuffer  freertos.o
    0x20004bac        -       0x00000004   Zero   RW         1745    .bss.xMinimumEverFreeBytesRemaining  heap_4.o
    0x20004bb0        -       0x00000004   Zero   RW         1588    .bss.xNextTaskUnblockTime  tasks.o
    0x20004bb4        -       0x00000004   Zero   RW         1594    .bss.xNumOfOverflows  tasks.o
    0x20004bb8        -       0x00000004   Zero   RW         1746    .bss.xNumberOfSuccessfulAllocations  heap_4.o
    0x20004bbc        -       0x00000004   Zero   RW         1747    .bss.xNumberOfSuccessfulFrees  heap_4.o
    0x20004bc0        -       0x00000004   Zero   RW         1591    .bss.xPendedTicks   tasks.o
    0x20004bc4        -       0x00000014   Zero   RW         1585    .bss.xPendingReadyList  tasks.o
    0x20004bd8        -       0x00000004   Zero   RW         1582    .bss.xSchedulerRunning  tasks.o
    0x20004bdc        -       0x00000008   Zero   RW         1744    .bss.xStart         heap_4.o
    0x20004be4        -       0x00000014   Zero   RW         1584    .bss.xSuspendedTaskList  tasks.o
    0x20004bf8        -       0x00000014   Zero   RW         1579    .bss.xTasksWaitingTermination  tasks.o
    0x20004c0c        -       0x00000004   Zero   RW         1589    .bss.xTickCount     tasks.o
    0x20004c10        -       0x00000004   Zero   RW         1590    .bss.xYieldPending  tasks.o
    0x20004c14   0x0800be24   0x00000004   PAD
    0x20004c18        -       0x00002000   Zero   RW            2    HEAP                startup_stm32f407xx.o
    0x20006c18        -       0x00002000   Zero   RW            1    STACK               startup_stm32f407xx.o


    Execution Region RW_IRAM2 (Exec base: 0x2001c000, Load base: 0x0800be28, Size: 0x00000000, Max: 0x00004000, ABSOLUTE)

    **** No section assigned to this execution region ****


==============================================================================

Image component sizes


      Code (inc. data)   RO Data    RW Data    ZI Data      Debug   Object Name

       660          0          0          0        644       4399   bsp_can.o
       528          4          0          0         60       3499   bsp_dwt.o
       544          0          0          0         84       6451   can.o
      3510         40          4          1          6      26484   chassis.o
       510          0          4          0         26      22722   chassis_task.o
       262          0          0          0          0      16144   cmsis_os.o
       376          0        768          2          0       1996   crc.o
      2168         12          0          0        105      16741   dji_motor.o
       170          0          0          0          0       3315   dma.o
       868          0          4          1         40      24440   fire_task.o
       316          0        157          0        628       2964   freertos.o
       302          0          0          0          0       2175   gpio.o
      1084          0          0          0      15392       4435   heap_4.o
       296          0          0          0          0       2203   list.o
       300          0          0          0          0       5590   main_1.o
      1280         44       3604          0          0       3826   maths.o
      2024          0          0          0          0      10969   pid.o
       996         16          0          4          5       3815   port.o
      5058          0          8          0       1196      25368   rc.o
       430          0          0          0          4       8765   safe_task.o
       486          0          0          0        280       5069   spi.o
        64         26        392          0      16384        844   startup_stm32f407xx.o
        92          0          0          5          4       7092   stm32f4xx_hal.o
      3088          0          0          0          0      11295   stm32f4xx_hal_can.o
       384          0          0          0          0       9411   stm32f4xx_hal_cortex.o
      1794          8          8          0          0       8452   stm32f4xx_hal_dma.o
       996          0          0          0          0       5080   stm32f4xx_hal_gpio.o
        88          0          0          0          0       3340   stm32f4xx_hal_msp.o
      2730          0          0          0          0       7562   stm32f4xx_hal_rcc.o
       256          0          0          0          0      19648   stm32f4xx_hal_spi.o
      2848         14          0          0          0      35736   stm32f4xx_hal_tim.o
        16          0          0          0          0      15240   stm32f4xx_hal_tim_ex.o
       218          0          0          0         72       7027   stm32f4xx_hal_timebase_tim.o
      2280          0          0          0          0      20098   stm32f4xx_hal_uart.o
       202          0          0          0          0       1741   stm32f4xx_it.o
        18          0         24          4          0       2508   system_stm32f4xx.o
      2946          0          5          0        300      20302   tasks.o
       334          0          0          0         72       7513   tim.o
       796          0          0          0        424       7292   usart.o

    ----------------------------------------------------------------------
     41568        176       5012         20      35744     391551   Object Totals
         0          0         32          0          0          0   (incl. Generated)
       250         12          2          3         18          0   (incl. Padding)

    ----------------------------------------------------------------------

      Code (inc. data)   RO Data    RW Data    ZI Data      Debug   Library Member Name

         8          0          0          0          0         68   __main.o
         0          0          0          0          0          0   __rtentry.o
        12          0          0          0          0          0   __rtentry2.o
         6          0          0          0          0          0   __rtentry4.o
        52          8          0          0          0          0   __scatter.o
        26          0          0          0          0          0   __scatter_copy.o
        28          0          0          0          0          0   __scatter_zi.o
        22          0          0          0          0        100   _rserrno.o
        10          0          0          0          0         68   defsig_exit.o
        50          0          0          0          0         88   defsig_general.o
        80         58          0          0          0         76   defsig_rtmem_inner.o
        14          0          0          0          0         80   defsig_rtmem_outer.o
        18          0          0          0          0         80   exit.o
        94          0          0          0          0         80   h1_alloc.o
        52          0          0          0          0         68   h1_extend.o
        78          0          0          0          0         80   h1_free.o
        14          0          0          0          0         84   h1_init.o
         6          0          0          0          0        152   heapauxi.o
         4          0          0          0          0        136   hguard.o
         0          0          0          0          0          0   indicate_semi.o
        36          8          0          0          0         80   init_aeabi.o
       138          0          0          0          0        168   init_alloc.o
         2          0          0          0          0          0   libinit.o
        18          0          0          0          0          0   libinit2.o
         2          0          0          0          0          0   libshutdown.o
         2          0          0          0          0          0   libshutdown2.o
         8          4          0          0         96         68   libspace.o
       240          0          0          0          0        100   lludivv7m.o
         0          0          0          0          0          0   maybetermalloc1.o
         8          4          0          0          0         68   rt_errno_addr_intlibspace.o
         8          4          0          0          0         68   rt_heap_descriptor_intlibspace.o
        68          0          0          0          0         68   rt_memclr.o
        78          0          0          0          0         80   rt_memclr_w.o
       138          0          0          0          0         68   rt_memcpy_v6.o
       100          0          0          0          0         80   rt_memcpy_w.o
         2          0          0          0          0          0   rtexit.o
        10          0          0          0          0          0   rtexit2.o
        72          0          0          0          0         80   strcpy.o
        12          4          0          0          0         68   sys_exit.o
        74          0          0          0          0         80   sys_stackheap_outer.o
        14          0          0          0          0         76   sys_wrch.o
         2          0          0          0          0         68   use_no_semi.o
        92          4          0          0          0        132   ffixull.o
        96          0          0          0          0        132   ffltll_clz.o
       140          4          0          0          0        132   fnaninf.o
        26          0          0          0          0        116   fpinit.o
         0          0          0          0          0          0   usenofp.o
        38          0          0          0          0        380   new.cpp.o
        12          0          0          0          4        148   cxa_handlers.cpp.o
        58          0          0          0          0        136   sqrtf.o

    ----------------------------------------------------------------------
      2076         98          0          0        100       3556   Library Totals
         8          0          0          0          0          0   (incl. Padding)

    ----------------------------------------------------------------------

      Code (inc. data)   RO Data    RW Data    ZI Data      Debug   Library Name

      1606         90          0          0         96       2380   c_w.l
       354          8          0          0          0        512   fz_wm.l
        38          0          0          0          0        380   libcpp_w.l
        12          0          0          0          4        148   libcppabi_w.l
        58          0          0          0          0        136   m_wm.l

    ----------------------------------------------------------------------
      2076         98          0          0        100       3556   Library Totals

    ----------------------------------------------------------------------

==============================================================================


      Code (inc. data)   RO Data    RW Data    ZI Data      Debug   

     43644        274       5012         20      35844     392727   Grand Totals
     43644        274       5012         20      35844     392727   ELF Image Totals
     43644        274       5012         20          0          0   ROM Totals

==============================================================================

    Total RO  Size (Code + RO Data)                48656 (  47.52kB)
    Total RW  Size (RW Data + ZI Data)             35864 (  35.02kB)
    Total ROM Size (Code + RO Data + RW Data)      48676 (  47.54kB)

==============================================================================

