<html>
<body>
<pre>
<h1>µVision Build Log</h1>
<h2>Tool Versions:</h2>
IDE-Version: ¦ÌVision V5.35.0.0
Copyright (C) 2021 ARM Ltd and ARM Germany GmbH. All rights reserved.
License Information: Z,  , LIC=FYKYW-QS630-305NC-7TW9U-CTL5N-873A9
 
Tool Versions:
Toolchain:       MDK-ARM Plus  Version: 5.35.0.2
Toolchain Path:  C:\Keil_v5\ARM\ARMCLANG\Bin
C Compiler:      ArmClang.exe V6.16
Assembler:       Armasm.exe V6.16
Linker/Locator:  ArmLink.exe V6.16
Library Manager: ArmAr.exe V6.16
Hex Converter:   FromElf.exe V6.16
CPU DLL:         SARMCM3.DLL V5.35.0.2
Dialog DLL:      DCM.DLL V1.17.3.0
Target DLL:      Segger\JL2CM3.dll V2.99.40.0
Dialog DLL:      TCM.DLL V1.53.0.0
 
<h2>Project:</h2>
C:\Users\Z\Desktop\RM\HERO_2025\Chassis_8M_cpp\MDK-ARM\CHASSIS.uvprojx
Project File Date:  09/03/2024

<h2>Output:</h2>
*** Using Compiler 'V6.16', folder: 'C:\Keil_v5\ARM\ARMCLANG\Bin'
Build target 'CHASSIS'
Note: source file '../Core/Src/main.c' - object file renamed from 'CHASSIS\main.o' to 'CHASSIS\main_1.o'.
../TASK/src/chassis_task.cpp(2): warning: In file included from...
../APP/Inc\Chassis.hpp(5): warning: In file included from...
../ACE-ECF/Control/Inc\RC.hpp(178): warning: 'packed' attribute ignored [-Wignored-attributes]
typedef __packed struct
        ^
../Drivers/STM32F4xx_HAL_Driver/Inc/stm32f4xx_hal_def.h(114): note: expanded from macro '__packed'
    #define __packed  __attribute__((packed))
                                     ^
../TASK/src/chassis_task.cpp(2): warning: In file included from...
../APP/Inc\Chassis.hpp(5): warning: In file included from...
../ACE-ECF/Control/Inc\RC.hpp(188): warning: 'packed' attribute ignored [-Wignored-attributes]
typedef __packed struct
        ^
../Drivers/STM32F4xx_HAL_Driver/Inc/stm32f4xx_hal_def.h(114): note: expanded from macro '__packed'
    #define __packed  __attribute__((packed))
                                     ^
../TASK/src/chassis_task.cpp(2): warning: In file included from...
../APP/Inc\Chassis.hpp(5): warning: In file included from...
../ACE-ECF/Control/Inc\RC.hpp(195): warning: 'packed' attribute ignored [-Wignored-attributes]
typedef __packed struct
        ^
../Drivers/STM32F4xx_HAL_Driver/Inc/stm32f4xx_hal_def.h(114): note: expanded from macro '__packed'
    #define __packed  __attribute__((packed))
                                     ^
../TASK/src/chassis_task.cpp(2): warning: In file included from...
../APP/Inc\Chassis.hpp(5): warning: In file included from...
../ACE-ECF/Control/Inc\RC.hpp(217): warning: 'packed' attribute ignored [-Wignored-attributes]
typedef __packed struct
        ^
../Drivers/STM32F4xx_HAL_Driver/Inc/stm32f4xx_hal_def.h(114): note: expanded from macro '__packed'
    #define __packed  __attribute__((packed))
                                     ^
../TASK/src/chassis_task.cpp(2): warning: In file included from...
../APP/Inc\Chassis.hpp(5): warning: In file included from...
../ACE-ECF/Control/Inc\RC.hpp(244): warning: 'packed' attribute ignored [-Wignored-attributes]
typedef __packed struct
        ^
../Drivers/STM32F4xx_HAL_Driver/Inc/stm32f4xx_hal_def.h(114): note: expanded from macro '__packed'
    #define __packed  __attribute__((packed))
                                     ^
../TASK/src/chassis_task.cpp(2): warning: In file included from...
../APP/Inc\Chassis.hpp(5): warning: In file included from...
../ACE-ECF/Control/Inc\RC.hpp(254): warning: 'packed' attribute ignored [-Wignored-attributes]
typedef __packed struct
        ^
../Drivers/STM32F4xx_HAL_Driver/Inc/stm32f4xx_hal_def.h(114): note: expanded from macro '__packed'
    #define __packed  __attribute__((packed))
                                     ^
../TASK/src/chassis_task.cpp(2): warning: In file included from...
../APP/Inc\Chassis.hpp(5): warning: In file included from...
../ACE-ECF/Control/Inc\RC.hpp(263): warning: 'packed' attribute ignored [-Wignored-attributes]
typedef __packed struct
        ^
../Drivers/STM32F4xx_HAL_Driver/Inc/stm32f4xx_hal_def.h(114): note: expanded from macro '__packed'
    #define __packed  __attribute__((packed))
                                     ^
../TASK/src/chassis_task.cpp(2): warning: In file included from...
../APP/Inc\Chassis.hpp(5): warning: In file included from...
../ACE-ECF/Control/Inc\RC.hpp(274): warning: 'packed' attribute ignored [-Wignored-attributes]
typedef __packed struct
        ^
../Drivers/STM32F4xx_HAL_Driver/Inc/stm32f4xx_hal_def.h(114): note: expanded from macro '__packed'
    #define __packed  __attribute__((packed))
                                     ^
../TASK/src/chassis_task.cpp(2): warning: In file included from...
../APP/Inc\Chassis.hpp(5): warning: In file included from...
../ACE-ECF/Control/Inc\RC.hpp(291): warning: 'packed' attribute ignored [-Wignored-attributes]
typedef __packed struct
        ^
../Drivers/STM32F4xx_HAL_Driver/Inc/stm32f4xx_hal_def.h(114): note: expanded from macro '__packed'
    #define __packed  __attribute__((packed))
                                     ^
../TASK/src/chassis_task.cpp(2): warning: In file included from...
../APP/Inc\Chassis.hpp(5): warning: In file included from...
../ACE-ECF/Control/Inc\RC.hpp(304): warning: 'packed' attribute ignored [-Wignored-attributes]
typedef __packed struct
        ^
../Drivers/STM32F4xx_HAL_Driver/Inc/stm32f4xx_hal_def.h(114): note: expanded from macro '__packed'
    #define __packed  __attribute__((packed))
                                     ^
../TASK/src/chassis_task.cpp(2): warning: In file included from...
../APP/Inc\Chassis.hpp(5): warning: In file included from...
../ACE-ECF/Control/Inc\RC.hpp(313): warning: 'packed' attribute ignored [-Wignored-attributes]
typedef __packed struct
        ^
../Drivers/STM32F4xx_HAL_Driver/Inc/stm32f4xx_hal_def.h(114): note: expanded from macro '__packed'
    #define __packed  __attribute__((packed))
                                     ^
../TASK/src/chassis_task.cpp(2): warning: In file included from...
../APP/Inc\Chassis.hpp(5): warning: In file included from...
../ACE-ECF/Control/Inc\RC.hpp(320): warning: 'packed' attribute ignored [-Wignored-attributes]
typedef __packed struct
        ^
../Drivers/STM32F4xx_HAL_Driver/Inc/stm32f4xx_hal_def.h(114): note: expanded from macro '__packed'
    #define __packed  __attribute__((packed))
                                     ^
../TASK/src/chassis_task.cpp(2): warning: In file included from...
../APP/Inc\Chassis.hpp(5): warning: In file included from...
../ACE-ECF/Control/Inc\RC.hpp(327): warning: 'packed' attribute ignored [-Wignored-attributes]
typedef __packed struct
        ^
../Drivers/STM32F4xx_HAL_Driver/Inc/stm32f4xx_hal_def.h(114): note: expanded from macro '__packed'
    #define __packed  __attribute__((packed))
                                     ^
../TASK/src/chassis_task.cpp(2): warning: In file included from...
../APP/Inc\Chassis.hpp(5): warning: In file included from...
../ACE-ECF/Control/Inc\RC.hpp(335): warning: 'packed' attribute ignored [-Wignored-attributes]
typedef __packed struct
        ^
../Drivers/STM32F4xx_HAL_Driver/Inc/stm32f4xx_hal_def.h(114): note: expanded from macro '__packed'
    #define __packed  __attribute__((packed))
                                     ^
../TASK/src/chassis_task.cpp(2): warning: In file included from...
../APP/Inc\Chassis.hpp(5): warning: In file included from...
../ACE-ECF/Control/Inc\RC.hpp(345): warning: 'packed' attribute ignored [-Wignored-attributes]
typedef __packed struct
        ^
../Drivers/STM32F4xx_HAL_Driver/Inc/stm32f4xx_hal_def.h(114): note: expanded from macro '__packed'
    #define __packed  __attribute__((packed))
                                     ^
../TASK/src/chassis_task.cpp(2): warning: In file included from...
../APP/Inc\Chassis.hpp(5): warning: In file included from...
../ACE-ECF/Control/Inc\RC.hpp(354): warning: 'packed' attribute ignored [-Wignored-attributes]
typedef __packed struct
        ^
../Drivers/STM32F4xx_HAL_Driver/Inc/stm32f4xx_hal_def.h(114): note: expanded from macro '__packed'
    #define __packed  __attribute__((packed))
                                     ^
../TASK/src/chassis_task.cpp(2): warning: In file included from...
../APP/Inc\Chassis.hpp(5): warning: In file included from...
../ACE-ECF/Control/Inc\RC.hpp(381): warning: 'packed' attribute ignored [-Wignored-attributes]
typedef __packed struct
        ^
../Drivers/STM32F4xx_HAL_Driver/Inc/stm32f4xx_hal_def.h(114): note: expanded from macro '__packed'
    #define __packed  __attribute__((packed))
                                     ^
../TASK/src/chassis_task.cpp(2): warning: In file included from...
../APP/Inc\Chassis.hpp(5): warning: In file included from...
../ACE-ECF/Control/Inc\RC.hpp(391): warning: 'packed' attribute ignored [-Wignored-attributes]
typedef __packed struct
        ^
../Drivers/STM32F4xx_HAL_Driver/Inc/stm32f4xx_hal_def.h(114): note: expanded from macro '__packed'
    #define __packed  __attribute__((packed))
                                     ^
../TASK/src/chassis_task.cpp(2): warning: In file included from...
../APP/Inc\Chassis.hpp(5): warning: In file included from...
../ACE-ECF/Control/Inc\RC.hpp(407): warning: 'packed' attribute ignored [-Wignored-attributes]
typedef __packed struct
        ^
../Drivers/STM32F4xx_HAL_Driver/Inc/stm32f4xx_hal_def.h(114): note: expanded from macro '__packed'
    #define __packed  __attribute__((packed))
                                     ^
../TASK/src/chassis_task.cpp(2): warning: In file included from...
../APP/Inc\Chassis.hpp(5): warning: In file included from...
../ACE-ECF/Control/Inc\RC.hpp(419): warning: 'packed' attribute ignored [-Wignored-attributes]
typedef __packed struct
        ^
../Drivers/STM32F4xx_HAL_Driver/Inc/stm32f4xx_hal_def.h(114): note: expanded from macro '__packed'
    #define __packed  __attribute__((packed))
                                     ^
../TASK/src/chassis_task.cpp(2): warning: In file included from...
../APP/Inc\Chassis.hpp(5): warning: In file included from...
../ACE-ECF/Control/Inc\RC.hpp(429): warning: 'packed' attribute ignored [-Wignored-attributes]
typedef __packed struct
        ^
../Drivers/STM32F4xx_HAL_Driver/Inc/stm32f4xx_hal_def.h(114): note: expanded from macro '__packed'
    #define __packed  __attribute__((packed))
                                     ^
../TASK/src/chassis_task.cpp(2): warning: In file included from...
../APP/Inc\Chassis.hpp(5): warning: In file included from...
../ACE-ECF/Control/Inc\RC.hpp(438): warning: 'packed' attribute ignored [-Wignored-attributes]
typedef __packed struct
        ^
../Drivers/STM32F4xx_HAL_Driver/Inc/stm32f4xx_hal_def.h(114): note: expanded from macro '__packed'
    #define __packed  __attribute__((packed))
                                     ^
../TASK/src/chassis_task.cpp(2): warning: In file included from...
../APP/Inc\Chassis.hpp(5): warning: In file included from...
../ACE-ECF/Control/Inc\RC.hpp(445): warning: 'packed' attribute ignored [-Wignored-attributes]
typedef __packed struct
        ^
../Drivers/STM32F4xx_HAL_Driver/Inc/stm32f4xx_hal_def.h(114): note: expanded from macro '__packed'
    #define __packed  __attribute__((packed))
                                     ^
../TASK/src/chassis_task.cpp(2): warning: In file included from...
../APP/Inc\Chassis.hpp(5): warning: In file included from...
../ACE-ECF/Control/Inc\RC.hpp(484): warning: 'packed' attribute ignored [-Wignored-attributes]
typedef __packed struct
        ^
../Drivers/STM32F4xx_HAL_Driver/Inc/stm32f4xx_hal_def.h(114): note: expanded from macro '__packed'
    #define __packed  __attribute__((packed))
                                     ^
../TASK/src/chassis_task.cpp(2): warning: In file included from...
../APP/Inc\Chassis.hpp(5): warning: In file included from...
../ACE-ECF/Control/Inc\RC.hpp(493): warning: 'packed' attribute ignored [-Wignored-attributes]
typedef __packed struct
        ^
../Drivers/STM32F4xx_HAL_Driver/Inc/stm32f4xx_hal_def.h(114): note: expanded from macro '__packed'
    #define __packed  __attribute__((packed))
                                     ^
../TASK/src/chassis_task.cpp(2): warning: In file included from...
../APP/Inc\Chassis.hpp(5): warning: In file included from...
../ACE-ECF/Control/Inc\RC.hpp(505): warning: 'packed' attribute ignored [-Wignored-attributes]
typedef __packed struct
        ^
../Drivers/STM32F4xx_HAL_Driver/Inc/stm32f4xx_hal_def.h(114): note: expanded from macro '__packed'
    #define __packed  __attribute__((packed))
                                     ^
../TASK/src/chassis_task.cpp(2): warning: In file included from...
../APP/Inc\Chassis.hpp(5): warning: In file included from...
../ACE-ECF/Control/Inc\RC.hpp(512): warning: 'packed' attribute ignored [-Wignored-attributes]
typedef __packed struct
        ^
../Drivers/STM32F4xx_HAL_Driver/Inc/stm32f4xx_hal_def.h(114): note: expanded from macro '__packed'
    #define __packed  __attribute__((packed))
                                     ^
../TASK/src/chassis_task.cpp(2): warning: In file included from...
../APP/Inc\Chassis.hpp(5): warning: In file included from...
../ACE-ECF/Control/Inc\RC.hpp(525): warning: 'packed' attribute ignored [-Wignored-attributes]
typedef __packed struct
        ^
../Drivers/STM32F4xx_HAL_Driver/Inc/stm32f4xx_hal_def.h(114): note: expanded from macro '__packed'
    #define __packed  __attribute__((packed))
                                     ^
28 warnings generated.
compiling chassis_task.cpp...
../TASK/src/fire_task.cpp(1): warning: In file included from...
../APP/Inc\Chassis.hpp(5): warning: In file included from...
../ACE-ECF/Control/Inc\RC.hpp(178): warning: 'packed' attribute ignored [-Wignored-attributes]
typedef __packed struct
        ^
../Drivers/STM32F4xx_HAL_Driver/Inc/stm32f4xx_hal_def.h(114): note: expanded from macro '__packed'
    #define __packed  __attribute__((packed))
                                     ^
../TASK/src/fire_task.cpp(1): warning: In file included from...
../APP/Inc\Chassis.hpp(5): warning: In file included from...
../ACE-ECF/Control/Inc\RC.hpp(188): warning: 'packed' attribute ignored [-Wignored-attributes]
typedef __packed struct
        ^
../Drivers/STM32F4xx_HAL_Driver/Inc/stm32f4xx_hal_def.h(114): note: expanded from macro '__packed'
    #define __packed  __attribute__((packed))
                                     ^
../TASK/src/fire_task.cpp(1): warning: In file included from...
../APP/Inc\Chassis.hpp(5): warning: In file included from...
../ACE-ECF/Control/Inc\RC.hpp(195): warning: 'packed' attribute ignored [-Wignored-attributes]
typedef __packed struct
        ^
../Drivers/STM32F4xx_HAL_Driver/Inc/stm32f4xx_hal_def.h(114): note: expanded from macro '__packed'
    #define __packed  __attribute__((packed))
                                     ^
../TASK/src/fire_task.cpp(1): warning: In file included from...
../APP/Inc\Chassis.hpp(5): warning: In file included from...
../ACE-ECF/Control/Inc\RC.hpp(217): warning: 'packed' attribute ignored [-Wignored-attributes]
typedef __packed struct
        ^
../Drivers/STM32F4xx_HAL_Driver/Inc/stm32f4xx_hal_def.h(114): note: expanded from macro '__packed'
    #define __packed  __attribute__((packed))
                                     ^
../TASK/src/fire_task.cpp(1): warning: In file included from...
../APP/Inc\Chassis.hpp(5): warning: In file included from...
../ACE-ECF/Control/Inc\RC.hpp(244): warning: 'packed' attribute ignored [-Wignored-attributes]
typedef __packed struct
        ^
../Drivers/STM32F4xx_HAL_Driver/Inc/stm32f4xx_hal_def.h(114): note: expanded from macro '__packed'
    #define __packed  __attribute__((packed))
                                     ^
../TASK/src/fire_task.cpp(1): warning: In file included from...
../APP/Inc\Chassis.hpp(5): warning: In file included from...
../ACE-ECF/Control/Inc\RC.hpp(254): warning: 'packed' attribute ignored [-Wignored-attributes]
typedef __packed struct
        ^
../Drivers/STM32F4xx_HAL_Driver/Inc/stm32f4xx_hal_def.h(114): note: expanded from macro '__packed'
    #define __packed  __attribute__((packed))
                                     ^
../TASK/src/fire_task.cpp(1): warning: In file included from...
../APP/Inc\Chassis.hpp(5): warning: In file included from...
../ACE-ECF/Control/Inc\RC.hpp(263): warning: 'packed' attribute ignored [-Wignored-attributes]
typedef __packed struct
        ^
../Drivers/STM32F4xx_HAL_Driver/Inc/stm32f4xx_hal_def.h(114): note: expanded from macro '__packed'
    #define __packed  __attribute__((packed))
                                     ^
../TASK/src/fire_task.cpp(1): warning: In file included from...
../APP/Inc\Chassis.hpp(5): warning: In file included from...
../ACE-ECF/Control/Inc\RC.hpp(274): warning: 'packed' attribute ignored [-Wignored-attributes]
typedef __packed struct
        ^
../Drivers/STM32F4xx_HAL_Driver/Inc/stm32f4xx_hal_def.h(114): note: expanded from macro '__packed'
    #define __packed  __attribute__((packed))
                                     ^
../TASK/src/fire_task.cpp(1): warning: In file included from...
../APP/Inc\Chassis.hpp(5): warning: In file included from...
../ACE-ECF/Control/Inc\RC.hpp(291): warning: 'packed' attribute ignored [-Wignored-attributes]
typedef __packed struct
        ^
../Drivers/STM32F4xx_HAL_Driver/Inc/stm32f4xx_hal_def.h(114): note: expanded from macro '__packed'
    #define __packed  __attribute__((packed))
                                     ^
../TASK/src/fire_task.cpp(1): warning: In file included from...
../APP/Inc\Chassis.hpp(5): warning: In file included from...
../ACE-ECF/Control/Inc\RC.hpp(304): warning: 'packed' attribute ignored [-Wignored-attributes]
typedef __packed struct
        ^
../Drivers/STM32F4xx_HAL_Driver/Inc/stm32f4xx_hal_def.h(114): note: expanded from macro '__packed'
    #define __packed  __attribute__((packed))
                                     ^
../TASK/src/fire_task.cpp(1): warning: In file included from...
../APP/Inc\Chassis.hpp(5): warning: In file included from...
../ACE-ECF/Control/Inc\RC.hpp(313): warning: 'packed' attribute ignored [-Wignored-attributes]
typedef __packed struct
        ^
../Drivers/STM32F4xx_HAL_Driver/Inc/stm32f4xx_hal_def.h(114): note: expanded from macro '__packed'
    #define __packed  __attribute__((packed))
                                     ^
../TASK/src/fire_task.cpp(1): warning: In file included from...
../APP/Inc\Chassis.hpp(5): warning: In file included from...
../ACE-ECF/Control/Inc\RC.hpp(320): warning: 'packed' attribute ignored [-Wignored-attributes]
typedef __packed struct
        ^
../Drivers/STM32F4xx_HAL_Driver/Inc/stm32f4xx_hal_def.h(114): note: expanded from macro '__packed'
    #define __packed  __attribute__((packed))
                                     ^
../TASK/src/fire_task.cpp(1): warning: In file included from...
../APP/Inc\Chassis.hpp(5): warning: In file included from...
../ACE-ECF/Control/Inc\RC.hpp(327): warning: 'packed' attribute ignored [-Wignored-attributes]
typedef __packed struct
        ^
../Drivers/STM32F4xx_HAL_Driver/Inc/stm32f4xx_hal_def.h(114): note: expanded from macro '__packed'
    #define __packed  __attribute__((packed))
                                     ^
../TASK/src/fire_task.cpp(1): warning: In file included from...
../APP/Inc\Chassis.hpp(5): warning: In file included from...
../ACE-ECF/Control/Inc\RC.hpp(335): warning: 'packed' attribute ignored [-Wignored-attributes]
typedef __packed struct
        ^
../Drivers/STM32F4xx_HAL_Driver/Inc/stm32f4xx_hal_def.h(114): note: expanded from macro '__packed'
    #define __packed  __attribute__((packed))
                                     ^
../TASK/src/fire_task.cpp(1): warning: In file included from...
../APP/Inc\Chassis.hpp(5): warning: In file included from...
../ACE-ECF/Control/Inc\RC.hpp(345): warning: 'packed' attribute ignored [-Wignored-attributes]
typedef __packed struct
        ^
../Drivers/STM32F4xx_HAL_Driver/Inc/stm32f4xx_hal_def.h(114): note: expanded from macro '__packed'
    #define __packed  __attribute__((packed))
                                     ^
../TASK/src/fire_task.cpp(1): warning: In file included from...
../APP/Inc\Chassis.hpp(5): warning: In file included from...
../ACE-ECF/Control/Inc\RC.hpp(354): warning: 'packed' attribute ignored [-Wignored-attributes]
typedef __packed struct
        ^
../Drivers/STM32F4xx_HAL_Driver/Inc/stm32f4xx_hal_def.h(114): note: expanded from macro '__packed'
    #define __packed  __attribute__((packed))
                                     ^
../TASK/src/fire_task.cpp(1): warning: In file included from...
../APP/Inc\Chassis.hpp(5): warning: In file included from...
../ACE-ECF/Control/Inc\RC.hpp(381): warning: 'packed' attribute ignored [-Wignored-attributes]
typedef __packed struct
        ^
../Drivers/STM32F4xx_HAL_Driver/Inc/stm32f4xx_hal_def.h(114): note: expanded from macro '__packed'
    #define __packed  __attribute__((packed))
                                     ^
../TASK/src/fire_task.cpp(1): warning: In file included from...
../APP/Inc\Chassis.hpp(5): warning: In file included from...
../ACE-ECF/Control/Inc\RC.hpp(391): warning: 'packed' attribute ignored [-Wignored-attributes]
typedef __packed struct
        ^
../Drivers/STM32F4xx_HAL_Driver/Inc/stm32f4xx_hal_def.h(114): note: expanded from macro '__packed'
    #define __packed  __attribute__((packed))
                                     ^
../TASK/src/fire_task.cpp(1): warning: In file included from...
../APP/Inc\Chassis.hpp(5): warning: In file included from...
../ACE-ECF/Control/Inc\RC.hpp(407): warning: 'packed' attribute ignored [-Wignored-attributes]
typedef __packed struct
        ^
../Drivers/STM32F4xx_HAL_Driver/Inc/stm32f4xx_hal_def.h(114): note: expanded from macro '__packed'
    #define __packed  __attribute__((packed))
                                     ^
../TASK/src/fire_task.cpp(1): warning: In file included from...
../APP/Inc\Chassis.hpp(5): warning: In file included from...
../ACE-ECF/Control/Inc\RC.hpp(419): warning: 'packed' attribute ignored [-Wignored-attributes]
typedef __packed struct
        ^
../Drivers/STM32F4xx_HAL_Driver/Inc/stm32f4xx_hal_def.h(114): note: expanded from macro '__packed'
    #define __packed  __attribute__((packed))
                                     ^
../TASK/src/fire_task.cpp(1): warning: In file included from...
../APP/Inc\Chassis.hpp(5): warning: In file included from...
../ACE-ECF/Control/Inc\RC.hpp(429): warning: 'packed' attribute ignored [-Wignored-attributes]
typedef __packed struct
        ^
../Drivers/STM32F4xx_HAL_Driver/Inc/stm32f4xx_hal_def.h(114): note: expanded from macro '__packed'
    #define __packed  __attribute__((packed))
                                     ^
../TASK/src/fire_task.cpp(1): warning: In file included from...
../APP/Inc\Chassis.hpp(5): warning: In file included from...
../ACE-ECF/Control/Inc\RC.hpp(438): warning: 'packed' attribute ignored [-Wignored-attributes]
typedef __packed struct
        ^
../Drivers/STM32F4xx_HAL_Driver/Inc/stm32f4xx_hal_def.h(114): note: expanded from macro '__packed'
    #define __packed  __attribute__((packed))
                                     ^
../TASK/src/fire_task.cpp(1): warning: In file included from...
../APP/Inc\Chassis.hpp(5): warning: In file included from...
../ACE-ECF/Control/Inc\RC.hpp(445): warning: 'packed' attribute ignored [-Wignored-attributes]
typedef __packed struct
        ^
../Drivers/STM32F4xx_HAL_Driver/Inc/stm32f4xx_hal_def.h(114): note: expanded from macro '__packed'
    #define __packed  __attribute__((packed))
                                     ^
../TASK/src/fire_task.cpp(1): warning: In file included from...
../APP/Inc\Chassis.hpp(5): warning: In file included from...
../ACE-ECF/Control/Inc\RC.hpp(484): warning: 'packed' attribute ignored [-Wignored-attributes]
typedef __packed struct
        ^
../Drivers/STM32F4xx_HAL_Driver/Inc/stm32f4xx_hal_def.h(114): note: expanded from macro '__packed'
    #define __packed  __attribute__((packed))
                                     ^
../TASK/src/fire_task.cpp(1): warning: In file included from...
../APP/Inc\Chassis.hpp(5): warning: In file included from...
../ACE-ECF/Control/Inc\RC.hpp(493): warning: 'packed' attribute ignored [-Wignored-attributes]
typedef __packed struct
        ^
../Drivers/STM32F4xx_HAL_Driver/Inc/stm32f4xx_hal_def.h(114): note: expanded from macro '__packed'
    #define __packed  __attribute__((packed))
                                     ^
../TASK/src/fire_task.cpp(1): warning: In file included from...
../APP/Inc\Chassis.hpp(5): warning: In file included from...
../ACE-ECF/Control/Inc\RC.hpp(505): warning: 'packed' attribute ignored [-Wignored-attributes]
typedef __packed struct
        ^
../Drivers/STM32F4xx_HAL_Driver/Inc/stm32f4xx_hal_def.h(114): note: expanded from macro '__packed'
    #define __packed  __attribute__((packed))
                                     ^
../TASK/src/fire_task.cpp(1): warning: In file included from...
../APP/Inc\Chassis.hpp(5): warning: In file included from...
../ACE-ECF/Control/Inc\RC.hpp(512): warning: 'packed' attribute ignored [-Wignored-attributes]
typedef __packed struct
        ^
../Drivers/STM32F4xx_HAL_Driver/Inc/stm32f4xx_hal_def.h(114): note: expanded from macro '__packed'
    #define __packed  __attribute__((packed))
                                     ^
../TASK/src/fire_task.cpp(1): warning: In file included from...
../APP/Inc\Chassis.hpp(5): warning: In file included from...
../ACE-ECF/Control/Inc\RC.hpp(525): warning: 'packed' attribute ignored [-Wignored-attributes]
typedef __packed struct
        ^
../Drivers/STM32F4xx_HAL_Driver/Inc/stm32f4xx_hal_def.h(114): note: expanded from macro '__packed'
    #define __packed  __attribute__((packed))
                                     ^
../TASK/src/fire_task.cpp(24): warning: anonymous non-C-compatible type given name for linkage purposes by typedef declaration; add a tag name here [-Wnon-c-typedef-for-linkage]
typedef struct
              ^
               Gimbal_Fire_Info_t
../TASK/src/fire_task.cpp(26): note: type is not C-compatible due to this default member initializer
    bool Fire_Ready = false;
                      ^~~~~
../TASK/src/fire_task.cpp(28): note: type is given name 'Gimbal_Fire_Info_t' for linkage purposes by this typedef declaration
}Gimbal_Fire_Info_t;
 ^
29 warnings generated.
compiling fire_task.cpp...
../APP/Src/Chassis.cpp(1): warning: In file included from...
../APP/Inc\Chassis.hpp(5): warning: In file included from...
../ACE-ECF/Control/Inc\RC.hpp(178): warning: 'packed' attribute ignored [-Wignored-attributes]
typedef __packed struct
        ^
../Drivers/STM32F4xx_HAL_Driver/Inc/stm32f4xx_hal_def.h(114): note: expanded from macro '__packed'
    #define __packed  __attribute__((packed))
                                     ^
../APP/Src/Chassis.cpp(1): warning: In file included from...
../APP/Inc\Chassis.hpp(5): warning: In file included from...
../ACE-ECF/Control/Inc\RC.hpp(188): warning: 'packed' attribute ignored [-Wignored-attributes]
typedef __packed struct
        ^
../Drivers/STM32F4xx_HAL_Driver/Inc/stm32f4xx_hal_def.h(114): note: expanded from macro '__packed'
    #define __packed  __attribute__((packed))
                                     ^
../APP/Src/Chassis.cpp(1): warning: In file included from...
../APP/Inc\Chassis.hpp(5): warning: In file included from...
../ACE-ECF/Control/Inc\RC.hpp(195): warning: 'packed' attribute ignored [-Wignored-attributes]
typedef __packed struct
        ^
../Drivers/STM32F4xx_HAL_Driver/Inc/stm32f4xx_hal_def.h(114): note: expanded from macro '__packed'
    #define __packed  __attribute__((packed))
                                     ^
../APP/Src/Chassis.cpp(1): warning: In file included from...
../APP/Inc\Chassis.hpp(5): warning: In file included from...
../ACE-ECF/Control/Inc\RC.hpp(217): warning: 'packed' attribute ignored [-Wignored-attributes]
typedef __packed struct
        ^
../Drivers/STM32F4xx_HAL_Driver/Inc/stm32f4xx_hal_def.h(114): note: expanded from macro '__packed'
    #define __packed  __attribute__((packed))
                                     ^
../APP/Src/Chassis.cpp(1): warning: In file included from...
../APP/Inc\Chassis.hpp(5): warning: In file included from...
../ACE-ECF/Control/Inc\RC.hpp(244): warning: 'packed' attribute ignored [-Wignored-attributes]
typedef __packed struct
        ^
../Drivers/STM32F4xx_HAL_Driver/Inc/stm32f4xx_hal_def.h(114): note: expanded from macro '__packed'
    #define __packed  __attribute__((packed))
                                     ^
../APP/Src/Chassis.cpp(1): warning: In file included from...
../APP/Inc\Chassis.hpp(5): warning: In file included from...
../ACE-ECF/Control/Inc\RC.hpp(254): warning: 'packed' attribute ignored [-Wignored-attributes]
typedef __packed struct
        ^
../Drivers/STM32F4xx_HAL_Driver/Inc/stm32f4xx_hal_def.h(114): note: expanded from macro '__packed'
    #define __packed  __attribute__((packed))
                                     ^
../APP/Src/Chassis.cpp(1): warning: In file included from...
../APP/Inc\Chassis.hpp(5): warning: In file included from...
../ACE-ECF/Control/Inc\RC.hpp(263): warning: 'packed' attribute ignored [-Wignored-attributes]
typedef __packed struct
        ^
../Drivers/STM32F4xx_HAL_Driver/Inc/stm32f4xx_hal_def.h(114): note: expanded from macro '__packed'
    #define __packed  __attribute__((packed))
                                     ^
../APP/Src/Chassis.cpp(1): warning: In file included from...
../APP/Inc\Chassis.hpp(5): warning: In file included from...
../ACE-ECF/Control/Inc\RC.hpp(274): warning: 'packed' attribute ignored [-Wignored-attributes]
typedef __packed struct
        ^
../Drivers/STM32F4xx_HAL_Driver/Inc/stm32f4xx_hal_def.h(114): note: expanded from macro '__packed'
    #define __packed  __attribute__((packed))
                                     ^
../APP/Src/Chassis.cpp(1): warning: In file included from...
../APP/Inc\Chassis.hpp(5): warning: In file included from...
../ACE-ECF/Control/Inc\RC.hpp(291): warning: 'packed' attribute ignored [-Wignored-attributes]
typedef __packed struct
        ^
../Drivers/STM32F4xx_HAL_Driver/Inc/stm32f4xx_hal_def.h(114): note: expanded from macro '__packed'
    #define __packed  __attribute__((packed))
                                     ^
../APP/Src/Chassis.cpp(1): warning: In file included from...
../APP/Inc\Chassis.hpp(5): warning: In file included from...
../ACE-ECF/Control/Inc\RC.hpp(304): warning: 'packed' attribute ignored [-Wignored-attributes]
typedef __packed struct
        ^
../Drivers/STM32F4xx_HAL_Driver/Inc/stm32f4xx_hal_def.h(114): note: expanded from macro '__packed'
    #define __packed  __attribute__((packed))
                                     ^
../APP/Src/Chassis.cpp(1): warning: In file included from...
../APP/Inc\Chassis.hpp(5): warning: In file included from...
../ACE-ECF/Control/Inc\RC.hpp(313): warning: 'packed' attribute ignored [-Wignored-attributes]
typedef __packed struct
        ^
../Drivers/STM32F4xx_HAL_Driver/Inc/stm32f4xx_hal_def.h(114): note: expanded from macro '__packed'
    #define __packed  __attribute__((packed))
                                     ^
../APP/Src/Chassis.cpp(1): warning: In file included from...
../APP/Inc\Chassis.hpp(5): warning: In file included from...
../ACE-ECF/Control/Inc\RC.hpp(320): warning: 'packed' attribute ignored [-Wignored-attributes]
typedef __packed struct
        ^
../Drivers/STM32F4xx_HAL_Driver/Inc/stm32f4xx_hal_def.h(114): note: expanded from macro '__packed'
    #define __packed  __attribute__((packed))
                                     ^
../APP/Src/Chassis.cpp(1): warning: In file included from...
../APP/Inc\Chassis.hpp(5): warning: In file included from...
../ACE-ECF/Control/Inc\RC.hpp(327): warning: 'packed' attribute ignored [-Wignored-attributes]
typedef __packed struct
        ^
../Drivers/STM32F4xx_HAL_Driver/Inc/stm32f4xx_hal_def.h(114): note: expanded from macro '__packed'
    #define __packed  __attribute__((packed))
                                     ^
../APP/Src/Chassis.cpp(1): warning: In file included from...
../APP/Inc\Chassis.hpp(5): warning: In file included from...
../ACE-ECF/Control/Inc\RC.hpp(335): warning: 'packed' attribute ignored [-Wignored-attributes]
typedef __packed struct
        ^
../Drivers/STM32F4xx_HAL_Driver/Inc/stm32f4xx_hal_def.h(114): note: expanded from macro '__packed'
    #define __packed  __attribute__((packed))
                                     ^
../APP/Src/Chassis.cpp(1): warning: In file included from...
../APP/Inc\Chassis.hpp(5): warning: In file included from...
../ACE-ECF/Control/Inc\RC.hpp(345): warning: 'packed' attribute ignored [-Wignored-attributes]
typedef __packed struct
        ^
../Drivers/STM32F4xx_HAL_Driver/Inc/stm32f4xx_hal_def.h(114): note: expanded from macro '__packed'
    #define __packed  __attribute__((packed))
                                     ^
../APP/Src/Chassis.cpp(1): warning: In file included from...
../APP/Inc\Chassis.hpp(5): warning: In file included from...
../ACE-ECF/Control/Inc\RC.hpp(354): warning: 'packed' attribute ignored [-Wignored-attributes]
typedef __packed struct
        ^
../Drivers/STM32F4xx_HAL_Driver/Inc/stm32f4xx_hal_def.h(114): note: expanded from macro '__packed'
    #define __packed  __attribute__((packed))
                                     ^
../APP/Src/Chassis.cpp(1): warning: In file included from...
../APP/Inc\Chassis.hpp(5): warning: In file included from...
../ACE-ECF/Control/Inc\RC.hpp(381): warning: 'packed' attribute ignored [-Wignored-attributes]
typedef __packed struct
        ^
../Drivers/STM32F4xx_HAL_Driver/Inc/stm32f4xx_hal_def.h(114): note: expanded from macro '__packed'
    #define __packed  __attribute__((packed))
                                     ^
../APP/Src/Chassis.cpp(1): warning: In file included from...
../APP/Inc\Chassis.hpp(5): warning: In file included from...
../ACE-ECF/Control/Inc\RC.hpp(391): warning: 'packed' attribute ignored [-Wignored-attributes]
typedef __packed struct
        ^
../Drivers/STM32F4xx_HAL_Driver/Inc/stm32f4xx_hal_def.h(114): note: expanded from macro '__packed'
    #define __packed  __attribute__((packed))
                                     ^
../APP/Src/Chassis.cpp(1): warning: In file included from...
../APP/Inc\Chassis.hpp(5): warning: In file included from...
../ACE-ECF/Control/Inc\RC.hpp(407): warning: 'packed' attribute ignored [-Wignored-attributes]
typedef __packed struct
        ^
../Drivers/STM32F4xx_HAL_Driver/Inc/stm32f4xx_hal_def.h(114): note: expanded from macro '__packed'
    #define __packed  __attribute__((packed))
                                     ^
../APP/Src/Chassis.cpp(1): warning: In file included from...
../APP/Inc\Chassis.hpp(5): warning: In file included from...
../ACE-ECF/Control/Inc\RC.hpp(419): warning: 'packed' attribute ignored [-Wignored-attributes]
typedef __packed struct
        ^
../Drivers/STM32F4xx_HAL_Driver/Inc/stm32f4xx_hal_def.h(114): note: expanded from macro '__packed'
    #define __packed  __attribute__((packed))
                                     ^
../APP/Src/Chassis.cpp(1): warning: In file included from...
../APP/Inc\Chassis.hpp(5): warning: In file included from...
../ACE-ECF/Control/Inc\RC.hpp(429): warning: 'packed' attribute ignored [-Wignored-attributes]
typedef __packed struct
        ^
../Drivers/STM32F4xx_HAL_Driver/Inc/stm32f4xx_hal_def.h(114): note: expanded from macro '__packed'
    #define __packed  __attribute__((packed))
                                     ^
../APP/Src/Chassis.cpp(1): warning: In file included from...
../APP/Inc\Chassis.hpp(5): warning: In file included from...
../ACE-ECF/Control/Inc\RC.hpp(438): warning: 'packed' attribute ignored [-Wignored-attributes]
typedef __packed struct
        ^
../Drivers/STM32F4xx_HAL_Driver/Inc/stm32f4xx_hal_def.h(114): note: expanded from macro '__packed'
    #define __packed  __attribute__((packed))
                                     ^
../APP/Src/Chassis.cpp(1): warning: In file included from...
../APP/Inc\Chassis.hpp(5): warning: In file included from...
../ACE-ECF/Control/Inc\RC.hpp(445): warning: 'packed' attribute ignored [-Wignored-attributes]
typedef __packed struct
        ^
../Drivers/STM32F4xx_HAL_Driver/Inc/stm32f4xx_hal_def.h(114): note: expanded from macro '__packed'
    #define __packed  __attribute__((packed))
                                     ^
../APP/Src/Chassis.cpp(1): warning: In file included from...
../APP/Inc\Chassis.hpp(5): warning: In file included from...
../ACE-ECF/Control/Inc\RC.hpp(484): warning: 'packed' attribute ignored [-Wignored-attributes]
typedef __packed struct
        ^
../Drivers/STM32F4xx_HAL_Driver/Inc/stm32f4xx_hal_def.h(114): note: expanded from macro '__packed'
    #define __packed  __attribute__((packed))
                                     ^
../APP/Src/Chassis.cpp(1): warning: In file included from...
../APP/Inc\Chassis.hpp(5): warning: In file included from...
../ACE-ECF/Control/Inc\RC.hpp(493): warning: 'packed' attribute ignored [-Wignored-attributes]
typedef __packed struct
        ^
../Drivers/STM32F4xx_HAL_Driver/Inc/stm32f4xx_hal_def.h(114): note: expanded from macro '__packed'
    #define __packed  __attribute__((packed))
                                     ^
../APP/Src/Chassis.cpp(1): warning: In file included from...
../APP/Inc\Chassis.hpp(5): warning: In file included from...
../ACE-ECF/Control/Inc\RC.hpp(505): warning: 'packed' attribute ignored [-Wignored-attributes]
typedef __packed struct
        ^
../Drivers/STM32F4xx_HAL_Driver/Inc/stm32f4xx_hal_def.h(114): note: expanded from macro '__packed'
    #define __packed  __attribute__((packed))
                                     ^
../APP/Src/Chassis.cpp(1): warning: In file included from...
../APP/Inc\Chassis.hpp(5): warning: In file included from...
../ACE-ECF/Control/Inc\RC.hpp(512): warning: 'packed' attribute ignored [-Wignored-attributes]
typedef __packed struct
        ^
../Drivers/STM32F4xx_HAL_Driver/Inc/stm32f4xx_hal_def.h(114): note: expanded from macro '__packed'
    #define __packed  __attribute__((packed))
                                     ^
../APP/Src/Chassis.cpp(1): warning: In file included from...
../APP/Inc\Chassis.hpp(5): warning: In file included from...
../ACE-ECF/Control/Inc\RC.hpp(525): warning: 'packed' attribute ignored [-Wignored-attributes]
typedef __packed struct
        ^
../Drivers/STM32F4xx_HAL_Driver/Inc/stm32f4xx_hal_def.h(114): note: expanded from macro '__packed'
    #define __packed  __attribute__((packed))
                                     ^
28 warnings generated.
compiling Chassis.cpp...
linking...
Program Size: Code=41516 RO-data=4936 RW-data=20 ZI-data=35772  
FromELF: creating hex file...
"CHASSIS\CHASSIS.axf" - 0 Error(s), 85 Warning(s).

<h2>Software Packages used:</h2>

Package Vendor: ARM
                http://www.keil.com/pack/ARM.CMSIS.5.9.0.pack
                ARM.CMSIS.5.9.0
                CMSIS (Common Microcontroller Software Interface Standard)
   * Component: CORE Version: 5.6.0

Package Vendor: Keil
                https://www.keil.com/pack/Keil.STM32F4xx_DFP.2.17.1.pack
                Keil.STM32F4xx_DFP.2.17.1
                STMicroelectronics STM32F4 Series Device Support, Drivers and Examples

<h2>Collection of Component include folders:</h2>
  .\RTE\_CHASSIS
  C:\Users\Z\Desktop\ARM\CMSIS\5.9.0\CMSIS\Core\Include
  C:\Users\Z\Desktop\Keil\STM32F4xx_DFP\2.17.1\Drivers\CMSIS\Device\ST\STM32F4xx\Include

<h2>Collection of Component Files used:</h2>

   * Component: ARM::CMSIS:CORE:5.6.0
      Include file:  CMSIS\Core\Include\tz_context.h
Build Time Elapsed:  00:00:07
</pre>
</body>
</html>
